 default storm development {"time":210,"cloudCover":0.130859375,"cloud":0.04601310749854252,"peakCloud":2.5628552436828613,"maxUpdraft":5.8929901123046875,"rain":0.010675796686001437}
 default storm development {"time":420,"cloudCover":0.158203125,"cloud":0.07857350087937191,"peakCloud":4.025368690490723,"maxUpdraft":12.975417137145996,"rain":0.02721163338944943}
 default storm development {"time":630,"cloudCover":0.212890625,"cloud":0.1572822667613384,"peakCloud":6.356215953826904,"maxUpdraft":20.981430053710938,"rain":0.06759183223412497}
 default storm development {"time":1080,"cloudCover":1,"cloud":0.31797980010643806,"peakCloud":6.477128028869629,"maxUpdraft":20.033952713012695,"rain":0.1956131588693684}
node:internal/assert/utils:77
    throw err;
    ^

AssertionError [ERR_ASSERTION]: developed localized cloud cover at 1080 seconds
    at /home/pyro/projects/naked/astra/bench/18-weather-storm-lab/evidence/model-tests.cjs:96:12
    at test (/home/pyro/projects/naked/astra/bench/18-weather-storm-lab/evidence/model-tests.cjs:9:146)
    at Object.<anonymous> (/home/pyro/projects/naked/astra/bench/18-weather-storm-lab/evidence/model-tests.cjs:90:1)
    at Module._compile (node:internal/modules/cjs/loader:1829:14)
    at Object..js (node:internal/modules/cjs/loader:1969:10)
    at Module.load (node:internal/modules/cjs/loader:1552:32)
    at Module._load (node:internal/modules/cjs/loader:1354:12)
    at wrapModuleLoad (node:internal/modules/cjs/loader:255:19)
    at Module.executeUserEntryPoint [as runMain] (node:internal/modules/run_main:154:5)
    at node:internal/main/run_main_module:33:47 {
  generatedMessage: false,
  code: 'ERR_ASSERTION',
  actual: false,
  expected: true,
  operator: '==',
  diff: 'simple'
}

Node.js v25.8.1
