 default storm development {"time":210,"cloudCover":0.134765625,"cloud":0.04786051154439649,"peakCloud":2.5768585205078125,"maxUpdraft":5.959100723266602,"rain":0.010812834072127457}
 default storm development {"time":420,"cloudCover":0.17578125,"cloud":0.08785295043537422,"peakCloud":4.245101451873779,"maxUpdraft":13.842568397521973,"rain":0.028779414167534458}
 default storm development {"time":630,"cloudCover":0.2529296875,"cloud":0.18508679361521405,"peakCloud":6.746693134307861,"maxUpdraft":22.421627044677734,"rain":0.07561827848981818}
 default storm development {"time":1080,"cloudCover":1,"cloud":0.4748737407187457,"peakCloud":7.033487796783447,"maxUpdraft":22.568918228149414,"rain":0.23905985182672107}
node:internal/assert/utils:77
    throw err;
    ^

AssertionError [ERR_ASSERTION]: developed localized cloud cover at 1080 seconds
    at /home/pyro/projects/naked/astra/bench/18-weather-storm-lab/evidence/model-tests.cjs:96:12
    at test (/home/pyro/projects/naked/astra/bench/18-weather-storm-lab/evidence/model-tests.cjs:9:146)
    at Object.<anonymous> (/home/pyro/projects/naked/astra/bench/18-weather-storm-lab/evidence/model-tests.cjs:90:1)
    at Module._compile (node:internal/modules/cjs/loader:1829:14)
    at Object..js (node:internal/modules/cjs/loader:1969:10)
    at Module.load (node:internal/modules/cjs/loader:1552:32)
    at Module._load (node:internal/modules/cjs/loader:1354:12)
    at wrapModuleLoad (node:internal/modules/cjs/loader:255:19)
    at Module.executeUserEntryPoint [as runMain] (node:internal/modules/run_main:154:5)
    at node:internal/main/run_main_module:33:47 {
  generatedMessage: false,
  code: 'ERR_ASSERTION',
  actual: false,
  expected: true,
  operator: '==',
  diff: 'simple'
}

Node.js v25.8.1
