PASS same seed reproduces initial and evolved fields; different seed changes terrain (262.8 ms)
PASS default isolated developed clouds and all principal fields evolve (127.7 ms)
PASS paused brushing is local and time independent; delayed moisture and heat cause cloud response (322.7 ms)
PASS wind, rotation and terrain coupling controls change flow (349.5 ms)
PASS precipitation falls, ground accumulation is monotonic, and zero precipitation disables new rain (425.8 ms)
PASS sedimentation uses the donor fall speed across the freezing level (12.0 ms)
 elevated-terrain rainfall {"precipitationMm":0.018899997355789136,"soilMoisture":0.5001890063285828,"dryMoisture":0.5}
PASS surface rainfall replenishes the local soil reservoir on elevated terrain (13.4 ms)
 stress statistics {"temperature":23.192432615906,"humidity":101.956646121707,"cloud":5.110531441337015,"cloudCover":1,"rain":9.64562813948012,"precipTotal":55.21126833872705,"maxUpdraft":65,"wind":20.19830387524949,"pressure":-55.48950359721979,"vorticity":0.0011165040079504252,"cfl":0.8,"substeps":3,"charge":1,"finite":true}
PASS exact dt, adaptive subdivisions and long stress stay finite (1003.0 ms)
 long-run supercell statistics {"temperature":7.747378381266673,"humidity":83.4063446470454,"cloud":0.03829033347238288,"cloudCover":0.10069444444444445,"rain":0.009448505716761363,"precipTotal":0.039271481017826564,"maxUpdraft":12.909993171691895,"wind":11.791907089765134,"pressure":-0.49969370818524617,"vorticity":0.0019159869253635405,"cfl":0.5533897309584915,"substeps":2,"charge":1,"finite":true}
PASS supercell remains cloudy after more than 1000 seconds (277.0 ms)
PASS all presets are deterministic, distinct, and snow starts below freezing (66.8 ms)
PASS state round trip preserves next-step fields and diagnostic metadata exactly (45.9 ms)
PASS invalid imports reject missing fields, nonfinite values, bad types/ranges and unsupported grids (25.7 ms)
PASS constructor and import reject non-string preset identifiers without coercion (7.8 ms)
PASS resize preserves time, parameters and approximate field means, and samples/columns agree (48.5 ms)
PASS every brush is usable and terrain/surface edits are bounded (2.9 ms)
 default 32×32×12: 6.81 ms/step
PASS default step runtime is measured (90.1 ms)
16 model checks passed
