PLAN-01 FAIL ✗ Element not found. Verify the selector is correct and the element exists in the DOM.

Traceback (most recent call last):
  File "/home/pyro/projects/naked/sol61/23-project-planning-studio/evidence/browser-checks.py", line 95, in <module>
    for name,fn in [('PLAN-01',plan01),('PLAN-02',plan02),('PLAN-03',plan03),('PLAN-04',plan04)]:check(name,fn)
                                                                                                 ^^^^^^^^^^^^^^
  File "/home/pyro/projects/naked/sol61/23-project-planning-studio/evidence/browser-checks.py", line 38, in check
    fn();reports[name]={'status':'pass'};print(name+' PASS',flush=True)
    ^^^^
  File "/home/pyro/projects/naked/sol61/23-project-planning-studio/evidence/browser-checks.py", line 47, in plan01
    reset();s=interval_expect(SEED,6);assert s['completion']==8
    ^^^^^^^
  File "/home/pyro/projects/naked/sol61/23-project-planning-studio/evidence/browser-checks.py", line 26, in reset
    def reset():button('Reset')
                ^^^^^^^^^^^^^^^
  File "/home/pyro/projects/naked/sol61/23-project-planning-studio/evidence/browser-checks.py", line 21, in button
    def button(name):run('find','role','button','click','--name',name,'--exact')
                     ^^^^^^^^^^^^^^^^^^^^^^^^^^^^^^^^^^^^^^^^^^^^^^^^^^^^^^^^^^^
  File "/home/pyro/projects/naked/sol61/23-project-planning-studio/evidence/browser-checks.py", line 12, in run
    if p.returncode and not allow_error:raise RuntimeError(p.stdout+p.stderr)
                                        ^^^^^^^^^^^^^^^^^^^^^^^^^^^^^^^^^^^^^
RuntimeError: ✗ Element not found. Verify the selector is correct and the element exists in the DOM.

