PLAN-01 PASS
PLAN-02 FAIL ✗ Element '[data-agent-browser-located='true']' is covered by <dialog#dialog> at its click point, so the input would land on that element instead. Dismiss or interact with the covering element first (it is often a dialog, banner, or sticky header).

Traceback (most recent call last):
  File "/home/pyro/projects/naked/sol61/23-project-planning-studio/evidence/browser-checks.py", line 95, in <module>
    for name,fn in [('PLAN-01',plan01),('PLAN-02',plan02),('PLAN-03',plan03),('PLAN-04',plan04)]:check(name,fn)
                                                                                                 ^^^^^^^^^^^^^^
  File "/home/pyro/projects/naked/sol61/23-project-planning-studio/evidence/browser-checks.py", line 38, in check
    fn();reports[name]={'status':'pass'};print(name+' PASS',flush=True)
    ^^^^
  File "/home/pyro/projects/naked/sol61/23-project-planning-studio/evidence/browser-checks.py", line 60, in plan02
    reset();s=state();assert {i:a['float'] for i,a in s['cpm']['tasks'].items()}=={'T1':0,'T2':0,'T3':1,'T4':0,'T5':0}
    ^^^^^^^
  File "/home/pyro/projects/naked/sol61/23-project-planning-studio/evidence/browser-checks.py", line 26, in reset
    def reset():button('Reset')
                ^^^^^^^^^^^^^^^
  File "/home/pyro/projects/naked/sol61/23-project-planning-studio/evidence/browser-checks.py", line 21, in button
    def button(name):run('find','role','button','click','--name',name,'--exact')
                     ^^^^^^^^^^^^^^^^^^^^^^^^^^^^^^^^^^^^^^^^^^^^^^^^^^^^^^^^^^^
  File "/home/pyro/projects/naked/sol61/23-project-planning-studio/evidence/browser-checks.py", line 12, in run
    if p.returncode and not allow_error:raise RuntimeError(p.stdout+p.stderr)
                                        ^^^^^^^^^^^^^^^^^^^^^^^^^^^^^^^^^^^^^
RuntimeError: ✗ Element '[data-agent-browser-located='true']' is covered by <dialog#dialog> at its click point, so the input would land on that element instead. Dismiss or interact with the covering element first (it is often a dialog, banner, or sticky header).

