PLAN-07-MOBILE-DIRECT-FILE FAIL ✗ Element not found. Verify the selector is correct and the element exists in the DOM.

Traceback (most recent call last):
  File "/home/pyro/projects/naked/sol61/23-project-planning-studio/evidence/browser-checks.py", line 166, in <module>
    if __name__=='__main__' and len(sys.argv)>1 and sys.argv[1]=='mobile':check('PLAN-07-MOBILE-DIRECT-FILE',plan07_mobile)
                                                                          ^^^^^^^^^^^^^^^^^^^^^^^^^^^^^^^^^^^^^^^^^^^^^^^^^
  File "/home/pyro/projects/naked/sol61/23-project-planning-studio/evidence/browser-checks.py", line 38, in check
    fn();reports[name]={'status':'pass'};print(name+' PASS',flush=True)
    ^^^^
  File "/home/pyro/projects/naked/sol61/23-project-planning-studio/evidence/browser-checks.py", line 145, in plan07_mobile
    run('set','viewport',390,844);reset();mobile_view('gantt');run('uncheck','#critical-toggle');shot('plan07-mobile-gantt')
                                  ^^^^^^^
  File "/home/pyro/projects/naked/sol61/23-project-planning-studio/evidence/browser-checks.py", line 26, in reset
    def reset():button('Reset')
                ^^^^^^^^^^^^^^^
  File "/home/pyro/projects/naked/sol61/23-project-planning-studio/evidence/browser-checks.py", line 21, in button
    def button(name):run('find','role','button','click','--name',name,'--exact')
                     ^^^^^^^^^^^^^^^^^^^^^^^^^^^^^^^^^^^^^^^^^^^^^^^^^^^^^^^^^^^
  File "/home/pyro/projects/naked/sol61/23-project-planning-studio/evidence/browser-checks.py", line 12, in run
    if p.returncode and not allow_error:raise RuntimeError(p.stdout+p.stderr)
                                        ^^^^^^^^^^^^^^^^^^^^^^^^^^^^^^^^^^^^^
RuntimeError: ✗ Element not found. Verify the selector is correct and the element exists in the DOM.

