$ agent-browser --session studio-verified frame main
✓ Done

$ agent-browser --session studio-verified set viewport 1280 800
✓ Done

$ agent-browser --session studio-verified open http://127.0.0.1:8765/index.html
✓ Spreadsheet & Chart Studio
  http://127.0.0.1:8765/index.html

$ agent-browser --session studio-verified find role button click --name Reset --exact
✓ Done

$ agent-browser --session studio-verified find role button click --name Import --exact
✓ Done

$ agent-browser --session studio-verified select '#import-format' json
✓ Done

$ agent-browser --session studio-verified find label 'File contents' fill '{"format": "spreadsheet-chart-studio", "version": 1, "name": "Typed text entry", "cells": [{"address": "A1", "type": "number", "raw": "5"}, {"address": "B1", "type": "formula", "raw": "=A1*2+1", "value": 99999}, {"address": "C1", "type": "text", "raw": "'"'"'=1+1"}, {"address": "D1", "type": "boolean", "raw": "FALSE"}, {"address": "E1", "type": "blank", "raw": ""}], "charts": []}'
✓ Done

$ agent-browser --session studio-verified find role button click --name 'Import workbook' --exact
✓ Done

$ agent-browser --session studio-verified eval -b T2JqZWN0LmZyb21FbnRyaWVzKFsiQTEiLCAiQjEiLCAiQzEiLCAiRDEiLCAiRTEiXS5tYXAoYT0+W2EsZG9jdW1lbnQucXVlcnlTZWxlY3RvcigiI2NlbGwtIithKyIgLmNlbGwtY29udGVudCIpLnRleHRDb250ZW50XSkp
{
  "A1": "5",
  "B1": "11",
  "C1": "=1+1",
  "D1": "FALSE",
  "E1": ""
}

$ agent-browser --session studio-verified find label 'Go to cell or range' fill B1
✓ Done

$ agent-browser --session studio-verified press Enter
✓ Done

$ agent-browser --session studio-verified get value '#formula-input'
=A1*2+1

$ agent-browser --session studio-verified find label 'Go to cell or range' fill C1
✓ Done

$ agent-browser --session studio-verified press Enter
✓ Done

$ agent-browser --session studio-verified get value '#formula-input'
'=1+1

$ agent-browser --session studio-verified get text '#chart-count'
0

$ agent-browser --session studio-verified screenshot /home/pyro/projects/naked/sol61/21-spreadsheet-chart-studio/evidence/screenshots/extra-compact-json-text.png
✓ Screenshot saved to /home/pyro/projects/naked/sol61/21-spreadsheet-chart-studio/evidence/screenshots/extra-compact-json-text.png

$ agent-browser --session studio-verified find role button click --name Undo --exact
✓ Done

$ agent-browser --session studio-verified eval -b T2JqZWN0LmZyb21FbnRyaWVzKFsiQzEiLCAiRDEiXS5tYXAoYT0+W2EsZG9jdW1lbnQucXVlcnlTZWxlY3RvcigiI2NlbGwtIithKyIgLmNlbGwtY29udGVudCIpLnRleHRDb250ZW50XSkp
{
  "C1": "6",
  "D1": "26"
}

$ agent-browser --session studio-verified get text '#chart-count'
1

$ agent-browser --session studio-verified find role button click --name Reset --exact
✓ Done

$ agent-browser --session studio-verified find role button click --name Chart --exact
✓ Done

$ agent-browser --session studio-verified snapshot -i --json > /home/pyro/projects/naked/sol61/21-spreadsheet-chart-studio/evidence/logs/workflow-snapshot-2148387-1.json
$ agent-browser --session studio-verified fill @e3 'Extra line'
✓ Done

$ agent-browser --session studio-verified snapshot -i --json > /home/pyro/projects/naked/sol61/21-spreadsheet-chart-studio/evidence/logs/workflow-snapshot-2148387-2.json
$ agent-browser --session studio-verified fill @e4 A1
✓ Done

$ agent-browser --session studio-verified find role button click --name 'Create chart' --exact
✓ Done

$ agent-browser --session studio-verified eval -b ZG9jdW1lbnQuZ2V0RWxlbWVudEJ5SWQoIm5ldy1jaGFydC1lcnJvciIpLmhpZGRlbg==
false

$ agent-browser --session studio-verified is enabled '#undo'
false

$ agent-browser --session studio-verified snapshot -i --json > /home/pyro/projects/naked/sol61/21-spreadsheet-chart-studio/evidence/logs/workflow-snapshot-2148387-3.json
$ agent-browser --session studio-verified fill @e4 H1:J4
✓ Done

$ agent-browser --session studio-verified select '#new-chart-type' line
✓ Done

$ agent-browser --session studio-verified find role button click --name 'Create chart' --exact
✓ Done

$ agent-browser --session studio-verified get text '#chart-count'
2

$ agent-browser --session studio-verified eval -b T2JqZWN0LmZyb21FbnRyaWVzKEFycmF5LmZyb20oZG9jdW1lbnQucXVlcnlTZWxlY3RvckFsbCgiI2NoYXJ0LXN0YWdlIFtkYXRhLWFkZHJlc3NdIikpLm1hcChuPT5bbi5kYXRhc2V0LmFkZHJlc3MsTnVtYmVyKG4uZ2V0QXR0cmlidXRlKCJhcmlhLWxhYmVsIikubWF0Y2goLzogKC4rPykgwrcgLylbMV0pXSkp
{
  "I2": 6,
  "I3": 20,
  "I4": 26,
  "J2": 8,
  "J3": 18,
  "J4": 26
}

$ agent-browser --session studio-verified find role button click --name 'Chart settings' --exact
✓ Done

$ agent-browser --session studio-verified snapshot -i --json > /home/pyro/projects/naked/sol61/21-spreadsheet-chart-studio/evidence/logs/workflow-snapshot-2148387-4.json
$ agent-browser --session studio-verified fill @e35 'Extra saved'
✓ Done

$ agent-browser --session studio-verified snapshot -i --json > /home/pyro/projects/naked/sol61/21-spreadsheet-chart-studio/evidence/logs/workflow-snapshot-2148387-5.json
$ agent-browser --session studio-verified fill @e37 H1:AA4
✓ Done

$ agent-browser --session studio-verified find role button click --name 'Save settings' --exact
✓ Done

$ agent-browser --session studio-verified eval -b ZG9jdW1lbnQuZ2V0RWxlbWVudEJ5SWQoImNoYXJ0LWVycm9yIikuaGlkZGVu
false

$ agent-browser --session studio-verified eval -b ZG9jdW1lbnQuZ2V0RWxlbWVudEJ5SWQoImNoYXJ0LXNlbGVjdCIpLnNlbGVjdGVkT3B0aW9uc1swXS50ZXh0Q29udGVudA==
"Extra line"

$ agent-browser --session studio-verified snapshot -i --json > /home/pyro/projects/naked/sol61/21-spreadsheet-chart-studio/evidence/logs/workflow-snapshot-2148387-6.json
$ agent-browser --session studio-verified fill @e37 H1:J4
✓ Done

$ agent-browser --session studio-verified find label 'Hex color for Current' fill '#738A42'
✓ Done

$ agent-browser --session studio-verified uncheck '#chart-legend'
✓ Done

$ agent-browser --session studio-verified focus '#chart-title'
✓ Done

$ agent-browser --session studio-verified press Enter
✓ Done

$ agent-browser --session studio-verified eval -b ZG9jdW1lbnQuZ2V0RWxlbWVudEJ5SWQoImNoYXJ0LXNlbGVjdCIpLnNlbGVjdGVkT3B0aW9uc1swXS50ZXh0Q29udGVudA==
"Extra line"

Traceback (most recent call last):
  File "/home/pyro/projects/naked/sol61/21-spreadsheet-chart-studio/evidence/tests/extra_workflows.py", line 14, in <module>
    b.click('Chart settings');b.fill('Chart title','Extra saved');b.fill('Source range','H1:AA4');b.click('Save settings');assert not b.js('document.getElementById("chart-error").hidden');assert b.js('document.getElementById("chart-select").selectedOptions[0].textContent')=='Extra line';b.fill('Source range','H1:J4');b.fill('Hex color for Current','#738A42');b.ab('uncheck','#chart-legend');b.ab('focus','#chart-title');b.ab('press','Enter');assert b.js('document.getElementById("chart-select").selectedOptions[0].textContent')=='Extra saved';assert b.js('document.querySelector("#chart-stage path[data-series=Current]").getAttribute("stroke")')=='#738a42';assert b.js('document.querySelector("#chart-stage svg").getAttribute("height")')=='348';b.screenshot('extra-chart-controls.png')
                                                                                                                                                                                                                                                                                                                                                                                                                                                                   ^^^^^^^^^^^^^^^^^^^^^^^^^^^^^^^^^^^^^^^^^^^^^^^^^^^^^^^^^^^^^^^^^^^^^^^^^^^^^^^^^^^^^^^^^^^^^
AssertionError
$ agent-browser --session studio-verified screenshot /home/pyro/projects/naked/sol61/21-spreadsheet-chart-studio/evidence/screenshots/extra-extras-failure.png
✓ Screenshot saved to /home/pyro/projects/naked/sol61/21-spreadsheet-chart-studio/evidence/screenshots/extra-extras-failure.png

