✖ seed recalculates and a changed precedent reaches formulas and chart (0.884685ms)
✖ recursive parser obeys grammar, coercion, lazy evaluation, and error order (0.187232ms)
✖ active dependency cycles recover and inactive self-reference stays lazy (0.137508ms)
✖ copy rebases mixed references while preserving strings and is atomic at boundaries (0.111116ms)
✖ JSON preserves typed raw cells and validates all inputs before replacement (0.113827ms)
✖ CSV handles quoted delimiters and newlines, refuses malformed files, and forces literals (0.139633ms)
✖ charts keep numeric zero, omit Boolean/text/blank/errors, and preserve row order (0.116135ms)
ℹ tests 7
ℹ suites 0
ℹ pass 0
ℹ fail 7
ℹ cancelled 0
ℹ skipped 0
ℹ todo 0
ℹ duration_ms 44.739605

✖ failing tests:

test at evidence/tests/core.test.cjs:19:1
✖ seed recalculates and a changed precedent reaches formulas and chart (0.884685ms)
  AssertionError [ERR_ASSERTION]: workbook engine is implemented
  + actual - expected
  
  + 'undefined'
  - 'function'
  
      at TestContext.<anonymous> (/home/pyro/projects/naked/sol61/21-spreadsheet-chart-studio/evidence/tests/core.test.cjs:20:10)
      at Test.runInAsyncScope (node:async_hooks:226:14)
      at Test.run (node:internal/test_runner/test:1201:25)
      at Test.start (node:internal/test_runner/test:1096:17)
      at startSubtestAfterBootstrap (node:internal/test_runner/harness:385:17) {
    generatedMessage: false,
    code: 'ERR_ASSERTION',
    actual: 'undefined',
    expected: 'function',
    operator: 'strictEqual',
    diff: 'simple'
  }

test at evidence/tests/core.test.cjs:27:1
✖ recursive parser obeys grammar, coercion, lazy evaluation, and error order (0.187232ms)
  AssertionError [ERR_ASSERTION]: formula engine is implemented
  + actual - expected
  
  + 'undefined'
  - 'function'
  
      at TestContext.<anonymous> (/home/pyro/projects/naked/sol61/21-spreadsheet-chart-studio/evidence/tests/core.test.cjs:28:10)
      at Test.runInAsyncScope (node:async_hooks:226:14)
      at Test.run (node:internal/test_runner/test:1201:25)
      at Test.processPendingSubtests (node:internal/test_runner/test:831:18)
      at Test.postRun (node:internal/test_runner/test:1330:19)
      at Test.run (node:internal/test_runner/test:1258:12)
      at async startSubtestAfterBootstrap (node:internal/test_runner/harness:385:3) {
    generatedMessage: false,
    code: 'ERR_ASSERTION',
    actual: 'undefined',
    expected: 'function',
    operator: 'strictEqual',
    diff: 'simple'
  }

test at evidence/tests/core.test.cjs:45:1
✖ active dependency cycles recover and inactive self-reference stays lazy (0.137508ms)
  AssertionError [ERR_ASSERTION]: dependency engine is implemented
  + actual - expected
  
  + 'undefined'
  - 'function'
  
      at TestContext.<anonymous> (/home/pyro/projects/naked/sol61/21-spreadsheet-chart-studio/evidence/tests/core.test.cjs:46:10)
      at Test.runInAsyncScope (node:async_hooks:226:14)
      at Test.run (node:internal/test_runner/test:1201:25)
      at Test.processPendingSubtests (node:internal/test_runner/test:831:18)
      at Test.postRun (node:internal/test_runner/test:1330:19)
      at Test.run (node:internal/test_runner/test:1258:12)
      at async Test.processPendingSubtests (node:internal/test_runner/test:831:7) {
    generatedMessage: false,
    code: 'ERR_ASSERTION',
    actual: 'undefined',
    expected: 'function',
    operator: 'strictEqual',
    diff: 'simple'
  }

test at evidence/tests/core.test.cjs:54:1
✖ copy rebases mixed references while preserving strings and is atomic at boundaries (0.111116ms)
  AssertionError [ERR_ASSERTION]: copy engine is implemented
  + actual - expected
  
  + 'undefined'
  - 'function'
  
      at TestContext.<anonymous> (/home/pyro/projects/naked/sol61/21-spreadsheet-chart-studio/evidence/tests/core.test.cjs:55:10)
      at Test.runInAsyncScope (node:async_hooks:226:14)
      at Test.run (node:internal/test_runner/test:1201:25)
      at Test.processPendingSubtests (node:internal/test_runner/test:831:18)
      at Test.postRun (node:internal/test_runner/test:1330:19)
      at Test.run (node:internal/test_runner/test:1258:12)
      at async Test.processPendingSubtests (node:internal/test_runner/test:831:7) {
    generatedMessage: false,
    code: 'ERR_ASSERTION',
    actual: 'undefined',
    expected: 'function',
    operator: 'strictEqual',
    diff: 'simple'
  }

test at evidence/tests/core.test.cjs:63:1
✖ JSON preserves typed raw cells and validates all inputs before replacement (0.113827ms)
  AssertionError [ERR_ASSERTION]: JSON engine is implemented
  + actual - expected
  
  + 'undefined'
  - 'function'
  
      at TestContext.<anonymous> (/home/pyro/projects/naked/sol61/21-spreadsheet-chart-studio/evidence/tests/core.test.cjs:64:10)
      at Test.runInAsyncScope (node:async_hooks:226:14)
      at Test.run (node:internal/test_runner/test:1201:25)
      at Test.processPendingSubtests (node:internal/test_runner/test:831:18)
      at Test.postRun (node:internal/test_runner/test:1330:19)
      at Test.run (node:internal/test_runner/test:1258:12)
      at async Test.processPendingSubtests (node:internal/test_runner/test:831:7) {
    generatedMessage: false,
    code: 'ERR_ASSERTION',
    actual: 'undefined',
    expected: 'function',
    operator: 'strictEqual',
    diff: 'simple'
  }

test at evidence/tests/core.test.cjs:73:1
✖ CSV handles quoted delimiters and newlines, refuses malformed files, and forces literals (0.139633ms)
  AssertionError [ERR_ASSERTION]: CSV engine is implemented
  + actual - expected
  
  + 'undefined'
  - 'function'
  
      at TestContext.<anonymous> (/home/pyro/projects/naked/sol61/21-spreadsheet-chart-studio/evidence/tests/core.test.cjs:74:10)
      at Test.runInAsyncScope (node:async_hooks:226:14)
      at Test.run (node:internal/test_runner/test:1201:25)
      at Test.processPendingSubtests (node:internal/test_runner/test:831:18)
      at Test.postRun (node:internal/test_runner/test:1330:19)
      at Test.run (node:internal/test_runner/test:1258:12)
      at async Test.processPendingSubtests (node:internal/test_runner/test:831:7) {
    generatedMessage: false,
    code: 'ERR_ASSERTION',
    actual: 'undefined',
    expected: 'function',
    operator: 'strictEqual',
    diff: 'simple'
  }

test at evidence/tests/core.test.cjs:82:1
✖ charts keep numeric zero, omit Boolean/text/blank/errors, and preserve row order (0.116135ms)
  AssertionError [ERR_ASSERTION]: chart data engine is implemented
  + actual - expected
  
  + 'undefined'
  - 'function'
  
      at TestContext.<anonymous> (/home/pyro/projects/naked/sol61/21-spreadsheet-chart-studio/evidence/tests/core.test.cjs:83:10)
      at Test.runInAsyncScope (node:async_hooks:226:14)
      at Test.run (node:internal/test_runner/test:1201:25)
      at Test.processPendingSubtests (node:internal/test_runner/test:831:18)
      at Test.postRun (node:internal/test_runner/test:1330:19)
      at Test.run (node:internal/test_runner/test:1258:12)
      at async Test.processPendingSubtests (node:internal/test_runner/test:831:7) {
    generatedMessage: false,
    code: 'ERR_ASSERTION',
    actual: 'undefined',
    expected: 'function',
    operator: 'strictEqual',
    diff: 'simple'
  }
