$ agent-browser --session studio-verified frame main
✓ Done

$ agent-browser --session studio-verified set viewport 1280 800
✓ Done

$ agent-browser --session studio-verified open http://127.0.0.1:8765/index.html
✓ Spreadsheet & Chart Studio
  http://127.0.0.1:8765/index.html

$ agent-browser --session studio-verified find role button click --name Reset --exact
✓ Done

$ agent-browser --session studio-verified find role button click --name Export --exact
✓ Done

$ agent-browser --session studio-verified download '#export-json' /home/pyro/projects/naked/sol61/21-spreadsheet-chart-studio/evidence/identical-seed.json
✓ Download saved to /home/pyro/projects/naked/sol61/21-spreadsheet-chart-studio/evidence/identical-seed.json

$ agent-browser --session studio-verified find role button click --name 'Close export' --exact
✓ Done

$ agent-browser --session studio-verified is enabled '#undo'
false

$ agent-browser --session studio-verified find role button click --name Import --exact
✓ Done

$ agent-browser --session studio-verified select '#import-format' json
✓ Done

$ agent-browser --session studio-verified upload '#import-file' /home/pyro/projects/naked/sol61/21-spreadsheet-chart-studio/evidence/logs/picker-input-1.json
✓ Done

$ agent-browser --session studio-verified wait --fn 'document.getElementById("import-text").value.length>64000'
true

$ agent-browser --session studio-verified find role button click --name 'Import workbook' --exact
✓ Done

$ agent-browser --session studio-verified eval -b T2JqZWN0LmZyb21FbnRyaWVzKFsiQzEiLCAiRDEiXS5tYXAoYT0+W2EsZG9jdW1lbnQucXVlcnlTZWxlY3RvcigiI2NlbGwtIithKyIgLmNlbGwtY29udGVudCIpLnRleHRDb250ZW50XSkp
{
  "C1": "6",
  "D1": "26"
}

$ agent-browser --session studio-verified is enabled '#undo'
false

Traceback (most recent call last):
  File "/home/pyro/projects/naked/sol61/21-spreadsheet-chart-studio/evidence/tests/extra_workflows.py", line 9, in <module>
    p=b.download_json('identical-seed.json');assert b.ab('is','enabled','#undo')=='false';b.import_text(p.read_text());b.cells({'C1':'6','D1':'26'});assert b.ab('is','enabled','#undo')=='true','Every valid import is one undoable operation, including identical input';b.click('Undo');assert b.ab('is','enabled','#undo')=='false';b.cells({'C1':'6','D1':'26'});b.click('Redo');b.cells({'C1':'6','D1':'26'});b.no_errors();print('PASS identical import creates exactly one undo step')
                                                                                                                                                            ^^^^^^^^^^^^^^^^^^^^^^^^^^^^^^^^^^^^
AssertionError: Every valid import is one undoable operation, including identical input
$ agent-browser --session studio-verified screenshot /home/pyro/projects/naked/sol61/21-spreadsheet-chart-studio/evidence/screenshots/extra-identical-failure.png
✓ Screenshot saved to /home/pyro/projects/naked/sol61/21-spreadsheet-chart-studio/evidence/screenshots/extra-identical-failure.png

