$ agent-browser --session studio-verified frame main
✓ Done

$ agent-browser --session studio-verified set viewport 1280 800
✓ Done

$ agent-browser --session studio-verified open http://127.0.0.1:8765/index.html
✓ Spreadsheet & Chart Studio
  http://127.0.0.1:8765/index.html

$ agent-browser --session studio-verified find role button click --name Reset --exact
✓ Done

$ agent-browser --session studio-verified find role button click --name Import --exact
✓ Done

$ agent-browser --session studio-verified select '#import-format' json
✓ Done

$ agent-browser --session studio-verified find label 'File contents' fill '{"format": "spreadsheet-chart-studio", "version": 1, "name": "Typed text entry", "cells": [{"address": "A1", "type": "number", "raw": "5"}, {"address": "B1", "type": "formula", "raw": "=A1*2+1", "value": 99999}, {"address": "C1", "type": "text", "raw": "'"'"'=1+1"}, {"address": "D1", "type": "boolean", "raw": "FALSE"}, {"address": "E1", "type": "blank", "raw": ""}], "charts": []}'
✓ Done

$ agent-browser --session studio-verified find role button click --name 'Import workbook' --exact
✓ Done

$ agent-browser --session studio-verified eval -b T2JqZWN0LmZyb21FbnRyaWVzKFsiQTEiLCAiQjEiLCAiQzEiLCAiRDEiLCAiRTEiXS5tYXAoYT0+W2EsZG9jdW1lbnQucXVlcnlTZWxlY3RvcigiI2NlbGwtIithKyIgLmNlbGwtY29udGVudCIpLnRleHRDb250ZW50XSkp
{
  "A1": "5",
  "B1": "11",
  "C1": "=1+1",
  "D1": "FALSE",
  "E1": ""
}

$ agent-browser --session studio-verified find label 'Go to cell or range' fill B1
✓ Done

$ agent-browser --session studio-verified press Enter
✓ Done

$ agent-browser --session studio-verified get value '#formula-input'
=A1*2+1

$ agent-browser --session studio-verified find label 'Go to cell or range' fill C1
✓ Done

$ agent-browser --session studio-verified press Enter
✓ Done

$ agent-browser --session studio-verified get value '#formula-input'
'=1+1

$ agent-browser --session studio-verified get text '#chart-count'
0

$ agent-browser --session studio-verified screenshot /home/pyro/projects/naked/sol61/21-spreadsheet-chart-studio/evidence/screenshots/extra-compact-json-text.png
✓ Screenshot saved to /home/pyro/projects/naked/sol61/21-spreadsheet-chart-studio/evidence/screenshots/extra-compact-json-text.png

$ agent-browser --session studio-verified find role button click --name Undo --exact
✓ Done

$ agent-browser --session studio-verified eval -b T2JqZWN0LmZyb21FbnRyaWVzKFsiQzEiLCAiRDEiXS5tYXAoYT0+W2EsZG9jdW1lbnQucXVlcnlTZWxlY3RvcigiI2NlbGwtIithKyIgLmNlbGwtY29udGVudCIpLnRleHRDb250ZW50XSkp
{
  "C1": "6",
  "D1": "26"
}

$ agent-browser --session studio-verified get text '#chart-count'
1

$ agent-browser --session studio-verified find role button click --name Reset --exact
✓ Done

$ agent-browser --session studio-verified find role button click --name Chart --exact
✓ Done

$ agent-browser --session studio-verified find label 'Chart title' fill 'Extra line'
✓ Done

$ agent-browser --session studio-verified find label 'Source range' fill A1
✓ Done

$ agent-browser --session studio-verified find role button click --name 'Create chart' --exact
✓ Done

$ agent-browser --session studio-verified eval -b ZG9jdW1lbnQuZ2V0RWxlbWVudEJ5SWQoIm5ldy1jaGFydC1lcnJvciIpLmhpZGRlbg==
true

Traceback (most recent call last):
  File "/home/pyro/projects/naked/sol61/21-spreadsheet-chart-studio/evidence/tests/extra_workflows.py", line 13, in <module>
    b.reset();b.click('Chart');b.fill('Chart title','Extra line');b.fill('Source range','A1');b.click('Create chart');assert not b.js('document.getElementById("new-chart-error").hidden');assert b.ab('is','enabled','#undo')=='false';b.fill('Source range','H1:J4');b.ab('select','#new-chart-type','line');b.click('Create chart');assert b.ab('get','text','#chart-count')=='2';b.chart([6,20,26],[8,18,26])
                                                                                                                             ^^^^^^^^^^^^^^^^^^^^^^^^^^^^^^^^^^^^^^^^^^^^^^^^^^^^^^^^^^^^^
AssertionError
$ agent-browser --session studio-verified screenshot /home/pyro/projects/naked/sol61/21-spreadsheet-chart-studio/evidence/screenshots/extra-extras-failure.png
✓ Screenshot saved to /home/pyro/projects/naked/sol61/21-spreadsheet-chart-studio/evidence/screenshots/extra-extras-failure.png

