$ agent-browser --session studio-offline find role button click --name Reset --exact
✓ Done

$ agent-browser --session studio-offline find role button click --name Import --exact
✓ Done

$ agent-browser --session studio-offline select '#import-format' csv
✓ Done

$ agent-browser --session studio-offline find label 'File contents' fill 'Item,Value
Tiny,5e-324
Smaller,1e-323'
✓ Done

$ agent-browser --session studio-offline find role button click --name 'Import workbook' --exact
✓ Done

$ agent-browser --session studio-offline find label 'Go to cell or range' fill A1:B3
✓ Done

$ agent-browser --session studio-offline press Enter
✓ Done

$ agent-browser --session studio-offline find role button click --name Chart --exact
✓ Done

$ agent-browser --session studio-offline find label 'Chart title' fill 'Very small finite values'
✓ Done

$ agent-browser --session studio-offline find role button click --name 'Create chart' --exact
✓ Done

$ agent-browser --session studio-offline eval -b KHtwb2ludHM6QXJyYXkuZnJvbShkb2N1bWVudC5xdWVyeVNlbGVjdG9yQWxsKCIjY2hhcnQtc3RhZ2UgW2RhdGEtYWRkcmVzc10iKSkubWFwKG49Pih7YWRkcmVzczpuLmRhdGFzZXQuYWRkcmVzcyx5Om4uZ2V0QXR0cmlidXRlKCJ5IiksaGVpZ2h0Om4uZ2V0QXR0cmlidXRlKCJoZWlnaHQiKX0pKSxiYWQ6L05hTnxJbmZpbml0eS8udGVzdChkb2N1bWVudC5nZXRFbGVtZW50QnlJZCgiY2hhcnQtc3RhZ2UiKS5pbm5lckhUTUwpfSk=
{
  "bad": true,
  "points": [
    {
      "address": "B2",
      "height": "NaN",
      "y": "NaN"
    },
    {
      "address": "B3",
      "height": "NaN",
      "y": "NaN"
    }
  ]
}

$ agent-browser --session studio-offline screenshot /home/pyro/projects/naked/sol61/21-spreadsheet-chart-studio/evidence/screenshots/review-tiny-red.png
✓ Screenshot saved to /home/pyro/projects/naked/sol61/21-spreadsheet-chart-studio/evidence/screenshots/review-tiny-red.png

