$ agent-browser --session studio-offline record start /home/pyro/projects/naked/sol61/21-spreadsheet-chart-studio/evidence/screenshots/review-range-repro.webm
✓ Recording started: /home/pyro/projects/naked/sol61/21-spreadsheet-chart-studio/evidence/screenshots/review-range-repro.webm

$ agent-browser --session studio-offline find role button click --name Reset --exact
✓ Done

$ agent-browser --session studio-offline find label 'Go to cell or range' fill B2
✓ Done

$ agent-browser --session studio-offline press Enter
✓ Done

$ agent-browser --session studio-offline find label 'Formula bar' fill '=SUM(A1:A2)'
✓ Done

$ agent-browser --session studio-offline press Enter
✓ Done

$ agent-browser --session studio-offline find label 'Go to cell or range' fill B2
✓ Done

$ agent-browser --session studio-offline press Enter
✓ Done

$ agent-browser --session studio-offline find role button click --name Copy --exact
✓ Done

$ agent-browser --session studio-offline screenshot /home/pyro/projects/naked/sol61/21-spreadsheet-chart-studio/evidence/screenshots/review-range-source-red.png
✓ Screenshot saved to /home/pyro/projects/naked/sol61/21-spreadsheet-chart-studio/evidence/screenshots/review-range-source-red.png

$ agent-browser --session studio-offline find label 'Go to cell or range' fill A2
✓ Done

$ agent-browser --session studio-offline press Enter
✓ Done

$ agent-browser --session studio-offline find role button click --name Paste --exact
✓ Done

$ agent-browser --session studio-offline get text '#cell-A2 .cell-content'
#PARSE!

$ agent-browser --session studio-offline find label 'Go to cell or range' fill A2
✓ Done

$ agent-browser --session studio-offline press Enter
✓ Done

$ agent-browser --session studio-offline get value '#formula-input'
=SUM(#REF!:#REF!)

$ agent-browser --session studio-offline screenshot /home/pyro/projects/naked/sol61/21-spreadsheet-chart-studio/evidence/screenshots/review-range-invalid-red.png
✓ Screenshot saved to /home/pyro/projects/naked/sol61/21-spreadsheet-chart-studio/evidence/screenshots/review-range-invalid-red.png

$ agent-browser --session studio-offline find role button click --name Reset --exact
✓ Done

$ agent-browser --session studio-offline find label 'Go to cell or range' fill B2
✓ Done

$ agent-browser --session studio-offline press Enter
✓ Done

$ agent-browser --session studio-offline find label 'Formula bar' fill '=IF(FALSE,SUM(A1:A2),7)'
✓ Done

$ agent-browser --session studio-offline press Enter
✓ Done

$ agent-browser --session studio-offline find label 'Go to cell or range' fill B2
✓ Done

$ agent-browser --session studio-offline press Enter
✓ Done

$ agent-browser --session studio-offline find role button click --name Copy --exact
✓ Done

$ agent-browser --session studio-offline find label 'Go to cell or range' fill A2
✓ Done

$ agent-browser --session studio-offline press Enter
✓ Done

$ agent-browser --session studio-offline find role button click --name Paste --exact
✓ Done

$ agent-browser --session studio-offline get text '#cell-A2 .cell-content'
#PARSE!

$ agent-browser --session studio-offline screenshot /home/pyro/projects/naked/sol61/21-spreadsheet-chart-studio/evidence/screenshots/review-range-lazy-red.png
✓ Screenshot saved to /home/pyro/projects/naked/sol61/21-spreadsheet-chart-studio/evidence/screenshots/review-range-lazy-red.png

$ agent-browser --session studio-offline record stop
✓ Recording saved to /home/pyro/projects/naked/sol61/21-spreadsheet-chart-studio/evidence/screenshots/review-range-repro.webm

