$ agent-browser --session studio-offline find role button click --name Reset --exact
✓ Done

$ agent-browser --session studio-offline find label 'Go to cell or range' fill L1
✓ Done

$ agent-browser --session studio-offline press Enter
✓ Done

$ agent-browser --session studio-offline find label 'Formula bar' fill '=2+3*4'
✓ Done

$ agent-browser --session studio-offline press Enter
✓ Done

$ agent-browser --session studio-offline eval -b T2JqZWN0LmZyb21FbnRyaWVzKFsiTDEiXS5tYXAoYT0+W2EsZG9jdW1lbnQucXVlcnlTZWxlY3RvcigiI2NlbGwtIithKyIgLmNlbGwtY29udGVudCIpLnRleHRDb250ZW50XSkp
{
  "L1": "14"
}

$ agent-browser --session studio-offline find label 'Go to cell or range' fill L2
✓ Done

$ agent-browser --session studio-offline press Enter
✓ Done

$ agent-browser --session studio-offline find label 'Formula bar' fill '=(2+3)*4'
✓ Done

$ agent-browser --session studio-offline press Enter
✓ Done

$ agent-browser --session studio-offline eval -b T2JqZWN0LmZyb21FbnRyaWVzKFsiTDIiXS5tYXAoYT0+W2EsZG9jdW1lbnQucXVlcnlTZWxlY3RvcigiI2NlbGwtIithKyIgLmNlbGwtY29udGVudCIpLnRleHRDb250ZW50XSkp
{
  "L2": "20"
}

$ agent-browser --session studio-offline find label 'Go to cell or range' fill L3
✓ Done

$ agent-browser --session studio-offline press Enter
✓ Done

$ agent-browser --session studio-offline find label 'Formula bar' fill '=SUM(A1:B2)'
✓ Done

$ agent-browser --session studio-offline press Enter
✓ Done

$ agent-browser --session studio-offline eval -b T2JqZWN0LmZyb21FbnRyaWVzKFsiTDMiXS5tYXAoYT0+W2EsZG9jdW1lbnQucXVlcnlTZWxlY3RvcigiI2NlbGwtIithKyIgLmNlbGwtY29udGVudCIpLnRleHRDb250ZW50XSkp
{
  "L3": "14"
}

$ agent-browser --session studio-offline find label 'Go to cell or range' fill L4
✓ Done

$ agent-browser --session studio-offline press Enter
✓ Done

$ agent-browser --session studio-offline find label 'Formula bar' fill '=MIN(A1:B2)'
✓ Done

$ agent-browser --session studio-offline press Enter
✓ Done

$ agent-browser --session studio-offline eval -b T2JqZWN0LmZyb21FbnRyaWVzKFsiTDQiXS5tYXAoYT0+W2EsZG9jdW1lbnQucXVlcnlTZWxlY3RvcigiI2NlbGwtIithKyIgLmNlbGwtY29udGVudCIpLnRleHRDb250ZW50XSkp
{
  "L4": "2"
}

$ agent-browser --session studio-offline find label 'Go to cell or range' fill L5
✓ Done

$ agent-browser --session studio-offline press Enter
✓ Done

$ agent-browser --session studio-offline find label 'Formula bar' fill '=MAX(A1:B2)'
✓ Done

$ agent-browser --session studio-offline press Enter
✓ Done

$ agent-browser --session studio-offline eval -b T2JqZWN0LmZyb21FbnRyaWVzKFsiTDUiXS5tYXAoYT0+W2EsZG9jdW1lbnQucXVlcnlTZWxlY3RvcigiI2NlbGwtIithKyIgLmNlbGwtY29udGVudCIpLnRleHRDb250ZW50XSkp
{
  "L5": "5"
}

$ agent-browser --session studio-offline find label 'Go to cell or range' fill L6
✓ Done

$ agent-browser --session studio-offline press Enter
✓ Done

$ agent-browser --session studio-offline find label 'Formula bar' fill =TRUE+2
✓ Done

$ agent-browser --session studio-offline press Enter
✓ Done

$ agent-browser --session studio-offline eval -b T2JqZWN0LmZyb21FbnRyaWVzKFsiTDYiXS5tYXAoYT0+W2EsZG9jdW1lbnQucXVlcnlTZWxlY3RvcigiI2NlbGwtIithKyIgLmNlbGwtY29udGVudCIpLnRleHRDb250ZW50XSkp
{
  "L6": "3"
}

$ agent-browser --session studio-offline find label 'Go to cell or range' fill L7
✓ Done

$ agent-browser --session studio-offline press Enter
✓ Done

$ agent-browser --session studio-offline find label 'Formula bar' fill '=IF(FALSE,1/0,9)'
✓ Done

$ agent-browser --session studio-offline press Enter
✓ Done

$ agent-browser --session studio-offline eval -b T2JqZWN0LmZyb21FbnRyaWVzKFsiTDciXS5tYXAoYT0+W2EsZG9jdW1lbnQucXVlcnlTZWxlY3RvcigiI2NlbGwtIithKyIgLmNlbGwtY29udGVudCIpLnRleHRDb250ZW50XSkp
{
  "L7": "9"
}

$ agent-browser --session studio-offline find label 'Go to cell or range' fill L8
✓ Done

$ agent-browser --session studio-offline press Enter
✓ Done

$ agent-browser --session studio-offline find label 'Formula bar' fill '=#REF!'
✓ Done

$ agent-browser --session studio-offline press Enter
✓ Done

$ agent-browser --session studio-offline eval -b T2JqZWN0LmZyb21FbnRyaWVzKFsiTDgiXS5tYXAoYT0+W2EsZG9jdW1lbnQucXVlcnlTZWxlY3RvcigiI2NlbGwtIithKyIgLmNlbGwtY29udGVudCIpLnRleHRDb250ZW50XSkp
{
  "L8": "#REF!"
}

$ agent-browser --session studio-offline find label 'Go to cell or range' fill L9
✓ Done

$ agent-browser --session studio-offline press Enter
✓ Done

$ agent-browser --session studio-offline find label 'Formula bar' fill '=IF(FALSE,#REF!,9)'
✓ Done

$ agent-browser --session studio-offline press Enter
✓ Done

$ agent-browser --session studio-offline eval -b T2JqZWN0LmZyb21FbnRyaWVzKFsiTDkiXS5tYXAoYT0+W2EsZG9jdW1lbnQucXVlcnlTZWxlY3RvcigiI2NlbGwtIithKyIgLmNlbGwtY29udGVudCIpLnRleHRDb250ZW50XSkp
{
  "L9": "9"
}

$ agent-browser --session studio-offline find label 'Go to cell or range' fill M1
✓ Done

$ agent-browser --session studio-offline press Enter
✓ Done

$ agent-browser --session studio-offline find label 'Formula bar' fill =1/0
✓ Done

$ agent-browser --session studio-offline press Enter
✓ Done

$ agent-browser --session studio-offline eval -b T2JqZWN0LmZyb21FbnRyaWVzKFsiTTEiXS5tYXAoYT0+W2EsZG9jdW1lbnQucXVlcnlTZWxlY3RvcigiI2NlbGwtIithKyIgLmNlbGwtY29udGVudCIpLnRleHRDb250ZW50XSkp
{
  "M1": "#DIV/0!"
}

$ agent-browser --session studio-offline find label 'Go to cell or range' fill M2
✓ Done

$ agent-browser --session studio-offline press Enter
✓ Done

$ agent-browser --session studio-offline find label 'Formula bar' fill =AA1
✓ Done

$ agent-browser --session studio-offline press Enter
✓ Done

$ agent-browser --session studio-offline eval -b T2JqZWN0LmZyb21FbnRyaWVzKFsiTTIiXS5tYXAoYT0+W2EsZG9jdW1lbnQucXVlcnlTZWxlY3RvcigiI2NlbGwtIithKyIgLmNlbGwtY29udGVudCIpLnRleHRDb250ZW50XSkp
{
  "M2": "#REF!"
}

$ agent-browser --session studio-offline find label 'Go to cell or range' fill M3
✓ Done

$ agent-browser --session studio-offline press Enter
✓ Done

$ agent-browser --session studio-offline find label 'Formula bar' fill '=NOPE(1)'
✓ Done

$ agent-browser --session studio-offline press Enter
✓ Done

$ agent-browser --session studio-offline eval -b T2JqZWN0LmZyb21FbnRyaWVzKFsiTTMiXS5tYXAoYT0+W2EsZG9jdW1lbnQucXVlcnlTZWxlY3RvcigiI2NlbGwtIithKyIgLmNlbGwtY29udGVudCIpLnRleHRDb250ZW50XSkp
{
  "M3": "#NAME?"
}

$ agent-browser --session studio-offline find label 'Go to cell or range' fill M4
✓ Done

$ agent-browser --session studio-offline press Enter
✓ Done

$ agent-browser --session studio-offline find label 'Formula bar' fill '=SUM("text")'
✓ Done

$ agent-browser --session studio-offline press Enter
✓ Done

$ agent-browser --session studio-offline eval -b T2JqZWN0LmZyb21FbnRyaWVzKFsiTTQiXS5tYXAoYT0+W2EsZG9jdW1lbnQucXVlcnlTZWxlY3RvcigiI2NlbGwtIithKyIgLmNlbGwtY29udGVudCIpLnRleHRDb250ZW50XSkp
{
  "M4": "#VALUE!"
}

$ agent-browser --session studio-offline find label 'Go to cell or range' fill M5
✓ Done

$ agent-browser --session studio-offline press Enter
✓ Done

$ agent-browser --session studio-offline find label 'Formula bar' fill =1+
✓ Done

$ agent-browser --session studio-offline press Enter
✓ Done

$ agent-browser --session studio-offline eval -b T2JqZWN0LmZyb21FbnRyaWVzKFsiTTUiXS5tYXAoYT0+W2EsZG9jdW1lbnQucXVlcnlTZWxlY3RvcigiI2NlbGwtIithKyIgLmNlbGwtY29udGVudCIpLnRleHRDb250ZW50XSkp
{
  "M5": "#PARSE!"
}

$ agent-browser --session studio-offline screenshot /home/pyro/projects/naked/sol61/21-spreadsheet-chart-studio/evidence/screenshots/sheet04-parser-results.png
✓ Screenshot saved to /home/pyro/projects/naked/sol61/21-spreadsheet-chart-studio/evidence/screenshots/sheet04-parser-results.png

$ agent-browser --session studio-offline find label 'Go to cell or range' fill B2
✓ Done

$ agent-browser --session studio-offline press Enter
✓ Done

$ agent-browser --session studio-offline find label 'Formula bar' fill =1/0
✓ Done

$ agent-browser --session studio-offline press Enter
✓ Done

$ agent-browser --session studio-offline eval -b T2JqZWN0LmZyb21FbnRyaWVzKFsiTDMiLCAiTDQiLCAiTDUiXS5tYXAoYT0+W2EsZG9jdW1lbnQucXVlcnlTZWxlY3RvcigiI2NlbGwtIithKyIgLmNlbGwtY29udGVudCIpLnRleHRDb250ZW50XSkp
{
  "L3": "#DIV/0!",
  "L4": "#DIV/0!",
  "L5": "#DIV/0!"
}

$ agent-browser --session studio-offline find label 'Go to cell or range' fill B2
✓ Done

$ agent-browser --session studio-offline press Enter
✓ Done

$ agent-browser --session studio-offline find label 'Formula bar' fill 5
✓ Done

$ agent-browser --session studio-offline press Enter
✓ Done

$ agent-browser --session studio-offline eval -b T2JqZWN0LmZyb21FbnRyaWVzKFsiTDMiLCAiTDQiLCAiTDUiXS5tYXAoYT0+W2EsZG9jdW1lbnQucXVlcnlTZWxlY3RvcigiI2NlbGwtIithKyIgLmNlbGwtY29udGVudCIpLnRleHRDb250ZW50XSkp
{
  "L3": "14",
  "L4": "2",
  "L5": "5"
}

$ agent-browser --session studio-offline find label 'Go to cell or range' fill N1
✓ Done

$ agent-browser --session studio-offline press Enter
✓ Done

$ agent-browser --session studio-offline find label 'Formula bar' fill -3.5
✓ Done

$ agent-browser --session studio-offline press Enter
✓ Done

$ agent-browser --session studio-offline find label 'Go to cell or range' fill N2
✓ Done

$ agent-browser --session studio-offline press Enter
✓ Done

$ agent-browser --session studio-offline find label 'Formula bar' fill '=N1*4+SUM(A1:B1)'
✓ Done

$ agent-browser --session studio-offline press Enter
✓ Done

$ agent-browser --session studio-offline eval -b T2JqZWN0LmZyb21FbnRyaWVzKFsiTjIiXS5tYXAoYT0+W2EsZG9jdW1lbnQucXVlcnlTZWxlY3RvcigiI2NlbGwtIithKyIgLmNlbGwtY29udGVudCIpLnRleHRDb250ZW50XSkp
{
  "N2": "-9"
}

$ agent-browser --session studio-offline find role button click --name Export --exact
✓ Done

$ agent-browser --session studio-offline download '#export-json' /home/pyro/projects/naked/sol61/21-spreadsheet-chart-studio/evidence/parser-roundtrip.json
✓ Download saved to /home/pyro/projects/naked/sol61/21-spreadsheet-chart-studio/evidence/parser-roundtrip.json

$ agent-browser --session studio-offline find role button click --name 'Close export' --exact
✓ Done

$ agent-browser --session studio-offline find label 'Go to cell or range' fill L8
✓ Done

$ agent-browser --session studio-offline press Enter
✓ Done

$ agent-browser --session studio-offline find label 'Formula bar' fill 1
✓ Done

$ agent-browser --session studio-offline press Enter
✓ Done

$ agent-browser --session studio-offline find label 'Go to cell or range' fill L9
✓ Done

$ agent-browser --session studio-offline press Enter
✓ Done

$ agent-browser --session studio-offline find label 'Formula bar' fill 2
✓ Done

$ agent-browser --session studio-offline press Enter
✓ Done

$ agent-browser --session studio-offline find role button click --name Import --exact
✓ Done

$ agent-browser --session studio-offline select '#import-format' json
✓ Done

Traceback (most recent call last):
  File "/home/pyro/projects/naked/sol61/21-spreadsheet-chart-studio/evidence/tests/browser_workflows.py", line 107, in run
    try:globals()['sheet%02d'%n]();status['SHEET-%02d'%n]='pass';print('PASS SHEET-%02d'%n,flush=True)
        ^^^^^^^^^^^^^^^^^^^^^^^^^^
  File "/home/pyro/projects/naked/sol61/21-spreadsheet-chart-studio/evidence/tests/browser_workflows.py", line 75, in sheet04
    p=download_json('parser-roundtrip.json');edit('L8','1');edit('L9','2');import_text(p.read_text());cells({'L8':'#REF!','L9':'9'});assert raw('L8')=='=#REF!';assert raw('L9')=='=IF(FALSE,#REF!,9)';no_errors()
                                                                           ^^^^^^^^^^^^^^^^^^^^^^^^^^
  File "/home/pyro/projects/naked/sol61/21-spreadsheet-chart-studio/evidence/tests/browser_workflows.py", line 39, in import_text
    click('Import');ab('select','#import-format',fmt);fill('File contents',text);click('Import workbook')
                                                      ^^^^^^^^^^^^^^^^^^^^^^^^^^
  File "/home/pyro/projects/naked/sol61/21-spreadsheet-chart-studio/evidence/tests/browser_workflows.py", line 18, in fill
    def fill(label,value):return ab('find','label',label,'fill',value)
                                 ^^^^^^^^^^^^^^^^^^^^^^^^^^^^^^^^^^^^^
  File "/home/pyro/projects/naked/sol61/21-spreadsheet-chart-studio/evidence/tests/browser_workflows.py", line 8, in ab
    result=subprocess.run(command,cwd=ROOT,text=True,capture_output=True,timeout=40)
           ^^^^^^^^^^^^^^^^^^^^^^^^^^^^^^^^^^^^^^^^^^^^^^^^^^^^^^^^^^^^^^^^^^^^^^^^^
  File "/usr/lib/python3.12/subprocess.py", line 548, in run
    with Popen(*popenargs, **kwargs) as process:
         ^^^^^^^^^^^^^^^^^^^^^^^^^^^
  File "/usr/lib/python3.12/subprocess.py", line 1026, in __init__
    self._execute_child(args, executable, preexec_fn, close_fds,
  File "/usr/lib/python3.12/subprocess.py", line 1955, in _execute_child
    raise child_exception_type(errno_num, err_msg, err_filename)
OSError: [Errno 7] Argument list too long: 'agent-browser'
$ agent-browser --session studio-offline screenshot /home/pyro/projects/naked/sol61/21-spreadsheet-chart-studio/evidence/screenshots/sheet04-failure.png
✓ Screenshot saved to /home/pyro/projects/naked/sol61/21-spreadsheet-chart-studio/evidence/screenshots/sheet04-failure.png

