$ agent-browser --session studio-verified set viewport 1280 800
✓ Done

$ agent-browser --session studio-verified find role button click --name Reset --exact
✓ Done

$ agent-browser --session studio-verified click '#cell-A1'
✓ Done

$ agent-browser --session studio-verified press 1
✓ Done

$ agent-browser --session studio-verified keyboard type 2
✓ Done

$ agent-browser --session studio-verified press Tab
✓ Done

$ agent-browser --session studio-verified eval -b T2JqZWN0LmZyb21FbnRyaWVzKFsiQTEiLCAiQzEiLCAiRDEiLCAiRjEiXS5tYXAoYT0+W2EsZG9jdW1lbnQucXVlcnlTZWxlY3RvcigiI2NlbGwtIithKyIgLmNlbGwtY29udGVudCIpLnRleHRDb250ZW50XSkp
{
  "A1": "12",
  "C1": "36",
  "D1": "56",
  "F1": "51"
}

$ agent-browser --session studio-verified get value '#address-input'
B1

$ agent-browser --session studio-verified press F2
✓ Done

$ agent-browser --session studio-verified press Control+a
✓ Done

$ agent-browser --session studio-verified keyboard type -2.5
✓ Done

$ agent-browser --session studio-verified press Enter
✓ Done

$ agent-browser --session studio-verified eval -b T2JqZWN0LmZyb21FbnRyaWVzKFsiQjEiLCAiQzEiLCAiRDEiLCAiRjEiXS5tYXAoYT0+W2EsZG9jdW1lbnQucXVlcnlTZWxlY3RvcigiI2NlbGwtIithKyIgLmNlbGwtY29udGVudCIpLnRleHRDb250ZW50XSkp
{
  "B1": "-2.5",
  "C1": "-30",
  "D1": "-10",
  "F1": "-20.5"
}

$ agent-browser --session studio-verified get value '#address-input'
B2

$ agent-browser --session studio-verified eval -b T2JqZWN0LmZyb21FbnRyaWVzKEFycmF5LmZyb20oZG9jdW1lbnQucXVlcnlTZWxlY3RvckFsbCgiI2NoYXJ0LXN0YWdlIFtkYXRhLWFkZHJlc3NdIikpLm1hcChuPT5bbi5kYXRhc2V0LmFkZHJlc3MsTnVtYmVyKG4uZ2V0QXR0cmlidXRlKCJhcmlhLWxhYmVsIikubWF0Y2goLzogKC4rPykgwrcgLylbMV0pXSkp
{
  "I2": -30,
  "I3": 20,
  "I4": -10,
  "J2": 8,
  "J3": 18,
  "J4": 26
}

$ agent-browser --session studio-verified screenshot /home/pyro/projects/naked/sol61/21-spreadsheet-chart-studio/evidence/screenshots/sheet07-desktop-keyboard-negative.png
✓ Screenshot saved to /home/pyro/projects/naked/sol61/21-spreadsheet-chart-studio/evidence/screenshots/sheet07-desktop-keyboard-negative.png

$ agent-browser --session studio-verified find label 'Go to cell or range' fill A1
✓ Done

$ agent-browser --session studio-verified press Enter
✓ Done

$ agent-browser --session studio-verified press Shift+ArrowRight
✓ Done

$ agent-browser --session studio-verified press Shift+ArrowRight
✓ Done

$ agent-browser --session studio-verified press Shift+ArrowDown
✓ Done

$ agent-browser --session studio-verified get value '#address-input'
A1:C2

$ agent-browser --session studio-verified get text '#numeric-count'
6

$ agent-browser --session studio-verified get text '#numeric-sum'
8.5

$ agent-browser --session studio-verified find role button click --name Reset --exact
✓ Done

$ agent-browser --session studio-verified scrollintoview '#cell-A1'
✓ Done

$ agent-browser --session studio-verified eval -b KCgpPT57Y29uc3Qgcj1kb2N1bWVudC5xdWVyeVNlbGVjdG9yKCIjY2VsbC1BMSIpLmdldEJvdW5kaW5nQ2xpZW50UmVjdCgpO3JldHVybiB7eDpyLngrci53aWR0aC8yLHk6ci55K3IuaGVpZ2h0LzJ9O30pKCk=
{
  "x": 169,
  "y": 363.1875
}

$ agent-browser --session studio-verified eval -b KCgpPT57Y29uc3Qgcj1kb2N1bWVudC5xdWVyeVNlbGVjdG9yKCIjY2VsbC1DMiIpLmdldEJvdW5kaW5nQ2xpZW50UmVjdCgpO3JldHVybiB7eDpyLngrci53aWR0aC8yLHk6ci55K3IuaGVpZ2h0LzJ9O30pKCk=
{
  "x": 305,
  "y": 395.1875
}

$ agent-browser --session studio-verified mouse move 169 363
✓ Done

$ agent-browser --session studio-verified mouse down left
✓ Done

$ agent-browser --session studio-verified mouse move 305 395
✓ Done

$ agent-browser --session studio-verified mouse up left
✓ Done

$ agent-browser --session studio-verified get value '#address-input'
A1:C2

$ agent-browser --session studio-verified get text '#numeric-sum'
40

$ agent-browser --session studio-verified find label 'Go to cell or range' fill J2
✓ Done

$ agent-browser --session studio-verified press Enter
✓ Done

$ agent-browser --session studio-verified find label 'Formula bar' fill 0
✓ Done

$ agent-browser --session studio-verified press Enter
✓ Done

$ agent-browser --session studio-verified eval -b ZG9jdW1lbnQucXVlcnlTZWxlY3RvcigiI2NoYXJ0LXN0YWdlIFtkYXRhLWFkZHJlc3M9SjJdIikuZ2V0QXR0cmlidXRlKCJhcmlhLWxhYmVsIik=
"Alpha · Plan: 0 · J2"

$ agent-browser --session studio-verified eval -b ZG9jdW1lbnQucXVlcnlTZWxlY3RvcigiI2NoYXJ0LXN0YWdlIFtkYXRhLWFkZHJlc3M9SjJdIikuZ2V0QXR0cmlidXRlKCJoZWlnaHQiKQ==
"2"

$ agent-browser --session studio-verified find role button click --name Reset --exact
✓ Done

$ agent-browser --session studio-verified find label 'Go to cell or range' fill L15
✓ Done

$ agent-browser --session studio-verified press Enter
✓ Done

$ agent-browser --session studio-verified press 1
✓ Done

$ agent-browser --session studio-verified keyboard type 23
✓ Done

$ agent-browser --session studio-verified get value .cell-editor
123

$ agent-browser --session studio-verified set viewport 390 844
✓ Done

$ agent-browser --session studio-verified get value .cell-editor
123

$ agent-browser --session studio-verified keyboard type .45
✓ Done

$ agent-browser --session studio-verified press Enter
✓ Done

$ agent-browser --session studio-verified eval -b T2JqZWN0LmZyb21FbnRyaWVzKFsiTDE1Il0ubWFwKGE9PlthLGRvY3VtZW50LnF1ZXJ5U2VsZWN0b3IoIiNjZWxsLSIrYSsiIC5jZWxsLWNvbnRlbnQiKS50ZXh0Q29udGVudF0pKQ==
{
  "L15": "123.45"
}

$ agent-browser --session studio-verified find label 'Go to cell or range' fill L15
✓ Done

$ agent-browser --session studio-verified press Enter
✓ Done

$ agent-browser --session studio-verified get value '#formula-input'
123.45

$ agent-browser --session studio-verified find label 'Go to cell or range' fill M15
✓ Done

$ agent-browser --session studio-verified press Enter
✓ Done

$ agent-browser --session studio-verified find label 'Formula bar' fill '=L15*2'
✓ Done

$ agent-browser --session studio-verified set viewport 1280 800
✓ Done

$ agent-browser --session studio-verified get value '#formula-input'
=L15*2

$ agent-browser --session studio-verified set viewport 390 844
✓ Done

$ agent-browser --session studio-verified type '#formula-input' +1
✓ Done

$ agent-browser --session studio-verified press Enter
✓ Done

$ agent-browser --session studio-verified eval -b T2JqZWN0LmZyb21FbnRyaWVzKFsiTTE1Il0ubWFwKGE9PlthLGRvY3VtZW50LnF1ZXJ5U2VsZWN0b3IoIiNjZWxsLSIrYSsiIC5jZWxsLWNvbnRlbnQiKS50ZXh0Q29udGVudF0pKQ==
{
  "M15": "247.9"
}

$ agent-browser --session studio-verified screenshot /home/pyro/projects/naked/sol61/21-spreadsheet-chart-studio/evidence/screenshots/sheet07-mobile-continuity.png
✓ Screenshot saved to /home/pyro/projects/naked/sol61/21-spreadsheet-chart-studio/evidence/screenshots/sheet07-mobile-continuity.png

$ agent-browser --session studio-verified find role button click --name Reset --exact
✓ Done

$ agent-browser --session studio-verified scroll up 4000
✓ Done

$ agent-browser --session studio-verified screenshot /home/pyro/projects/naked/sol61/21-spreadsheet-chart-studio/evidence/screenshots/sheet07-mobile-workbook.png
✓ Screenshot saved to /home/pyro/projects/naked/sol61/21-spreadsheet-chart-studio/evidence/screenshots/sheet07-mobile-workbook.png

$ agent-browser --session studio-verified eval -b ZG9jdW1lbnQuZG9jdW1lbnRFbGVtZW50LnNjcm9sbFdpZHRoPD0zOTA=
true

$ agent-browser --session studio-verified find label 'Go to cell or range' fill F1
✓ Done

$ agent-browser --session studio-verified press Enter
✓ Done

$ agent-browser --session studio-verified find role button click --name Copy --exact
✓ Done

$ agent-browser --session studio-verified find label 'Go to cell or range' fill F2
✓ Done

$ agent-browser --session studio-verified press Enter
✓ Done

$ agent-browser --session studio-verified find role button click --name Paste --exact
✓ Done

$ agent-browser --session studio-verified find label 'Go to cell or range' fill F2
✓ Done

$ agent-browser --session studio-verified press Enter
✓ Done

$ agent-browser --session studio-verified get value '#formula-input'
=$A2+B$1+$C$1

$ agent-browser --session studio-verified eval -b T2JqZWN0LmZyb21FbnRyaWVzKFsiRjIiXS5tYXAoYT0+W2EsZG9jdW1lbnQucXVlcnlTZWxlY3RvcigiI2NlbGwtIithKyIgLmNlbGwtY29udGVudCIpLnRleHRDb250ZW50XSkp
{
  "F2": "13"
}

$ agent-browser --session studio-verified find role button click --name Undo --exact
✓ Done

$ agent-browser --session studio-verified eval -b T2JqZWN0LmZyb21FbnRyaWVzKFsiRjIiXS5tYXAoYT0+W2EsZG9jdW1lbnQucXVlcnlTZWxlY3RvcigiI2NlbGwtIithKyIgLmNlbGwtY29udGVudCIpLnRleHRDb250ZW50XSkp
{
  "F2": ""
}

$ agent-browser --session studio-verified scrollintoview '#chart-panel'
✓ Done

$ agent-browser --session studio-verified find role button click --name 'Chart settings' --exact
✓ Done

$ agent-browser --session studio-verified snapshot -i --json > /home/pyro/projects/naked/sol61/21-spreadsheet-chart-studio/evidence/logs/workflow-snapshot-2150900-1.json
$ agent-browser --session studio-verified fill @e27 'Mobile plan'
✓ Done

$ agent-browser --session studio-verified select '#chart-type' line
✓ Done

$ agent-browser --session studio-verified uncheck '#chart-legend'
✓ Done

$ agent-browser --session studio-verified find role button click --name 'Save settings' --exact
✓ Done

$ agent-browser --session studio-verified get text '#chart-select'
Mobile plan

$ agent-browser --session studio-verified eval -b T2JqZWN0LmZyb21FbnRyaWVzKEFycmF5LmZyb20oZG9jdW1lbnQucXVlcnlTZWxlY3RvckFsbCgiI2NoYXJ0LXN0YWdlIFtkYXRhLWFkZHJlc3NdIikpLm1hcChuPT5bbi5kYXRhc2V0LmFkZHJlc3MsTnVtYmVyKG4uZ2V0QXR0cmlidXRlKCJhcmlhLWxhYmVsIikubWF0Y2goLzogKC4rPykgwrcgLylbMV0pXSkp
{
  "I2": 6,
  "I3": 20,
  "I4": 26,
  "J2": 8,
  "J3": 18,
  "J4": 26
}

$ agent-browser --session studio-verified scrollintoview '#chart-panel'
✓ Done

$ agent-browser --session studio-verified screenshot /home/pyro/projects/naked/sol61/21-spreadsheet-chart-studio/evidence/screenshots/sheet07-mobile-chart-controls.png
✓ Screenshot saved to /home/pyro/projects/naked/sol61/21-spreadsheet-chart-studio/evidence/screenshots/sheet07-mobile-chart-controls.png

$ agent-browser --session studio-verified find role button click --name Export --exact
✓ Done

$ agent-browser --session studio-verified download '#export-json' /home/pyro/projects/naked/sol61/21-spreadsheet-chart-studio/evidence/mobile-workbook.json
✓ Download saved to /home/pyro/projects/naked/sol61/21-spreadsheet-chart-studio/evidence/mobile-workbook.json

$ agent-browser --session studio-verified find role button click --name 'Close export' --exact
✓ Done

$ agent-browser --session studio-verified find role button click --name Import --exact
✓ Done

$ agent-browser --session studio-verified select '#import-format' json
✓ Done

$ agent-browser --session studio-verified upload '#import-file' /home/pyro/projects/naked/sol61/21-spreadsheet-chart-studio/evidence/logs/picker-input-1.json
✓ Done

$ agent-browser --session studio-verified wait --fn 'document.getElementById("import-text").value.length>64000'
true

$ agent-browser --session studio-verified find role button click --name 'Import workbook' --exact
✓ Done

$ agent-browser --session studio-verified eval -b T2JqZWN0LmZyb21FbnRyaWVzKFsiQzEiLCAiRDEiXS5tYXAoYT0+W2EsZG9jdW1lbnQucXVlcnlTZWxlY3RvcigiI2NlbGwtIithKyIgLmNlbGwtY29udGVudCIpLnRleHRDb250ZW50XSkp
{
  "C1": "6",
  "D1": "26"
}

$ agent-browser --session studio-verified find role button click --name Import --exact
✓ Done

$ agent-browser --session studio-verified find label 'File contents' fill 'not json'
✓ Done

$ agent-browser --session studio-verified find role button click --name 'Import workbook' --exact
✓ Done

$ agent-browser --session studio-verified get text '#import-error'
Invalid JSON. Check the file contents. Nothing was changed.

$ agent-browser --session studio-verified screenshot /home/pyro/projects/naked/sol61/21-spreadsheet-chart-studio/evidence/screenshots/sheet07-mobile-import-error.png
✓ Screenshot saved to /home/pyro/projects/naked/sol61/21-spreadsheet-chart-studio/evidence/screenshots/sheet07-mobile-import-error.png

$ agent-browser --session studio-verified find role button click --name 'Close import' --exact
✓ Done

$ agent-browser --session studio-verified find role button click --name 'ƒx Formula reference' --exact
✓ Done

$ agent-browser --session studio-verified get text '#help-heading'
Formulas, made clear.

$ agent-browser --session studio-verified find role button click --name 'Close formula reference' --exact
✓ Done

$ agent-browser --session studio-verified errors

$ agent-browser --session studio-verified console

$ agent-browser --session studio-verified reload
http://127.0.0.1:8765/index.html

$ agent-browser --session studio-verified eval -b T2JqZWN0LmZyb21FbnRyaWVzKFsiQTEiLCAiRjIiLCAiTTE1Il0ubWFwKGE9PlthLGRvY3VtZW50LnF1ZXJ5U2VsZWN0b3IoIiNjZWxsLSIrYSsiIC5jZWxsLWNvbnRlbnQiKS50ZXh0Q29udGVudF0pKQ==
{
  "A1": "2",
  "F2": "",
  "M15": ""
}

$ agent-browser --session studio-verified is enabled '#undo'
false

$ agent-browser --session studio-verified get text '#chart-select'
Current vs Plan

$ agent-browser --session studio-verified find label 'Go to cell or range' fill A1
✓ Done

$ agent-browser --session studio-verified press Enter
✓ Done

$ agent-browser --session studio-verified find label 'Formula bar' fill 5
✓ Done

$ agent-browser --session studio-verified press Enter
✓ Done

$ agent-browser --session studio-verified find role button click --name Reset --exact
✓ Done

$ agent-browser --session studio-verified eval -b T2JqZWN0LmZyb21FbnRyaWVzKFsiQTEiLCAiQzEiXS5tYXAoYT0+W2EsZG9jdW1lbnQucXVlcnlTZWxlY3RvcigiI2NlbGwtIithKyIgLmNlbGwtY29udGVudCIpLnRleHRDb250ZW50XSkp
{
  "A1": "2",
  "C1": "6"
}

$ agent-browser --session studio-verified is enabled '#undo'
false

$ agent-browser --session studio-verified is enabled '#redo'
false

$ agent-browser --session studio-verified is enabled '#paste'
false

$ agent-browser --session studio-verified errors

$ agent-browser --session studio-verified console

