$ agent-browser --session studio-verified set viewport 1280 800
✓ Done

$ agent-browser --session studio-verified find role button click --name Reset --exact
✓ Done

$ agent-browser --session studio-verified click '#cell-A1'
✓ Done

$ agent-browser --session studio-verified keyboard type 12
✓ Done

$ agent-browser --session studio-verified press Tab
✓ Done

$ agent-browser --session studio-verified eval -b T2JqZWN0LmZyb21FbnRyaWVzKFsiQTEiLCAiQzEiLCAiRDEiLCAiRjEiXS5tYXAoYT0+W2EsZG9jdW1lbnQucXVlcnlTZWxlY3RvcigiI2NlbGwtIithKyIgLmNlbGwtY29udGVudCIpLnRleHRDb250ZW50XSkp
{
  "A1": "2",
  "C1": "6",
  "D1": "26",
  "F1": "11"
}

Traceback (most recent call last):
  File "/home/pyro/projects/naked/sol61/21-spreadsheet-chart-studio/evidence/tests/browser_boundaries.py", line 10, in <module>
    b.ab('set','viewport',1280,800);b.reset();b.ab('click','#cell-A1');b.ab('keyboard','type','12');b.ab('press','Tab');b.cells({'A1':'12','C1':'36','D1':'56','F1':'51'});assert b.ab('get','value','#address-input')=='B1'
                                                                                                                        ^^^^^^^^^^^^^^^^^^^^^^^^^^^^^^^^^^^^^^^^^^^^^^^^^^
  File "/home/pyro/projects/naked/sol61/21-spreadsheet-chart-studio/evidence/tests/browser_workflows.py", line 31, in cells
    assert actual==expected,(actual,expected)
           ^^^^^^^^^^^^^^^^
AssertionError: ({'A1': '2', 'C1': '6', 'D1': '26', 'F1': '11'}, {'A1': '12', 'C1': '36', 'D1': '56', 'F1': '51'})
$ agent-browser --session studio-verified screenshot /home/pyro/projects/naked/sol61/21-spreadsheet-chart-studio/evidence/screenshots/sheet07-desktop-mobile-failure.png
✓ Screenshot saved to /home/pyro/projects/naked/sol61/21-spreadsheet-chart-studio/evidence/screenshots/sheet07-desktop-mobile-failure.png

