$ agent-browser --session studio-verified set viewport 1280 800
✓ Done

$ agent-browser --session studio-verified find role button click --name Reset --exact
✓ Done

$ agent-browser --session studio-verified click '#cell-A1'
✓ Done

$ agent-browser --session studio-verified press 1
✓ Done

$ agent-browser --session studio-verified keyboard type 2
✓ Done

$ agent-browser --session studio-verified press Tab
✓ Done

$ agent-browser --session studio-verified eval -b T2JqZWN0LmZyb21FbnRyaWVzKFsiQTEiLCAiQzEiLCAiRDEiLCAiRjEiXS5tYXAoYT0+W2EsZG9jdW1lbnQucXVlcnlTZWxlY3RvcigiI2NlbGwtIithKyIgLmNlbGwtY29udGVudCIpLnRleHRDb250ZW50XSkp
{
  "A1": "12",
  "C1": "36",
  "D1": "56",
  "F1": "51"
}

$ agent-browser --session studio-verified get value '#address-input'
B1

$ agent-browser --session studio-verified press F2
✓ Done

$ agent-browser --session studio-verified press Control+a
✓ Done

$ agent-browser --session studio-verified keyboard type -2.5
✓ Done

$ agent-browser --session studio-verified press Enter
✓ Done

$ agent-browser --session studio-verified eval -b T2JqZWN0LmZyb21FbnRyaWVzKFsiQjEiLCAiQzEiLCAiRDEiLCAiRjEiXS5tYXAoYT0+W2EsZG9jdW1lbnQucXVlcnlTZWxlY3RvcigiI2NlbGwtIithKyIgLmNlbGwtY29udGVudCIpLnRleHRDb250ZW50XSkp
{
  "B1": "-2.5",
  "C1": "-30",
  "D1": "-10",
  "F1": "-20.5"
}

$ agent-browser --session studio-verified get value '#address-input'
B2

$ agent-browser --session studio-verified eval -b T2JqZWN0LmZyb21FbnRyaWVzKEFycmF5LmZyb20oZG9jdW1lbnQucXVlcnlTZWxlY3RvckFsbCgiI2NoYXJ0LXN0YWdlIFtkYXRhLWFkZHJlc3NdIikpLm1hcChuPT5bbi5kYXRhc2V0LmFkZHJlc3MsTnVtYmVyKG4uZ2V0QXR0cmlidXRlKCJhcmlhLWxhYmVsIikubWF0Y2goLzogKC4rPykgwrcgLylbMV0pXSkp
{
  "I2": -30,
  "I3": 20,
  "I4": -10,
  "J2": 8,
  "J3": 18,
  "J4": 26
}

$ agent-browser --session studio-verified screenshot /home/pyro/projects/naked/sol61/21-spreadsheet-chart-studio/evidence/screenshots/sheet07-desktop-keyboard-negative.png
✓ Screenshot saved to /home/pyro/projects/naked/sol61/21-spreadsheet-chart-studio/evidence/screenshots/sheet07-desktop-keyboard-negative.png

$ agent-browser --session studio-verified find label 'Go to cell or range' fill A1
✓ Done

$ agent-browser --session studio-verified press Enter
✓ Done

$ agent-browser --session studio-verified press Shift+ArrowRight
✓ Done

$ agent-browser --session studio-verified press Shift+ArrowRight
✓ Done

$ agent-browser --session studio-verified press Shift+ArrowDown
✓ Done

$ agent-browser --session studio-verified get value '#address-input'
A1:C2

$ agent-browser --session studio-verified get text '#numeric-count'
6

$ agent-browser --session studio-verified get text '#numeric-sum'
8.5

$ agent-browser --session studio-verified find role button click --name Reset --exact
✓ Done

$ agent-browser --session studio-verified eval -b KCgpPT57Y29uc3Qgcj1kb2N1bWVudC5xdWVyeVNlbGVjdG9yKCIjY2VsbC1BMSIpLmdldEJvdW5kaW5nQ2xpZW50UmVjdCgpO3JldHVybiB7eDpyLngrci53aWR0aC8yLHk6ci55K3IuaGVpZ2h0LzJ9O30pKCk=
{
  "x": 169,
  "y": 363.1875
}

$ agent-browser --session studio-verified eval -b KCgpPT57Y29uc3Qgcj1kb2N1bWVudC5xdWVyeVNlbGVjdG9yKCIjY2VsbC1DMiIpLmdldEJvdW5kaW5nQ2xpZW50UmVjdCgpO3JldHVybiB7eDpyLngrci53aWR0aC8yLHk6ci55K3IuaGVpZ2h0LzJ9O30pKCk=
{
  "x": 305,
  "y": 395.1875
}

$ agent-browser --session studio-verified mouse move 169 363.1875
Missing arguments for: mouse move
Usage: agent-browser mouse move <x> <y>

Traceback (most recent call last):
  File "/home/pyro/projects/naked/sol61/21-spreadsheet-chart-studio/evidence/tests/browser_boundaries.py", line 13, in <module>
    b.reset();a=box('#cell-A1');z=box('#cell-C2');b.ab('mouse','move',a['x'],a['y']);b.ab('mouse','down','left');b.ab('mouse','move',z['x'],z['y']);b.ab('mouse','up','left');assert b.ab('get','value','#address-input')=='A1:C2';assert b.ab('get','text','#numeric-sum')=='40'
                                                  ^^^^^^^^^^^^^^^^^^^^^^^^^^^^^^^^^^
  File "/home/pyro/projects/naked/sol61/21-spreadsheet-chart-studio/evidence/tests/browser_workflows.py", line 16, in ab
    if result.returncode:raise RuntimeError(result.stdout+result.stderr)
                         ^^^^^^^^^^^^^^^^^^^^^^^^^^^^^^^^^^^^^^^^^^^^^^^
RuntimeError: Missing arguments for: mouse move
Usage: agent-browser mouse move <x> <y>

$ agent-browser --session studio-verified screenshot /home/pyro/projects/naked/sol61/21-spreadsheet-chart-studio/evidence/screenshots/sheet07-desktop-mobile-failure.png
✓ Screenshot saved to /home/pyro/projects/naked/sol61/21-spreadsheet-chart-studio/evidence/screenshots/sheet07-desktop-mobile-failure.png

