$ agent-browser --session studio-verified frame main
✓ Done

$ agent-browser --session studio-verified set viewport 1280 800
✓ Done

$ agent-browser --session studio-verified network har start
✓ HAR recording started

$ agent-browser --session studio-verified open file:///home/pyro/projects/naked/sol61/21-spreadsheet-chart-studio/index.html
✓ Spreadsheet & Chart Studio
  file:///home/pyro/projects/naked/sol61/21-spreadsheet-chart-studio/index.html

$ agent-browser --session studio-verified find role button click --name Reset --exact
✓ Done

$ agent-browser --session studio-verified eval -b T2JqZWN0LmZyb21FbnRyaWVzKFsiQzEiLCAiQzIiLCAiRDEiLCAiRTEiLCAiRjEiXS5tYXAoYT0+W2EsZG9jdW1lbnQucXVlcnlTZWxlY3RvcigiI2NlbGwtIithKyIgLmNlbGwtY29udGVudCIpLnRleHRDb250ZW50XSkp
{
  "C1": "6",
  "C2": "20",
  "D1": "26",
  "E1": "10",
  "F1": "11"
}

$ agent-browser --session studio-verified eval -b T2JqZWN0LmZyb21FbnRyaWVzKEFycmF5LmZyb20oZG9jdW1lbnQucXVlcnlTZWxlY3RvckFsbCgiI2NoYXJ0LXN0YWdlIFtkYXRhLWFkZHJlc3NdIikpLm1hcChuPT5bbi5kYXRhc2V0LmFkZHJlc3MsTnVtYmVyKG4uZ2V0QXR0cmlidXRlKCJhcmlhLWxhYmVsIikubWF0Y2goLzogKC4rPykgwrcgLylbMV0pXSkp
{
  "I2": 6,
  "I3": 20,
  "I4": 26,
  "J2": 8,
  "J3": 18,
  "J4": 26
}

$ agent-browser --session studio-verified find label 'Go to cell or range' fill A1
✓ Done

$ agent-browser --session studio-verified press Enter
✓ Done

$ agent-browser --session studio-verified find label 'Formula bar' fill 5
✓ Done

$ agent-browser --session studio-verified press Enter
✓ Done

$ agent-browser --session studio-verified eval -b T2JqZWN0LmZyb21FbnRyaWVzKFsiQzEiLCAiRDEiLCAiRjEiXS5tYXAoYT0+W2EsZG9jdW1lbnQucXVlcnlTZWxlY3RvcigiI2NlbGwtIithKyIgLmNlbGwtY29udGVudCIpLnRleHRDb250ZW50XSkp
{
  "C1": "15",
  "D1": "35",
  "F1": "23"
}

$ agent-browser --session studio-verified eval -b T2JqZWN0LmZyb21FbnRyaWVzKEFycmF5LmZyb20oZG9jdW1lbnQucXVlcnlTZWxlY3RvckFsbCgiI2NoYXJ0LXN0YWdlIFtkYXRhLWFkZHJlc3NdIikpLm1hcChuPT5bbi5kYXRhc2V0LmFkZHJlc3MsTnVtYmVyKG4uZ2V0QXR0cmlidXRlKCJhcmlhLWxhYmVsIikubWF0Y2goLzogKC4rPykgwrcgLylbMV0pXSkp
{
  "I2": 15,
  "I3": 20,
  "I4": 35,
  "J2": 8,
  "J3": 18,
  "J4": 26
}

$ agent-browser --session studio-verified find role button click --name Export --exact
✓ Done

$ agent-browser --session studio-verified download '#export-json' /home/pyro/projects/naked/sol61/21-spreadsheet-chart-studio/evidence/direct-file-workbook.json
✓ Download saved to /home/pyro/projects/naked/sol61/21-spreadsheet-chart-studio/evidence/direct-file-workbook.json

$ agent-browser --session studio-verified find role button click --name 'Close export' --exact
✓ Done

$ agent-browser --session studio-verified download '#export-png' /home/pyro/projects/naked/sol61/21-spreadsheet-chart-studio/evidence/direct-file-chart.png
✓ Download saved to /home/pyro/projects/naked/sol61/21-spreadsheet-chart-studio/evidence/direct-file-chart.png

$ agent-browser --session studio-verified download '#export-svg' /home/pyro/projects/naked/sol61/21-spreadsheet-chart-studio/evidence/direct-file-chart.svg
✓ Download saved to /home/pyro/projects/naked/sol61/21-spreadsheet-chart-studio/evidence/direct-file-chart.svg

$ agent-browser --session studio-verified find role button click --name Import --exact
✓ Done

$ agent-browser --session studio-verified select '#import-format' csv
✓ Done

$ agent-browser --session studio-verified find label 'File contents' fill 'label,value
alpha,2
literal,=1+1'
✓ Done

$ agent-browser --session studio-verified find role button click --name 'Import workbook' --exact
✓ Done

$ agent-browser --session studio-verified eval -b T2JqZWN0LmZyb21FbnRyaWVzKFsiQjIiLCAiQjMiXS5tYXAoYT0+W2EsZG9jdW1lbnQucXVlcnlTZWxlY3RvcigiI2NlbGwtIithKyIgLmNlbGwtY29udGVudCIpLnRleHRDb250ZW50XSkp
{
  "B2": "2",
  "B3": "=1+1"
}

$ agent-browser --session studio-verified find role button click --name Undo --exact
✓ Done

$ agent-browser --session studio-verified eval -b T2JqZWN0LmZyb21FbnRyaWVzKFsiQzEiLCAiRDEiXS5tYXAoYT0+W2EsZG9jdW1lbnQucXVlcnlTZWxlY3RvcigiI2NlbGwtIithKyIgLmNlbGwtY29udGVudCIpLnRleHRDb250ZW50XSkp
{
  "C1": "15",
  "D1": "35"
}

$ agent-browser --session studio-verified screenshot /home/pyro/projects/naked/sol61/21-spreadsheet-chart-studio/evidence/screenshots/sheet07-direct-file.png
✓ Screenshot saved to /home/pyro/projects/naked/sol61/21-spreadsheet-chart-studio/evidence/screenshots/sheet07-direct-file.png

$ agent-browser --session studio-verified errors

$ agent-browser --session studio-verified console

$ agent-browser --session studio-verified reload
file:///home/pyro/projects/naked/sol61/21-spreadsheet-chart-studio/index.html

$ agent-browser --session studio-verified eval -b T2JqZWN0LmZyb21FbnRyaWVzKFsiQTEiLCAiQzEiXS5tYXAoYT0+W2EsZG9jdW1lbnQucXVlcnlTZWxlY3RvcigiI2NlbGwtIithKyIgLmNlbGwtY29udGVudCIpLnRleHRDb250ZW50XSkp
{
  "A1": "2",
  "C1": "6"
}

$ agent-browser --session studio-verified is enabled '#undo'
false

$ agent-browser --session studio-verified network har stop /home/pyro/projects/naked/sol61/21-spreadsheet-chart-studio/evidence/logs/direct-file.har
✓ HAR saved to /home/pyro/projects/naked/sol61/21-spreadsheet-chart-studio/evidence/logs/direct-file.har (3 requests)

