$ agent-browser --session studio-verified frame main
✓ Done

$ agent-browser --session studio-verified set viewport 1280 800
✓ Done

$ agent-browser --session studio-verified network har start
✓ HAR recording started

$ agent-browser --session studio-verified open http://127.0.0.1:8765/evidence/opaque-frame.html
✓ Opaque-origin boundary validation
  http://127.0.0.1:8765/evidence/opaque-frame.html

$ agent-browser --session studio-verified wait '#studio-frame'
✓ Done

$ node evidence/tests/iframe_cdp.cjs diagnostics
{"origin": "null", "storage": "SecurityError", "parentAccess": "SecurityError", "clipboardAvailable": true}
$ agent-browser --session studio-verified snapshot -i --json > /home/pyro/projects/naked/sol61/21-spreadsheet-chart-studio/evidence/logs/iframe-snapshot-01.json
$ agent-browser --session studio-verified click @e10
✓ Done

$ agent-browser --session studio-verified snapshot -i --json > /home/pyro/projects/naked/sol61/21-spreadsheet-chart-studio/evidence/logs/iframe-snapshot-02.json
$ agent-browser --session studio-verified get text @e72
6

$ agent-browser --session studio-verified get text @e73
26

$ agent-browser --session studio-verified get text @e75
11

$ agent-browser --session studio-verified snapshot -i --json > /home/pyro/projects/naked/sol61/21-spreadsheet-chart-studio/evidence/logs/iframe-snapshot-03.json
$ agent-browser --session studio-verified fill @e20 A1
✓ Done

$ agent-browser --session studio-verified press Enter
✓ Done

$ agent-browser --session studio-verified press 5
✓ Done

$ agent-browser --session studio-verified press Enter
✓ Done

$ agent-browser --session studio-verified snapshot -i --json > /home/pyro/projects/naked/sol61/21-spreadsheet-chart-studio/evidence/logs/iframe-snapshot-04.json
$ agent-browser --session studio-verified get text @e68
5

$ agent-browser --session studio-verified get text @e70
15

$ agent-browser --session studio-verified get text @e71
35

$ agent-browser --session studio-verified get text @e73
23

$ agent-browser --session studio-verified snapshot -i --json > /home/pyro/projects/naked/sol61/21-spreadsheet-chart-studio/evidence/logs/iframe-snapshot-05.json
$ agent-browser --session studio-verified snapshot -i --json > /home/pyro/projects/naked/sol61/21-spreadsheet-chart-studio/evidence/logs/iframe-snapshot-06.json
$ agent-browser --session studio-verified snapshot -i --json > /home/pyro/projects/naked/sol61/21-spreadsheet-chart-studio/evidence/logs/iframe-snapshot-07.json
$ agent-browser --session studio-verified snapshot -i --json > /home/pyro/projects/naked/sol61/21-spreadsheet-chart-studio/evidence/logs/iframe-snapshot-08.json
$ agent-browser --session studio-verified click @e15
✓ Done

$ agent-browser --session studio-verified snapshot -i --json > /home/pyro/projects/naked/sol61/21-spreadsheet-chart-studio/evidence/logs/iframe-snapshot-09.json
$ agent-browser --session studio-verified fill @e20 F1
✓ Done

$ agent-browser --session studio-verified press Enter
✓ Done

$ agent-browser --session studio-verified snapshot -i --json > /home/pyro/projects/naked/sol61/21-spreadsheet-chart-studio/evidence/logs/iframe-snapshot-10.json
$ agent-browser --session studio-verified click @e17
✓ Done

$ agent-browser --session studio-verified snapshot -i --json > /home/pyro/projects/naked/sol61/21-spreadsheet-chart-studio/evidence/logs/iframe-snapshot-11.json
$ agent-browser --session studio-verified fill @e20 F2
✓ Done

$ agent-browser --session studio-verified press Enter
✓ Done

$ agent-browser --session studio-verified snapshot -i --json > /home/pyro/projects/naked/sol61/21-spreadsheet-chart-studio/evidence/logs/iframe-snapshot-12.json
$ agent-browser --session studio-verified click @e18
✓ Done

$ agent-browser --session studio-verified snapshot -i --json > /home/pyro/projects/naked/sol61/21-spreadsheet-chart-studio/evidence/logs/iframe-snapshot-13.json
$ agent-browser --session studio-verified fill @e20 F2
✓ Done

$ agent-browser --session studio-verified press Enter
✓ Done

$ agent-browser --session studio-verified snapshot -i --json > /home/pyro/projects/naked/sol61/21-spreadsheet-chart-studio/evidence/logs/iframe-snapshot-14.json
$ agent-browser --session studio-verified get value @e21
=$A2+B$1+$C$1

$ agent-browser --session studio-verified snapshot -i --json > /home/pyro/projects/naked/sol61/21-spreadsheet-chart-studio/evidence/logs/iframe-snapshot-15.json
$ agent-browser --session studio-verified get text @e102
13

$ agent-browser --session studio-verified snapshot -i --json > /home/pyro/projects/naked/sol61/21-spreadsheet-chart-studio/evidence/logs/iframe-snapshot-16.json
$ agent-browser --session studio-verified click @e9
✓ Done

$ agent-browser --session studio-verified snapshot -i --json > /home/pyro/projects/naked/sol61/21-spreadsheet-chart-studio/evidence/logs/iframe-snapshot-17.json
Traceback (most recent call last):
  File "/home/pyro/projects/naked/sol61/21-spreadsheet-chart-studio/evidence/tests/opaque_workflow.py", line 35, in <module>
    click('Export');p=ROOT/'evidence/opaque-frame-workbook.json';b.ab('download',ref('button','Studio workbook Typed raw cells, formulas, and all chart settings.'),str(p));click('Close export')
                                                                                 ^^^^^^^^^^^^^^^^^^^^^^^^^^^^^^^^^^^^^^^^^^^^^^^^^^^^^^^^^^^^^^^^^^^^^^^^^^^^^^^^^^
  File "/home/pyro/projects/naked/sol61/21-spreadsheet-chart-studio/evidence/tests/opaque_workflow.py", line 13, in ref
    assert len(matches)==1,(role,name,matches);return '@'+matches[0]
           ^^^^^^^^^^^^^^^
AssertionError: ('button', 'Studio workbook Typed raw cells, formulas, and all chart settings.', [])
$ agent-browser --session studio-verified screenshot /home/pyro/projects/naked/sol61/21-spreadsheet-chart-studio/evidence/screenshots/sheet07-opaque-ref-failure.png
✓ Screenshot saved to /home/pyro/projects/naked/sol61/21-spreadsheet-chart-studio/evidence/screenshots/sheet07-opaque-ref-failure.png

