$ agent-browser --session studio-verified find role button click --name Reset --exact
✓ Done

$ agent-browser --session studio-verified find role button click --name Chart --exact
✓ Done

$ agent-browser --session studio-verified snapshot -i --json > /home/pyro/projects/naked/sol61/21-spreadsheet-chart-studio/evidence/logs/workflow-snapshot-2150480-1.json
$ agent-browser --session studio-verified fill @e3 'Performance trend'
✓ Done

$ agent-browser --session studio-verified snapshot -i --json > /home/pyro/projects/naked/sol61/21-spreadsheet-chart-studio/evidence/logs/workflow-snapshot-2150480-2.json
$ agent-browser --session studio-verified fill @e4 H1:J4
✓ Done

$ agent-browser --session studio-verified select '#new-chart-type' line
✓ Done

$ agent-browser --session studio-verified find role button click --name 'Create chart' --exact
✓ Done

$ agent-browser --session studio-verified get text '#chart-count'
2

$ agent-browser --session studio-verified find label 'Go to cell or range' fill B2
✓ Done

$ agent-browser --session studio-verified press Enter
✓ Done

$ agent-browser --session studio-verified find label 'Formula bar' fill 7
✓ Done

$ agent-browser --session studio-verified press Enter
✓ Done

$ agent-browser --session studio-verified eval -b T2JqZWN0LmZyb21FbnRyaWVzKEFycmF5LmZyb20oZG9jdW1lbnQucXVlcnlTZWxlY3RvckFsbCgiI2NoYXJ0LXN0YWdlIFtkYXRhLWFkZHJlc3NdIikpLm1hcChuPT5bbi5kYXRhc2V0LmFkZHJlc3MsTnVtYmVyKG4uZ2V0QXR0cmlidXRlKCJhcmlhLWxhYmVsIikubWF0Y2goLzogKC4rPykgwrcgLylbMV0pXSkp
{
  "I2": 6,
  "I3": 28,
  "I4": 34,
  "J2": 8,
  "J3": 18,
  "J4": 26
}

$ agent-browser --session studio-verified find role button click --name 'Chart settings' --exact
✓ Done

$ agent-browser --session studio-verified snapshot -i --json > /home/pyro/projects/naked/sol61/21-spreadsheet-chart-studio/evidence/logs/workflow-snapshot-2150480-3.json
$ agent-browser --session studio-verified fill @e33 'A clearer quarter'
✓ Done

$ agent-browser --session studio-verified find label 'Hex color for Current' fill '#9C6B45'
✓ Done

$ agent-browser --session studio-verified find role button click --name 'Save settings' --exact
✓ Done

$ agent-browser --session studio-verified download '#export-svg' /home/pyro/projects/naked/sol61/21-spreadsheet-chart-studio/evidence/current-chart.svg
✓ Download saved to /home/pyro/projects/naked/sol61/21-spreadsheet-chart-studio/evidence/current-chart.svg

$ agent-browser --session studio-verified download '#export-png' /home/pyro/projects/naked/sol61/21-spreadsheet-chart-studio/evidence/current-chart.png
✓ Download saved to /home/pyro/projects/naked/sol61/21-spreadsheet-chart-studio/evidence/current-chart.png

$ agent-browser --session studio-verified eval -b ZG9jdW1lbnQucXVlcnlTZWxlY3RvcigiI2NoYXJ0LXN0YWdlIHBhdGhbZGF0YS1zZXJpZXM9Q3VycmVudF0iKS5nZXRBdHRyaWJ1dGUoInN0cm9rZSIp
"#9c6b45"

$ agent-browser --session studio-verified eval -b ZG9jdW1lbnQuZ2V0RWxlbWVudEJ5SWQoImNoYXJ0LXNlbGVjdCIpLnNlbGVjdGVkT3B0aW9uc1swXS50ZXh0Q29udGVudA==
"A clearer quarter"

$ agent-browser --session studio-verified screenshot /home/pyro/projects/naked/sol61/21-spreadsheet-chart-studio/evidence/screenshots/sheet05-line-edited.png
✓ Screenshot saved to /home/pyro/projects/naked/sol61/21-spreadsheet-chart-studio/evidence/screenshots/sheet05-line-edited.png

$ agent-browser --session studio-verified find label 'Go to cell or range' fill I3
✓ Done

$ agent-browser --session studio-verified press Enter
✓ Done

$ agent-browser --session studio-verified find role button click --name 'Clear selected cells' --exact
✓ Done

$ agent-browser --session studio-verified eval -b T2JqZWN0LmZyb21FbnRyaWVzKEFycmF5LmZyb20oZG9jdW1lbnQucXVlcnlTZWxlY3RvckFsbCgiI2NoYXJ0LXN0YWdlIFtkYXRhLWFkZHJlc3NdIikpLm1hcChuPT5bbi5kYXRhc2V0LmFkZHJlc3MsTnVtYmVyKG4uZ2V0QXR0cmlidXRlKCJhcmlhLWxhYmVsIikubWF0Y2goLzogKC4rPykgwrcgLylbMV0pXSkp
{
  "I2": 6,
  "I4": 34,
  "J2": 8,
  "J3": 18,
  "J4": 26
}

$ agent-browser --session studio-verified get text '#omission-summary'
1 omitted: 1 blank · gaps preserved

$ agent-browser --session studio-verified eval -b ZG9jdW1lbnQucXVlcnlTZWxlY3RvcigiI2NoYXJ0LXN0YWdlIHBhdGhbZGF0YS1zZXJpZXM9Q3VycmVudF0iKS5nZXRBdHRyaWJ1dGUoImQiKQ==
"M 144.33333333333331 248.3 M 489.66666666666663 109.70000000000002"

$ agent-browser --session studio-verified screenshot /home/pyro/projects/naked/sol61/21-spreadsheet-chart-studio/evidence/screenshots/sheet05-line-gap.png
✓ Screenshot saved to /home/pyro/projects/naked/sol61/21-spreadsheet-chart-studio/evidence/screenshots/sheet05-line-gap.png

$ agent-browser --session studio-verified find role button click --name Undo --exact
✓ Done

$ agent-browser --session studio-verified eval -b T2JqZWN0LmZyb21FbnRyaWVzKEFycmF5LmZyb20oZG9jdW1lbnQucXVlcnlTZWxlY3RvckFsbCgiI2NoYXJ0LXN0YWdlIFtkYXRhLWFkZHJlc3NdIikpLm1hcChuPT5bbi5kYXRhc2V0LmFkZHJlc3MsTnVtYmVyKG4uZ2V0QXR0cmlidXRlKCJhcmlhLWxhYmVsIikubWF0Y2goLzogKC4rPykgwrcgLylbMV0pXSkp
{
  "I2": 6,
  "I3": 28,
  "I4": 34,
  "J2": 8,
  "J3": 18,
  "J4": 26
}

$ agent-browser --session studio-verified find role button click --name 'Grouped columns' --exact
✓ Done

$ agent-browser --session studio-verified eval -b ZG9jdW1lbnQucXVlcnlTZWxlY3RvckFsbCgiI2NoYXJ0LXN0YWdlIHJlY3RbZGF0YS1hZGRyZXNzXSIpLmxlbmd0aA==
6

$ agent-browser --session studio-verified find role button click --name 'Line chart' --exact
✓ Done

$ agent-browser --session studio-verified eval -b ZG9jdW1lbnQucXVlcnlTZWxlY3RvckFsbCgiI2NoYXJ0LXN0YWdlIGNpcmNsZVtkYXRhLWFkZHJlc3NdIikubGVuZ3Ro
6

$ agent-browser --session studio-verified focus '#splitter'
✓ Done

$ agent-browser --session studio-verified press ArrowLeft
✓ Done

$ agent-browser --session studio-verified press ArrowLeft
✓ Done

$ agent-browser --session studio-verified focus '#grid-resize'
✓ Done

$ agent-browser --session studio-verified press ArrowDown
✓ Done

$ agent-browser --session studio-verified eval -b T2JqZWN0LmZyb21FbnRyaWVzKFsiQjIiLCAiQzIiLCAiRDEiXS5tYXAoYT0+W2EsZG9jdW1lbnQucXVlcnlTZWxlY3RvcigiI2NlbGwtIithKyIgLmNlbGwtY29udGVudCIpLnRleHRDb250ZW50XSkp
{
  "B2": "7",
  "C2": "28",
  "D1": "34"
}

$ agent-browser --session studio-verified eval -b T2JqZWN0LmZyb21FbnRyaWVzKEFycmF5LmZyb20oZG9jdW1lbnQucXVlcnlTZWxlY3RvckFsbCgiI2NoYXJ0LXN0YWdlIFtkYXRhLWFkZHJlc3NdIikpLm1hcChuPT5bbi5kYXRhc2V0LmFkZHJlc3MsTnVtYmVyKG4uZ2V0QXR0cmlidXRlKCJhcmlhLWxhYmVsIikubWF0Y2goLzogKC4rPykgwrcgLylbMV0pXSkp
{
  "I2": 6,
  "I3": 28,
  "I4": 34,
  "J2": 8,
  "J3": 18,
  "J4": 26
}

$ agent-browser --session studio-verified errors

$ agent-browser --session studio-verified console

