$ agent-browser --session studio-verified find role button click --name Reset --exact
✓ Done

$ agent-browser --session studio-verified find role button click --name Chart --exact
✓ Done

$ agent-browser --session studio-verified find label 'Chart title' fill 'Performance trend'
✓ Done

$ agent-browser --session studio-verified find label 'Source range' fill H1:J4
✓ Done

$ agent-browser --session studio-verified select '#new-chart-type' line
✓ Done

$ agent-browser --session studio-verified find role button click --name 'Create chart' --exact
✓ Done

$ agent-browser --session studio-verified get text '#chart-count'
2

$ agent-browser --session studio-verified find label 'Go to cell or range' fill B2
✓ Done

$ agent-browser --session studio-verified press Enter
✓ Done

$ agent-browser --session studio-verified find label 'Formula bar' fill 7
✓ Done

$ agent-browser --session studio-verified press Enter
✓ Done

$ agent-browser --session studio-verified eval -b T2JqZWN0LmZyb21FbnRyaWVzKEFycmF5LmZyb20oZG9jdW1lbnQucXVlcnlTZWxlY3RvckFsbCgiI2NoYXJ0LXN0YWdlIFtkYXRhLWFkZHJlc3NdIikpLm1hcChuPT5bbi5kYXRhc2V0LmFkZHJlc3MsTnVtYmVyKG4uZ2V0QXR0cmlidXRlKCJhcmlhLWxhYmVsIikubWF0Y2goLzogKC4rPykgwrcgLylbMV0pXSkp
{
  "I2": 6,
  "I3": 28,
  "I4": 34,
  "J2": 8,
  "J3": 18,
  "J4": 26
}

$ agent-browser --session studio-verified find role button click --name 'Chart settings' --exact
✓ Done

$ agent-browser --session studio-verified find label 'Chart title' fill 'A clearer quarter'
✓ Done

$ agent-browser --session studio-verified find label 'Hex color for Current' fill '#9C6B45'
✓ Done

$ agent-browser --session studio-verified find role button click --name 'Save settings' --exact
✓ Done

$ agent-browser --session studio-verified download '#export-svg' /home/pyro/projects/naked/sol61/21-spreadsheet-chart-studio/evidence/current-chart.svg
✓ Download saved to /home/pyro/projects/naked/sol61/21-spreadsheet-chart-studio/evidence/current-chart.svg

$ agent-browser --session studio-verified download '#export-png' /home/pyro/projects/naked/sol61/21-spreadsheet-chart-studio/evidence/current-chart.png
✓ Download saved to /home/pyro/projects/naked/sol61/21-spreadsheet-chart-studio/evidence/current-chart.png

$ agent-browser --session studio-verified eval -b ZG9jdW1lbnQucXVlcnlTZWxlY3RvcigiI2NoYXJ0LXN0YWdlIHBhdGhbZGF0YS1zZXJpZXM9Q3VycmVudF0iKS5nZXRBdHRyaWJ1dGUoInN0cm9rZSIp
"#9c6b45"

$ agent-browser --session studio-verified get text '#chart-select'
Current vs Plan
A clearer quarter

Traceback (most recent call last):
  File "/home/pyro/projects/naked/sol61/21-spreadsheet-chart-studio/evidence/tests/browser_workflows.py", line 117, in run
    try:globals()['sheet%02d'%n]();status['SHEET-%02d'%n]='pass';print('PASS SHEET-%02d'%n,flush=True)
        ^^^^^^^^^^^^^^^^^^^^^^^^^^
  File "/home/pyro/projects/naked/sol61/21-spreadsheet-chart-studio/evidence/tests/browser_workflows.py", line 91, in sheet05
    svg=ROOT/'evidence/current-chart.svg';png=ROOT/'evidence/current-chart.png';ab('download','#export-svg',str(svg));ab('download','#export-png',str(png));assert 'A clearer quarter' in svg.read_text();assert 'Beta · Current: 28 · I3' in svg.read_text();assert 'Total · Current: 34 · I4' in svg.read_text();assert js('document.querySelector("#chart-stage path[data-series=Current]").getAttribute("stroke")')=='#9c6b45';assert ab('get','text','#chart-select')=='A clearer quarter';assert png.read_bytes().startswith(b'\x89PNG\r\n\x1a\n');screenshot('sheet05-line-edited.png')
                                                                                                                                                                                                                                                                                                                                                                                                                                          ^^^^^^^^^^^^^^^^^^^^^^^^^^^^^^^^^^^^^^^^^^^^^^^^^^^^^
AssertionError
$ agent-browser --session studio-verified screenshot /home/pyro/projects/naked/sol61/21-spreadsheet-chart-studio/evidence/screenshots/sheet05-failure.png
✓ Screenshot saved to /home/pyro/projects/naked/sol61/21-spreadsheet-chart-studio/evidence/screenshots/sheet05-failure.png

