$ agent-browser --session studio-verified frame main
✓ Done

$ agent-browser --session studio-verified set viewport 1280 800
✓ Done

$ agent-browser --session studio-verified network har start
✓ HAR recording started

$ agent-browser --session studio-verified open http://127.0.0.1:8765/evidence/opaque-frame.html
✓ Opaque-origin boundary validation
  http://127.0.0.1:8765/evidence/opaque-frame.html

$ agent-browser --session studio-verified wait '#studio-frame'
✓ Done

$ node evidence/tests/iframe_cdp.cjs diagnostics
{"origin": "null", "storage": "SecurityError", "parentAccess": "SecurityError", "clipboardRead": "denied", "clipboardWrite": "denied"}
$ agent-browser --session studio-verified snapshot -i --json > /home/pyro/projects/naked/sol61/21-spreadsheet-chart-studio/evidence/logs/iframe-snapshot-2144297-01.json
$ agent-browser --session studio-verified click @e10
✓ Done

$ agent-browser --session studio-verified snapshot -i --json > /home/pyro/projects/naked/sol61/21-spreadsheet-chart-studio/evidence/logs/iframe-snapshot-2144297-02.json
$ agent-browser --session studio-verified get text @e72
6

$ agent-browser --session studio-verified get text @e73
26

$ agent-browser --session studio-verified get text @e75
11

$ agent-browser --session studio-verified snapshot -i --json > /home/pyro/projects/naked/sol61/21-spreadsheet-chart-studio/evidence/logs/iframe-snapshot-2144297-03.json
$ agent-browser --session studio-verified fill @e20 A1
✓ Done

$ agent-browser --session studio-verified press Enter
✓ Done

$ agent-browser --session studio-verified press 5
✓ Done

$ agent-browser --session studio-verified press Enter
✓ Done

$ agent-browser --session studio-verified snapshot -i --json > /home/pyro/projects/naked/sol61/21-spreadsheet-chart-studio/evidence/logs/iframe-snapshot-2144297-04.json
$ agent-browser --session studio-verified get text @e68
5

$ agent-browser --session studio-verified get text @e70
15

$ agent-browser --session studio-verified get text @e71
35

$ agent-browser --session studio-verified get text @e73
23

$ agent-browser --session studio-verified snapshot -i --json > /home/pyro/projects/naked/sol61/21-spreadsheet-chart-studio/evidence/logs/iframe-snapshot-2144297-05.json
$ agent-browser --session studio-verified snapshot -i --json > /home/pyro/projects/naked/sol61/21-spreadsheet-chart-studio/evidence/logs/iframe-snapshot-2144297-06.json
$ agent-browser --session studio-verified snapshot -i --json > /home/pyro/projects/naked/sol61/21-spreadsheet-chart-studio/evidence/logs/iframe-snapshot-2144297-07.json
$ agent-browser --session studio-verified snapshot -i --json > /home/pyro/projects/naked/sol61/21-spreadsheet-chart-studio/evidence/logs/iframe-snapshot-2144297-08.json
$ agent-browser --session studio-verified click @e15
✓ Done

$ agent-browser --session studio-verified snapshot -i --json > /home/pyro/projects/naked/sol61/21-spreadsheet-chart-studio/evidence/logs/iframe-snapshot-2144297-09.json
$ agent-browser --session studio-verified fill @e20 F1
✓ Done

$ agent-browser --session studio-verified press Enter
✓ Done

$ agent-browser --session studio-verified snapshot -i --json > /home/pyro/projects/naked/sol61/21-spreadsheet-chart-studio/evidence/logs/iframe-snapshot-2144297-10.json
$ agent-browser --session studio-verified click @e17
✓ Done

$ agent-browser --session studio-verified snapshot -i --json > /home/pyro/projects/naked/sol61/21-spreadsheet-chart-studio/evidence/logs/iframe-snapshot-2144297-11.json
$ agent-browser --session studio-verified fill @e20 F2
✓ Done

$ agent-browser --session studio-verified press Enter
✓ Done

$ agent-browser --session studio-verified snapshot -i --json > /home/pyro/projects/naked/sol61/21-spreadsheet-chart-studio/evidence/logs/iframe-snapshot-2144297-12.json
$ agent-browser --session studio-verified click @e18
✓ Done

$ agent-browser --session studio-verified snapshot -i --json > /home/pyro/projects/naked/sol61/21-spreadsheet-chart-studio/evidence/logs/iframe-snapshot-2144297-13.json
$ agent-browser --session studio-verified fill @e20 F2
✓ Done

$ agent-browser --session studio-verified press Enter
✓ Done

$ agent-browser --session studio-verified snapshot -i --json > /home/pyro/projects/naked/sol61/21-spreadsheet-chart-studio/evidence/logs/iframe-snapshot-2144297-14.json
$ agent-browser --session studio-verified get value @e21
=$A2+B$1+$C$1

$ agent-browser --session studio-verified snapshot -i --json > /home/pyro/projects/naked/sol61/21-spreadsheet-chart-studio/evidence/logs/iframe-snapshot-2144297-15.json
$ agent-browser --session studio-verified get text @e102
13

$ agent-browser --session studio-verified snapshot -i --json > /home/pyro/projects/naked/sol61/21-spreadsheet-chart-studio/evidence/logs/iframe-snapshot-2144297-16.json
$ agent-browser --session studio-verified click @e9
✓ Done

$ agent-browser --session studio-verified snapshot -i --json > /home/pyro/projects/naked/sol61/21-spreadsheet-chart-studio/evidence/logs/iframe-snapshot-2144297-17.json
$ agent-browser --session studio-verified click @e4
✓ Done

Observed download: /home/pyro/projects/naked/sol61/21-spreadsheet-chart-studio/evidence/iframe-downloads/run-2144297/Performance-workbook.json -> /home/pyro/projects/naked/sol61/21-spreadsheet-chart-studio/evidence/opaque-frame-workbook.json (197853 bytes)
$ agent-browser --session studio-verified snapshot -i --json > /home/pyro/projects/naked/sol61/21-spreadsheet-chart-studio/evidence/logs/iframe-snapshot-2144297-18.json
$ agent-browser --session studio-verified click @e3
✓ Done

$ agent-browser --session studio-verified snapshot -i --json > /home/pyro/projects/naked/sol61/21-spreadsheet-chart-studio/evidence/logs/iframe-snapshot-2144297-19.json
$ agent-browser --session studio-verified click @e33
✓ Done

Observed download: /home/pyro/projects/naked/sol61/21-spreadsheet-chart-studio/evidence/iframe-downloads/run-2144297/Current-vs-Plan.svg -> /home/pyro/projects/naked/sol61/21-spreadsheet-chart-studio/evidence/opaque-frame-chart.svg (3811 bytes)
$ agent-browser --session studio-verified snapshot -i --json > /home/pyro/projects/naked/sol61/21-spreadsheet-chart-studio/evidence/logs/iframe-snapshot-2144297-20.json
$ agent-browser --session studio-verified click @e34
✓ Done

Observed download: /home/pyro/projects/naked/sol61/21-spreadsheet-chart-studio/evidence/iframe-downloads/run-2144297/Current-vs-Plan.png -> /home/pyro/projects/naked/sol61/21-spreadsheet-chart-studio/evidence/opaque-frame-chart.png (53812 bytes)
$ agent-browser --session studio-verified snapshot -i --json > /home/pyro/projects/naked/sol61/21-spreadsheet-chart-studio/evidence/logs/iframe-snapshot-2144297-21.json
$ agent-browser --session studio-verified click @e8
✓ Done

$ agent-browser --session studio-verified snapshot -i --json > /home/pyro/projects/naked/sol61/21-spreadsheet-chart-studio/evidence/logs/iframe-snapshot-2144297-22.json
$ agent-browser --session studio-verified select @e4 csv
✓ Done

$ agent-browser --session studio-verified snapshot -i --json > /home/pyro/projects/naked/sol61/21-spreadsheet-chart-studio/evidence/logs/iframe-snapshot-2144297-23.json
$ agent-browser --session studio-verified fill @e6 'label,value
"alpha, beta",2
"line
break",=1+1'
✓ Done

$ agent-browser --session studio-verified snapshot -i --json > /home/pyro/projects/naked/sol61/21-spreadsheet-chart-studio/evidence/logs/iframe-snapshot-2144297-24.json
$ agent-browser --session studio-verified click @e8
✓ Done

$ agent-browser --session studio-verified snapshot -i --json > /home/pyro/projects/naked/sol61/21-spreadsheet-chart-studio/evidence/logs/iframe-snapshot-2144297-25.json
Traceback (most recent call last):
  File "/home/pyro/projects/naked/sol61/21-spreadsheet-chart-studio/evidence/tests/opaque_workflow.py", line 48, in <module>
    import_csv();cells({'A2':'alpha, beta','B2':'2','A3':'line\nbreak','B3':'=1+1'});assert not any(v['role']=='combobox' and v['name']=='Selected chart' for v in snap().values())
                 ^^^^^^^^^^^^^^^^^^^^^^^^^^^^^^^^^^^^^^^^^^^^^^^^^^^^^^^^^^^^^^^^^^^
  File "/home/pyro/projects/naked/sol61/21-spreadsheet-chart-studio/evidence/tests/opaque_workflow.py", line 20, in cells
    refs=snap();by={v['name'].split(',')[0]:'@'+i for i,v in refs.items() if v['role']=='gridcell'};actual={a:b.ab('get','text',by[a]) for a in expected};assert actual==expected,(actual,expected);print('Opaque cells:',actual,flush=True)
                                                                                                                                ~~^^^
KeyError: 'A2'
$ agent-browser --session studio-verified screenshot /home/pyro/projects/naked/sol61/21-spreadsheet-chart-studio/evidence/screenshots/sheet07-opaque-ref-failure.png
✓ Screenshot saved to /home/pyro/projects/naked/sol61/21-spreadsheet-chart-studio/evidence/screenshots/sheet07-opaque-ref-failure.png

