$ agent-browser --session studio-verified frame main
✓ Done

$ agent-browser --session studio-verified set viewport 1280 800
✓ Done

$ agent-browser --session studio-verified network har start
✓ HAR recording started

$ agent-browser --session studio-verified open http://127.0.0.1:8765/evidence/opaque-frame.html
✓ Opaque-origin boundary validation
  http://127.0.0.1:8765/evidence/opaque-frame.html

$ agent-browser --session studio-verified wait '#studio-frame'
✓ Done

$ node evidence/tests/iframe_cdp.cjs diagnostics
{"origin": "null", "storage": "SecurityError", "parentAccess": "SecurityError", "clipboardRead": "denied", "clipboardWrite": "denied"}
Traceback (most recent call last):
  File "/home/pyro/projects/naked/sol61/21-spreadsheet-chart-studio/evidence/tests/opaque_workflow.py", line 42, in <module>
    assert time.monotonic()<deadline,'CDP diagnostic subscription ready';time.sleep(.05)
           ^^^^^^^^^^^^^^^^^^^^^^^^^
AssertionError: CDP diagnostic subscription ready
$ agent-browser --session studio-verified screenshot /home/pyro/projects/naked/sol61/21-spreadsheet-chart-studio/evidence/screenshots/sheet07-opaque-ref-failure.png
✓ Screenshot saved to /home/pyro/projects/naked/sol61/21-spreadsheet-chart-studio/evidence/screenshots/sheet07-opaque-ref-failure.png

