$ agent-browser --session studio-verified frame main
✓ Done

$ agent-browser --session studio-verified set viewport 1280 800
✓ Done

$ agent-browser --session studio-verified network har start
✓ HAR recording started

$ agent-browser --session studio-verified open http://127.0.0.1:8765/evidence/opaque-frame.html
✓ Opaque-origin boundary validation
  http://127.0.0.1:8765/evidence/opaque-frame.html

$ agent-browser --session studio-verified frame '#studio-frame'
✗ Frame not found

Traceback (most recent call last):
  File "/home/pyro/projects/naked/sol61/21-spreadsheet-chart-studio/evidence/tests/browser_boundaries.py", line 27, in <module>
    b.ab('frame','main');b.ab('set','viewport',1280,800);b.ab('network','har','start');b.ab('open','http://127.0.0.1:8765/evidence/opaque-frame.html');b.ab('frame','#studio-frame');b.ab('wait','#reset');b.reset()
                                                                                                                                                       ^^^^^^^^^^^^^^^^^^^^^^^^^^^^^
  File "/home/pyro/projects/naked/sol61/21-spreadsheet-chart-studio/evidence/tests/browser_workflows.py", line 16, in ab
    if result.returncode:raise RuntimeError(result.stdout+result.stderr)
                         ^^^^^^^^^^^^^^^^^^^^^^^^^^^^^^^^^^^^^^^^^^^^^^^
RuntimeError: ✗ Frame not found

$ agent-browser --session studio-verified screenshot /home/pyro/projects/naked/sol61/21-spreadsheet-chart-studio/evidence/screenshots/sheet07-opaque-frame-failure.png
✓ Screenshot saved to /home/pyro/projects/naked/sol61/21-spreadsheet-chart-studio/evidence/screenshots/sheet07-opaque-frame-failure.png

