$ agent-browser --session studio-verified find role button click --name Reset --exact
✓ Done

$ agent-browser --session studio-verified eval -b T2JqZWN0LmZyb21FbnRyaWVzKFsiQzEiLCAiQzIiLCAiRDEiLCAiRTEiLCAiRjEiXS5tYXAoYT0+W2EsZG9jdW1lbnQucXVlcnlTZWxlY3RvcigiI2NlbGwtIithKyIgLmNlbGwtY29udGVudCIpLnRleHRDb250ZW50XSkp
{
  "C1": "6",
  "C2": "20",
  "D1": "26",
  "E1": "10",
  "F1": "11"
}

$ agent-browser --session studio-verified eval -b T2JqZWN0LmZyb21FbnRyaWVzKEFycmF5LmZyb20oZG9jdW1lbnQucXVlcnlTZWxlY3RvckFsbCgiI2NoYXJ0LXN0YWdlIFtkYXRhLWFkZHJlc3NdIikpLm1hcChuPT5bbi5kYXRhc2V0LmFkZHJlc3MsTnVtYmVyKG4uZ2V0QXR0cmlidXRlKCJhcmlhLWxhYmVsIikubWF0Y2goLzogKC4rPykgwrcgLylbMV0pXSkp
{
  "I2": 6,
  "I3": 20,
  "I4": 26,
  "J2": 8,
  "J3": 18,
  "J4": 26
}

$ agent-browser --session studio-verified find label 'Go to cell or range' fill C1
✓ Done

$ agent-browser --session studio-verified press Enter
✓ Done

$ agent-browser --session studio-verified get value '#formula-input'
=A1*B1

$ agent-browser --session studio-verified find label 'Go to cell or range' fill C2
✓ Done

$ agent-browser --session studio-verified press Enter
✓ Done

$ agent-browser --session studio-verified get value '#formula-input'
=A2*B2

$ agent-browser --session studio-verified find label 'Go to cell or range' fill D1
✓ Done

$ agent-browser --session studio-verified press Enter
✓ Done

$ agent-browser --session studio-verified get value '#formula-input'
=SUM(C1:C2)

$ agent-browser --session studio-verified find label 'Go to cell or range' fill E1
✓ Done

$ agent-browser --session studio-verified press Enter
✓ Done

$ agent-browser --session studio-verified get value '#formula-input'
=IF(A1>0,10,1/0)

$ agent-browser --session studio-verified find label 'Go to cell or range' fill F1
✓ Done

$ agent-browser --session studio-verified press Enter
✓ Done

$ agent-browser --session studio-verified get value '#formula-input'
=$A1+B$1+$C$1

$ agent-browser --session studio-verified find label 'Go to cell or range' fill A1
✓ Done

$ agent-browser --session studio-verified press Enter
✓ Done

$ agent-browser --session studio-verified find label 'Formula bar' fill 5
✓ Done

$ agent-browser --session studio-verified press Enter
✓ Done

$ agent-browser --session studio-verified eval -b T2JqZWN0LmZyb21FbnRyaWVzKFsiQzEiLCAiRDEiLCAiRjEiXS5tYXAoYT0+W2EsZG9jdW1lbnQucXVlcnlTZWxlY3RvcigiI2NlbGwtIithKyIgLmNlbGwtY29udGVudCIpLnRleHRDb250ZW50XSkp
{
  "C1": "15",
  "D1": "35",
  "F1": "23"
}

$ agent-browser --session studio-verified eval -b T2JqZWN0LmZyb21FbnRyaWVzKEFycmF5LmZyb20oZG9jdW1lbnQucXVlcnlTZWxlY3RvckFsbCgiI2NoYXJ0LXN0YWdlIFtkYXRhLWFkZHJlc3NdIikpLm1hcChuPT5bbi5kYXRhc2V0LmFkZHJlc3MsTnVtYmVyKG4uZ2V0QXR0cmlidXRlKCJhcmlhLWxhYmVsIikubWF0Y2goLzogKC4rPykgwrcgLylbMV0pXSkp
{
  "I2": 15,
  "I3": 20,
  "I4": 35,
  "J2": 8,
  "J3": 18,
  "J4": 26
}

$ agent-browser --session studio-verified screenshot /home/pyro/projects/naked/sol61/21-spreadsheet-chart-studio/evidence/screenshots/sheet01-live-edit.png
✓ Screenshot saved to /home/pyro/projects/naked/sol61/21-spreadsheet-chart-studio/evidence/screenshots/sheet01-live-edit.png

$ agent-browser --session studio-verified find role button click --name Undo --exact
✓ Done

$ agent-browser --session studio-verified eval -b T2JqZWN0LmZyb21FbnRyaWVzKFsiQTEiLCAiQzEiLCAiRDEiLCAiRjEiXS5tYXAoYT0+W2EsZG9jdW1lbnQucXVlcnlTZWxlY3RvcigiI2NlbGwtIithKyIgLmNlbGwtY29udGVudCIpLnRleHRDb250ZW50XSkp
{
  "A1": "2",
  "C1": "6",
  "D1": "26",
  "F1": "11"
}

$ agent-browser --session studio-verified eval -b T2JqZWN0LmZyb21FbnRyaWVzKEFycmF5LmZyb20oZG9jdW1lbnQucXVlcnlTZWxlY3RvckFsbCgiI2NoYXJ0LXN0YWdlIFtkYXRhLWFkZHJlc3NdIikpLm1hcChuPT5bbi5kYXRhc2V0LmFkZHJlc3MsTnVtYmVyKG4uZ2V0QXR0cmlidXRlKCJhcmlhLWxhYmVsIikubWF0Y2goLzogKC4rPykgwrcgLylbMV0pXSkp
{
  "I2": 6,
  "I3": 20,
  "I4": 26,
  "J2": 8,
  "J3": 18,
  "J4": 26
}

$ agent-browser --session studio-verified hover '#chart-stage [data-address="I3"]'
✓ Done

$ agent-browser --session studio-verified find role button click --name 'Beta · Current: 20 · I3' --exact
✓ Done

$ agent-browser --session studio-verified get value '#address-input'
I3

$ agent-browser --session studio-verified get value '#formula-input'
=C2

$ agent-browser --session studio-verified get text '#point-inspector'
Current
Beta
20
I3 ↗

$ agent-browser --session studio-verified screenshot /home/pyro/projects/naked/sol61/21-spreadsheet-chart-studio/evidence/screenshots/sheet01-source-inspection.png
✓ Screenshot saved to /home/pyro/projects/naked/sol61/21-spreadsheet-chart-studio/evidence/screenshots/sheet01-source-inspection.png

$ agent-browser --session studio-verified find label 'Go to cell or range' fill A1:B2
✓ Done

$ agent-browser --session studio-verified press Enter
✓ Done

$ agent-browser --session studio-verified get text '#numeric-count'
4

$ agent-browser --session studio-verified get text '#numeric-sum'
14

$ agent-browser --session studio-verified errors

$ agent-browser --session studio-verified console

