agent-browser --session orbital find role button click --name Pause\ simulation
agent-browser --session orbital mouse move 572 437
agent-browser --session orbital mouse down left
agent-browser --session orbital mouse up left
agent-browser --session orbital eval window.Lensing.getState\(\)
agent-browser --session orbital screenshot evidence/screenshots/02-selected-ray.png
agent-browser --session orbital open file:///home/pyro/projects/naked/sol61/05-black-hole-lensing/index.html
agent-browser --session orbital wait --fn window.Lensing\ \&\&\ window.Lensing.getState\(\).frame\ \>\ 2
agent-browser --session orbital eval \(\{renderer:\(\(\)=\>\{let\ g=document.querySelector\(\"#universe\"\).getContext\(\"webgl2\"\)\,e=g.getExtension\(\"WEBGL_debug_renderer_info\"\)\;return\ e\?g.getParameter\(e.UNMASKED_RENDERER_WEBGL\):\"not\ disclosed\"\}\)\(\)\,state:window.Lensing.getState\(\)\}\)
agent-browser --session orbital wait --fn window.Lensing.getState\(\).adaptiveScale\ \<\ 0.6
agent-browser --session orbital find role button click --name Pause\ simulation
agent-browser --session orbital wait --fn window.Lensing.getState\(\).accumFrames\ \>=\ 32
agent-browser --session orbital screenshot evidence/screenshots/03-desktop-refined.png
agent-browser --session orbital eval window.Lensing.getState\(\)
agent-browser --session orbital mouse move 618 423
agent-browser --session orbital mouse down left
agent-browser --session orbital mouse move 576 433
agent-browser --session orbital mouse move 511 440
agent-browser --session orbital mouse up left
agent-browser --session orbital eval window.Lensing.getState\(\)
agent-browser --session orbital screenshot evidence/screenshots/04-camera-orbit.png
agent-browser --session orbital open file:///home/pyro/projects/naked/sol61/05-black-hole-lensing/index.html
agent-browser --session orbital find role button click --name Pause\ simulation
agent-browser --session orbital find role tab click --name Render
agent-browser --session orbital uncheck \#adaptive
agent-browser --session orbital uncheck \#accumulation
agent-browser --session orbital screenshot evidence/screenshots/05-native-render.png
agent-browser --session orbital eval window.Lensing.getState\(\)
agent-browser --session orbital find role tab click --name Scene
agent-browser --session orbital find role slider focus --name Lensing\ strength
agent-browser --session orbital press Home
agent-browser --session orbital screenshot evidence/screenshots/06-zero-lensing.png
agent-browser --session orbital eval \(\{state:window.Lensing.getState\(\)\,ray:window.Lensing.tracePixel\(.7\,.4\)\}\)
agent-browser --session orbital press End
agent-browser --session orbital screenshot evidence/screenshots/07-strong-lensing.png
agent-browser --session orbital scrollintoview \#control-strength
agent-browser --session orbital focus \#control-strength
agent-browser --session orbital press Home
agent-browser --session orbital eval \(\{strength:window.Lensing.getState\(\).settings.strength\,ray:\(\(\)=\>\{let\ r=window.Lensing.tracePixel\(.7\,.4\)\;return\ \{deflection:r.deflection\,closest:r.closest\,steps:r.steps\,outcome:r.outcome\}\}\)\(\)\}\)
agent-browser --session orbital screenshot evidence/screenshots/08-zero-lensing-verified.png
agent-browser --session orbital press End
agent-browser --session orbital eval \(\{strength:window.Lensing.getState\(\).settings.strength\,ray:\(\(\)=\>\{let\ r=window.Lensing.tracePixel\(.7\,.4\)\;return\ \{deflection:r.deflection\,closest:r.closest\,steps:r.steps\,outcome:r.outcome\}\}\)\(\)\}\)
agent-browser --session orbital screenshot evidence/screenshots/09-strong-lensing-verified.png
agent-browser --session orbital find role button click --name Reset\ settings
agent-browser --session orbital find role button click --name Pause\ simulation
agent-browser --session orbital find role tab click --name Render
agent-browser --session orbital uncheck \#adaptive
agent-browser --session orbital uncheck \#accumulation
agent-browser --session orbital find role tab click --name Scene
agent-browser --session orbital mouse move 664 352
agent-browser --session orbital mouse down left
agent-browser --session orbital mouse up left
agent-browser --session orbital select \#mode 1
agent-browser --session orbital screenshot evidence/screenshots/10-step-diagnostic.png
agent-browser --session orbital select \#mode 2
agent-browser --session orbital screenshot evidence/screenshots/11-deflection-diagnostic.png
agent-browser --session orbital select \#mode 3
agent-browser --session orbital screenshot evidence/screenshots/12-frequency-diagnostic.png
agent-browser --session orbital eval window.Lensing.getState\(\)
agent-browser --session orbital scrollintoview \#control-doppler
agent-browser --session orbital focus \#control-doppler
agent-browser --session orbital press Home
agent-browser --session orbital eval \(\{doppler:window.Lensing.getState\(\).settings.doppler\,ray:window.Lensing.getState\(\).ray\,pixel:window.Lensing.getPixel\(.7034\,.3994\)\}\)
agent-browser --session orbital screenshot evidence/screenshots/13-doppler-disabled.png
agent-browser --session orbital focus \#control-redshift
agent-browser --session orbital press Home
agent-browser --session orbital eval \(\{redshift:window.Lensing.getState\(\).settings.redshift\,ray:window.Lensing.getState\(\).ray\,pixel:window.Lensing.getPixel\(.7034\,.3994\)\}\)
agent-browser --session orbital screenshot evidence/screenshots/14-frequency-neutral.png
agent-browser --session orbital focus \#control-doppler
agent-browser --session orbital press End
agent-browser --session orbital eval \(\{doppler:window.Lensing.getState\(\).settings.doppler\,ray:window.Lensing.getState\(\).ray\,pixel:window.Lensing.getPixel\(.7034\,.3994\)\}\)
agent-browser --session orbital screenshot evidence/screenshots/15-doppler-strong.png
agent-browser --session orbital select \#mode 4
agent-browser --session orbital screenshot evidence/screenshots/16-disk-coordinates.png
agent-browser --session orbital select \#mode 5
agent-browser --session orbital screenshot evidence/screenshots/17-closest-distance.png
agent-browser --session orbital select \#mode 6
agent-browser --session orbital screenshot evidence/screenshots/18-classification.png
agent-browser --session orbital find role tab click --name Render
agent-browser --session orbital focus \#control-rayStep
agent-browser --session orbital press Home
agent-browser --session orbital focus \#control-steps
agent-browser --session orbital press Home
agent-browser --session orbital eval \(\{rayStep:window.Lensing.getState\(\).settings.rayStep\,budget:window.Lensing.getState\(\).settings.steps\,ray:window.Lensing.getState\(\).ray\,outer:\(\(r\)=\>\(\{steps:r.steps\,outcome:r.outcome\}\)\)\(window.Lensing.tracePixel\(.8\,.2\)\)\}\)
agent-browser --session orbital screenshot evidence/screenshots/19-exhausted-budget.png
agent-browser --session orbital press End
agent-browser --session orbital eval \(\{budget:window.Lensing.getState\(\).settings.steps\,ray:window.Lensing.getState\(\).ray\,outer:\(\(r\)=\>\(\{steps:r.steps\,outcome:r.outcome\}\)\)\(window.Lensing.tracePixel\(.8\,.2\)\)\}\)
agent-browser --session orbital screenshot evidence/screenshots/20-restored-budget.png
agent-browser --session orbital find role button click --name Performance
agent-browser --session orbital select \#mode 1
agent-browser --session orbital scrollintoview \#remember
agent-browser --session orbital check \#remember
agent-browser --session orbital wait --fn localStorage.getItem\(\"orbital-settings-v1\"\)\ \&\&\ JSON.parse\(localStorage.getItem\(\"orbital-settings-v1\"\)\).quality\ ===\ \"low\"
agent-browser --session orbital eval \(\{saved:JSON.parse\(localStorage.getItem\(\"orbital-settings-v1\"\)\)\,checked:document.querySelector\(\"#remember\"\).checked\}\)
agent-browser --session orbital open file:///home/pyro/projects/naked/sol61/05-black-hole-lensing/index.html
agent-browser --session orbital eval \(\{state:window.Lensing.getState\(\)\,remember:document.querySelector\(\"#remember\"\).checked\}\)
agent-browser --session orbital find role tab click --name Render
agent-browser --session orbital scrollintoview \#remember
agent-browser --session orbital screenshot evidence/screenshots/21-persistence-failure.png
agent-browser --session orbital open file:///home/pyro/projects/naked/sol61/05-black-hole-lensing/index.html
agent-browser --session orbital wait --fn window.Lensing\ \&\&\ \!window.Lensing.getState\(\).pendingRender
agent-browser --session orbital eval \(\{remember:document.querySelector\(\"#remember\"\).checked\,state:window.Lensing.getState\(\)\}\)
agent-browser --session orbital find role button click --name Pause\ simulation
agent-browser --session orbital find role tab click --name Render
agent-browser --session orbital scrollintoview \#remember
agent-browser --session orbital screenshot evidence/screenshots/22-persistence-fixed.png
agent-browser --session orbital uncheck \#remember
agent-browser --session orbital find role button click --name Reset\ settings
agent-browser --session orbital find role button click --name Pause\ simulation
agent-browser --session orbital find role tab click --name Render
agent-browser --session orbital uncheck \#adaptive
agent-browser --session orbital uncheck \#accumulation
agent-browser --session orbital find role tab click --name Scene
agent-browser --session orbital select \#mode 3
agent-browser --session orbital mouse move 664 352
agent-browser --session orbital mouse down left
agent-browser --session orbital mouse up left
agent-browser --session orbital wait --fn \!window.Lensing.getState\(\).pendingRender
agent-browser --session orbital eval \(\{ray:window.Lensing.getState\(\).ray\,pixel:window.Lensing.getPixel\(.7034\,.3994\)\}\)
agent-browser --session orbital scrollintoview \#control-doppler
agent-browser --session orbital focus \#control-doppler
agent-browser --session orbital press End
agent-browser --session orbital wait --fn \!window.Lensing.getState\(\).pendingRender
agent-browser --session orbital eval \(\{ray:window.Lensing.getState\(\).ray\,pixel:window.Lensing.getPixel\(.7034\,.3994\)\}\)
agent-browser --session orbital screenshot evidence/screenshots/23-frequency-render-verified.png
agent-browser --session orbital select \#mode 1
agent-browser --session orbital wait --fn \!window.Lensing.getState\(\).pendingRender
agent-browser --session orbital eval --stdin
agent-browser --session orbital select \#mode 2
agent-browser --session orbital wait --fn \!window.Lensing.getState\(\).pendingRender
agent-browser --session orbital eval --stdin
agent-browser --session orbital select \#mode 3
agent-browser --session orbital wait --fn \!window.Lensing.getState\(\).pendingRender
agent-browser --session orbital eval --stdin
agent-browser --session orbital select \#mode 5
agent-browser --session orbital wait --fn \!window.Lensing.getState\(\).pendingRender
agent-browser --session orbital eval --stdin
agent-browser --session orbital select \#mode 0
agent-browser --session orbital find role button click --name Close\ ray\ inspector
agent-browser --session orbital find role tab click --name Camera
agent-browser --session orbital check \#show-horizon
agent-browser --session orbital check \#show-photon
agent-browser --session orbital check \#show-disk
agent-browser --session orbital mouse move 658 434
agent-browser --session orbital mouse down right
agent-browser --session orbital mouse move 692 445
agent-browser --session orbital mouse up right
agent-browser --session orbital mouse wheel -180
agent-browser --session orbital focus \#universe
agent-browser --session orbital press ArrowLeft
agent-browser --session orbital press Shift+ArrowUp
agent-browser --session orbital press +
agent-browser --session orbital wait --fn \!window.Lensing.getState\(\).pendingRender
agent-browser --session orbital eval \(\{camera:window.Lensing.getState\(\).camera\,settings:window.Lensing.getState\(\).settings\}\)
agent-browser --session orbital screenshot evidence/screenshots/24-pan-zoom-overlays.png
agent-browser --session orbital fill \#time-input 500
agent-browser --session orbital find role button click --name Set --exact
agent-browser --session orbital wait --fn \!window.Lensing.getState\(\).pendingRender
agent-browser --session orbital eval \(\{time:window.Lensing.getState\(\).time\,paused:window.Lensing.getState\(\).paused\}\)
agent-browser --session orbital fill \#time-input -1
agent-browser --session orbital find role button click --name Set --exact
agent-browser --session orbital get text \#toast
agent-browser --session orbital eval \(\{time:window.Lensing.getState\(\).time\,errors:window.Lensing.getState\(\).events.errors\}\)
agent-browser --session orbital find role button click --name Polar --exact
agent-browser --session orbital wait --fn Math.abs\(window.Lensing.getState\(\).camera.pitch-1.28\)\<0.001
agent-browser --session orbital screenshot evidence/screenshots/25-polar-preset.png
agent-browser --session orbital find role button click --name Equatorial --exact
agent-browser --session orbital wait --fn Math.abs\(window.Lensing.getState\(\).camera.pitch-0.035\)\<0.001
agent-browser --session orbital screenshot evidence/screenshots/26-equatorial-preset.png
agent-browser --session orbital find role button click --name Distant --exact
agent-browser --session orbital wait --fn Math.abs\(window.Lensing.getState\(\).camera.distance-32\)\<0.001
agent-browser --session orbital screenshot evidence/screenshots/27-distant-preset.png
agent-browser --session orbital find role button click --name Enable\ auto\ orbit
agent-browser --session orbital wait --fn window.Lensing.getState\(\).camera.yaw\ \>\ -0.2
agent-browser --session orbital eval \(\{autoOrbit:window.Lensing.getState\(\).autoOrbit\,camera:window.Lensing.getState\(\).camera\,time:window.Lensing.getState\(\).time\,frame:window.Lensing.getState\(\).frame\}\)
agent-browser --session orbital find role button click --name Disable\ auto\ orbit
agent-browser --session orbital find role button click --name Cinematic --exact
agent-browser --session orbital wait --fn Math.abs\(window.Lensing.getState\(\).camera.distance-18\)\<0.001
agent-browser --session orbital find role tab click --name Render
agent-browser --session orbital find role button click --name Performance --exact
agent-browser --session orbital wait --fn \!window.Lensing.getState\(\).pendingRender
agent-browser --session orbital eval \(\{quality:window.Lensing.getState\(\).quality\,dimensions:window.Lensing.getState\(\).dimensions\,settings:window.Lensing.getState\(\).settings\}\)
agent-browser --session orbital find role button click --name Ultra --exact
agent-browser --session orbital wait --fn \!window.Lensing.getState\(\).pendingRender
agent-browser --session orbital eval \(\{quality:window.Lensing.getState\(\).quality\,dimensions:window.Lensing.getState\(\).dimensions\,steps:window.Lensing.getState\(\).settings.steps\,rayStep:window.Lensing.getState\(\).settings.rayStep\,glError:window.Lensing.getState\(\).glError\}\)
agent-browser --session orbital screenshot evidence/screenshots/28-ultra-quality.png
agent-browser --session orbital find role button click --name Balanced --exact
agent-browser --session orbital focus \#control-resolution
agent-browser --session orbital press Home
agent-browser --session orbital wait --fn \!window.Lensing.getState\(\).pendingRender
agent-browser --session orbital eval \(\{quality:window.Lensing.getState\(\).quality\,dimensions:window.Lensing.getState\(\).dimensions\,resolution:window.Lensing.getState\(\).settings.resolution\}\)
agent-browser --session orbital find role button click --name Balanced --exact
agent-browser --session orbital check \#accumulation
agent-browser --session orbital wait --fn window.Lensing.getState\(\).accumFrames\ \>=\ 32
agent-browser --session orbital eval \(\{frame:window.Lensing.getState\(\).frame\,accumFrames:window.Lensing.getState\(\).accumFrames\,time:window.Lensing.getState\(\).time\,fps:window.Lensing.getState\(\).fps\}\)
agent-browser --session orbital uncheck \#accumulation
agent-browser --session orbital scrollintoview \#export-settings
agent-browser --session orbital download \#export-settings evidence/exported-settings.json
agent-browser --session orbital download \#save-image evidence/observation.png
agent-browser --session orbital find role button click --name Reset\ settings
agent-browser --session orbital find role button click --name Pause\ simulation
agent-browser --session orbital find role tab click --name Render
agent-browser --session orbital scrollintoview \#import-settings
agent-browser --session orbital upload \#import-settings evidence/exported-settings.json
agent-browser --session orbital wait --fn window.Lensing.getState\(\).settings.doppler\ ===\ 2\ \&\&\ \!window.Lensing.getState\(\).pendingRender
agent-browser --session orbital eval \(\{settings:window.Lensing.getState\(\).settings\,overlays:\[document.querySelector\(\"#show-horizon\"\).checked\,document.querySelector\(\"#show-photon\"\).checked\,document.querySelector\(\"#show-disk\"\).checked\]\,errors:window.Lensing.getState\(\).events.errors\}\)
agent-browser --session orbital upload \#import-settings evidence/invalid-settings.json
agent-browser --session orbital get text \#toast
agent-browser --session orbital click \#guide-btn
agent-browser --session orbital snapshot -i
agent-browser --session orbital screenshot evidence/screenshots/29-field-guide.png
agent-browser --session orbital press Escape
agent-browser --session orbital is visible \#guide-dialog
agent-browser --session orbital get cdp-url
agent-browser --session orbital upload \#import-settings /home/pyro/projects/naked/sol61/05-black-hole-lensing/evidence/exported-settings.json
agent-browser --session orbital wait --fn window.Lensing.getState\(\).settings.doppler\ ===\ 2\ \&\&\ \!window.Lensing.getState\(\).pendingRender
agent-browser --session orbital eval \(\{imported:window.Lensing.getState\(\).settings.doppler\,overlays:\[document.querySelector\(\"#show-horizon\"\).checked\,document.querySelector\(\"#show-photon\"\).checked\,document.querySelector\(\"#show-disk\"\).checked\]\}\)
agent-browser --session orbital upload \#import-settings /home/pyro/projects/naked/sol61/05-black-hole-lensing/evidence/invalid-settings.json
agent-browser --session orbital get text \#toast
agent-browser --session orbital scrollintoview \#remember
agent-browser --session orbital eval \(\(\)=\>\{const\ c=document.querySelector\(\"#remember\"\)\,r=document.querySelector\(\"#control-strength\"\)\;if\(c.checked\)c.click\(\)\;c.click\(\)\;r.value=1.1\;r.dispatchEvent\(new\ Event\(\"input\"\,\{bubbles:true\}\)\)\;c.click\(\)\;window.__raceWall=performance.now\(\)\;return\ \{remember:c.checked\,storage:localStorage.getItem\(\"orbital-settings-v1\"\)\}\}\)\(\)
agent-browser --session orbital wait --fn performance.now\(\)-window.__raceWall\ \>\ 700
agent-browser --session orbital eval \(\{remember:document.querySelector\(\"#remember\"\).checked\,stored:localStorage.getItem\(\"orbital-settings-v1\"\)\!==null\}\)
agent-browser --session orbital find role button click --name Balanced --exact
agent-browser --session orbital uncheck \#adaptive
agent-browser --session orbital uncheck \#accumulation
agent-browser --session orbital focus \#universe
agent-browser --session orbital eval window.__clockStart=\{wall:performance.now\(\)\,time:Lensing.getState\(\).time\}
agent-browser --session orbital press Space
agent-browser --session orbital wait --fn performance.now\(\)-window.__clockStart.wall\ \>\ 4500
agent-browser --session orbital eval \(\{elapsed:\(performance.now\(\)-window.__clockStart.wall\)/1000\,simulationElapsed:Lensing.getState\(\).time-window.__clockStart.time\,fps:Lensing.getState\(\).fps\}\)
agent-browser --session orbital press Space
agent-browser --session orbital set viewport 1024 500
agent-browser --session orbital eval \(\{viewport:innerHeight\,dockBottom:document.querySelector\(\".dock\"\).getBoundingClientRect\(\).bottom\,footerBottom:document.querySelector\(\"footer\"\).getBoundingClientRect\(\).bottom\,bodyOverflow:getComputedStyle\(document.body\).overflow\}\)
agent-browser --session orbital screenshot evidence/screenshots/30-short-landscape-failure.png
agent-browser --session orbital open file:///home/pyro/projects/naked/sol61/05-black-hole-lensing/index.html
agent-browser --session orbital find role button click --name Pause\ simulation
agent-browser --session orbital find role tab click --name Render
agent-browser --session orbital scrollintoview \#remember
agent-browser --session orbital eval \(\(\)=\>\{const\ c=document.querySelector\(\"#remember\"\)\,r=document.querySelector\(\"#control-strength\"\)\;if\(c.checked\)c.click\(\)\;c.click\(\)\;r.value=1.1\;r.dispatchEvent\(new\ Event\(\"input\"\,\{bubbles:true\}\)\)\;c.click\(\)\;window.__raceWall=performance.now\(\)\;return\ \{remember:c.checked\,storage:localStorage.getItem\(\"orbital-settings-v1\"\)\}\}\)\(\)
agent-browser --session orbital wait --fn performance.now\(\)-window.__raceWall\ \>\ 700
agent-browser --session orbital eval \(\{remember:document.querySelector\(\"#remember\"\).checked\,stored:localStorage.getItem\(\"orbital-settings-v1\"\)\!==null\}\)
agent-browser --session orbital find role button click --name Reset\ settings
agent-browser --session orbital find role button click --name Pause\ simulation
agent-browser --session orbital find role tab click --name Render
agent-browser --session orbital uncheck \#adaptive
agent-browser --session orbital uncheck \#accumulation
agent-browser --session orbital eval \(\{viewport:innerHeight\,dockBottom:document.querySelector\(\".dock\"\).getBoundingClientRect\(\).bottom\,footerBottom:document.querySelector\(\"footer\"\).getBoundingClientRect\(\).bottom\}\)
agent-browser --session orbital screenshot evidence/screenshots/31-short-landscape-fixed.png
agent-browser --session orbital set viewport 1280 800
agent-browser --session orbital wait --fn \!window.Lensing.getState\(\).pendingRender
agent-browser --session orbital focus \#universe
agent-browser --session orbital eval window.__clockStart=\{wall:performance.now\(\)\,time:Lensing.getState\(\).time\}
agent-browser --session orbital press Space
agent-browser --session orbital wait --fn performance.now\(\)-window.__clockStart.wall\ \>\ 4500
agent-browser --session orbital eval \(\{elapsed:\(performance.now\(\)-window.__clockStart.wall\)/1000\,simulationElapsed:Lensing.getState\(\).time-window.__clockStart.time\,fps:Lensing.getState\(\).fps\}\)
agent-browser --session orbital press Space
agent-browser --session orbital wait --fn \!window.Lensing.getState\(\).pendingRender
agent-browser --session orbital find role button click --name Cinematic --exact
agent-browser --session orbital wait --fn Math.abs\(window.Lensing.getState\(\).camera.distance-18\)\<0.001
agent-browser --session orbital find role tab click --name Scene
agent-browser --session orbital scrollintoview \#control-spin
agent-browser --session orbital focus \#control-spin
agent-browser --session orbital press End
agent-browser --session orbital scrollintoview \#control-horizon
agent-browser --session orbital focus \#control-horizon
agent-browser --session orbital press End
agent-browser --session orbital scrollintoview \#control-inner
agent-browser --session orbital focus \#control-inner
agent-browser --session orbital press End
agent-browser --session orbital scrollintoview \#control-outer
agent-browser --session orbital focus \#control-outer
agent-browser --session orbital press End
agent-browser --session orbital scrollintoview \#control-thickness
agent-browser --session orbital focus \#control-thickness
agent-browser --session orbital press End
agent-browser --session orbital scrollintoview \#control-inclination
agent-browser --session orbital focus \#control-inclination
agent-browser --session orbital press End
agent-browser --session orbital scrollintoview \#control-temperature
agent-browser --session orbital focus \#control-temperature
agent-browser --session orbital press End
agent-browser --session orbital scrollintoview \#control-turbulence
agent-browser --session orbital focus \#control-turbulence
agent-browser --session orbital press End
agent-browser --session orbital wait --fn \!window.Lensing.getState\(\).pendingRender
agent-browser --session orbital eval \(\{settings:window.Lensing.getState\(\).settings\,glError:window.Lensing.getState\(\).glError\,errors:window.Lensing.getState\(\).events.errors\}\)
agent-browser --session orbital screenshot evidence/screenshots/32-disk-controls-extremes.png
agent-browser --session orbital find role tab click --name Render
agent-browser --session orbital scrollintoview \#control-exposure
agent-browser --session orbital focus \#control-exposure
agent-browser --session orbital press End
agent-browser --session orbital scrollintoview \#control-contrast
agent-browser --session orbital focus \#control-contrast
agent-browser --session orbital press End
agent-browser --session orbital scrollintoview \#control-bloom
agent-browser --session orbital focus \#control-bloom
agent-browser --session orbital press End
agent-browser --session orbital wait --fn \!window.Lensing.getState\(\).pendingRender
agent-browser --session orbital eval \(\{exposure:window.Lensing.getState\(\).settings.exposure\,contrast:window.Lensing.getState\(\).settings.contrast\,bloom:window.Lensing.getState\(\).settings.bloom\,glError:window.Lensing.getState\(\).glError\}\)
agent-browser --session orbital find role button click --name Reset\ settings
agent-browser --session orbital find role button click --name Pause\ simulation
agent-browser --session orbital find role tab click --name Render
agent-browser --session orbital uncheck \#adaptive
agent-browser --session orbital uncheck \#accumulation
agent-browser --session orbital scrollintoview \#import-settings
agent-browser --session orbital find role button click --name Polar --exact
agent-browser --session orbital upload \#import-settings /home/pyro/projects/naked/sol61/05-black-hole-lensing/evidence/zero-pitch-settings.json
agent-browser --session orbital wait --fn window.Lensing.getState\(\).camera.pitch\ ===\ 0\ \&\&\ \!window.Lensing.getState\(\).pendingRender
agent-browser --session orbital eval \(\{camera:window.Lensing.getState\(\).camera\,errors:window.Lensing.getState\(\).events.errors\}\)
agent-browser --session orbital find role button click --name Cinematic --exact
agent-browser --session orbital wait --fn Math.abs\(window.Lensing.getState\(\).camera.distance-18\)\<0.001
agent-browser --session orbital set viewport 390 844
agent-browser --session orbital wait --fn \!window.Lensing.getState\(\).pendingRender
agent-browser --session orbital screenshot evidence/screenshots/33-mobile-initial.png
agent-browser --session orbital eval \(\{viewport:\[innerWidth\,innerHeight\]\,pageWidth:document.documentElement.scrollWidth\,render:window.Lensing.getState\(\).dimensions\,glError:window.Lensing.getState\(\).glError\}\)
agent-browser --session orbital find role button click --name Open\ observation\ controls
agent-browser --session orbital snapshot -i
agent-browser --session orbital find role tab click --name Render
agent-browser --session orbital find role button click --name Performance --exact
agent-browser --session orbital select \#mode 2
agent-browser --session orbital screenshot evidence/screenshots/34-mobile-controls.png
agent-browser --session orbital find role button click --name Close\ observation\ controls
agent-browser --session orbital screenshot evidence/screenshots/35-mobile-deflection.png
agent-browser --session orbital screenshot evidence/screenshots/36-mobile-ray.png
agent-browser --session orbital find role button click --name Close\ ray\ inspector
agent-browser --session orbital wait --fn \!window.Lensing.getState\(\).pendingRender
agent-browser --session orbital screenshot evidence/screenshots/37-mobile-touch-gestures.png
agent-browser --session orbital open file:///home/pyro/projects/naked/sol61/05-black-hole-lensing/index.html
agent-browser --session orbital find role button click --name Pause\ simulation
agent-browser --session orbital find role button click --name Open\ observation\ controls
agent-browser --session orbital find role tab click --name Render
agent-browser --session orbital uncheck \#adaptive
agent-browser --session orbital uncheck \#accumulation
agent-browser --session orbital find role button click --name Close\ observation\ controls
agent-browser --session orbital wait --fn \!window.Lensing.getState\(\).pendingRender\ \&\&\ document.querySelector\(\"#stat-state\"\).textContent.includes\(\"PAUSED\"\)
agent-browser --session orbital screenshot evidence/screenshots/38-mobile-final.png
agent-browser --session orbital find role button click --name Cinematic --exact
agent-browser --session orbital wait --fn Math.abs\(window.Lensing.getState\(\).camera.distance-18\)\<0.001
agent-browser --session orbital set viewport 390 844 2
agent-browser --session orbital wait --fn \!window.Lensing.getState\(\).pendingRender
agent-browser --session orbital set viewport 390 844 1
agent-browser --session orbital open file:///home/pyro/projects/naked/sol61/05-black-hole-lensing/index.html
agent-browser --session orbital wait --fn window.Lensing\ \&\&\ window.Lensing.getState\(\).ready
agent-browser --session orbital find role button click --name Pause\ simulation
agent-browser --session orbital find role button click --name Open\ observation\ controls
agent-browser --session orbital find role tab click --name Render
agent-browser --session orbital uncheck \#adaptive
agent-browser --session orbital scrollintoview \#adaptive
agent-browser --session orbital uncheck \#adaptive
agent-browser --session orbital scrollintoview \#accumulation
agent-browser --session orbital uncheck \#accumulation
agent-browser --session orbital find role button click --name Close\ observation\ controls
agent-browser --session orbital wait --fn \!window.Lensing.getState\(\).pendingRender
agent-browser --session orbital screenshot evidence/screenshots/42-mobile-final-verified.png
agent-browser --session orbital find role button click --name Cinematic --exact
agent-browser --session orbital wait --fn Math.abs\(window.Lensing.getState\(\).camera.distance-18\)\<0.001
agent-browser --session orbital set viewport 390 844 2
agent-browser --session orbital wait --fn \!window.Lensing.getState\(\).pendingRender
agent-browser --session orbital eval \(\{devicePixelRatio\,dimensions:window.Lensing.getState\(\).dimensions\,viewport:\[innerWidth\,innerHeight\]\,glError:window.Lensing.getState\(\).glError\}\)
agent-browser --session orbital screenshot evidence/screenshots/43-mobile-retina-verified.png
agent-browser --session orbital find role button click --name Open\ observation\ controls
agent-browser --session orbital find role tab click --name Camera
agent-browser --session orbital scrollintoview \#control-fov
agent-browser --session orbital focus \#control-fov
agent-browser --session orbital press End
agent-browser --session orbital scrollintoview \#control-orbitSpeed
agent-browser --session orbital focus \#control-orbitSpeed
agent-browser --session orbital press End
agent-browser --session orbital scrollintoview \#control-timeSpeed
agent-browser --session orbital focus \#control-timeSpeed
agent-browser --session orbital press End
agent-browser --session orbital wait --fn \!window.Lensing.getState\(\).pendingRender
agent-browser --session orbital eval \(\{fov:window.Lensing.getState\(\).settings.fov\,orbitSpeed:window.Lensing.getState\(\).settings.orbitSpeed\,timeSpeed:window.Lensing.getState\(\).settings.timeSpeed\,errors:window.Lensing.getState\(\).events.errors\,glError:window.Lensing.getState\(\).glError\}\)
agent-browser --session orbital find role button click --name Reset\ settings
agent-browser --session orbital find role button click --name Pause\ simulation
agent-browser --session orbital set viewport 390 844 1
agent-browser --session orbital open file:///home/pyro/projects/naked/sol61/05-black-hole-lensing/index.html
agent-browser --session orbital find role button click --name Pause\ simulation
agent-browser --session orbital find role button click --name Open\ observation\ controls
agent-browser --session orbital find role tab click --name Render
agent-browser --session orbital scrollintoview \#adaptive
agent-browser --session orbital uncheck \#adaptive
agent-browser --session orbital scrollintoview \#accumulation
agent-browser --session orbital uncheck \#accumulation
agent-browser --session orbital find role button click --name Close\ observation\ controls
agent-browser --session orbital wait --fn \!window.Lensing.getState\(\).pendingRender
agent-browser --session orbital eval \(\{dpr:devicePixelRatio\,dimensions:window.Lensing.getState\(\).dimensions\}\)
agent-browser --session orbital set viewport 390 844 2
agent-browser --session orbital wait --fn window.Lensing.getState\(\).dimensions\[0\]\ \>\ 400\ \&\&\ \!window.Lensing.getState\(\).pendingRender
agent-browser --session orbital eval \(\{dpr:devicePixelRatio\,dimensions:window.Lensing.getState\(\).dimensions\,errors:window.Lensing.getState\(\).events.errors\,glError:window.Lensing.getState\(\).glError\}\)
agent-browser --session orbital screenshot evidence/screenshots/47-mobile-retina-final.png
agent-browser --session orbital set viewport 1280 800 1
agent-browser --session orbital wait --fn \!window.Lensing.getState\(\).pendingRender
agent-browser --session orbital eval \(\(\)=\>\{const\ g=document.querySelector\(\"#universe\"\).getContext\(\"webgl2\"\)\,e=g.getExtension\(\"WEBGL_lose_context\"\)\;if\(\!e\)return\ \{blocked:true\}\;e.loseContext\(\)\;return\ \{requested:true\}\}\)\(\)
agent-browser --session orbital wait --text Graphics\ context\ interrupted.
agent-browser --session orbital screenshot evidence/screenshots/44-context-loss-verified.png
agent-browser --session orbital find role button click --name Try\ again
agent-browser --session orbital wait --fn window.Lensing.getState\(\).ready\ \&\&\ \!window.Lensing.getState\(\).pendingRender
agent-browser --session orbital eval \(\{ready:window.Lensing.getState\(\).ready\,status:document.querySelector\(\"#stat-state\"\).textContent\,events:window.Lensing.getState\(\).events\,error:window.Lensing.getState\(\).error\,glError:window.Lensing.getState\(\).glError\}\)
agent-browser --session orbital screenshot evidence/screenshots/45-context-restored-verified.png
agent-browser --session orbital open file:///home/pyro/projects/naked/sol61/05-black-hole-lensing/index.html
agent-browser --session orbital find role button click --name Pause\ simulation
agent-browser --session orbital find role tab click --name Render
agent-browser --session orbital scrollintoview \#adaptive
agent-browser --session orbital uncheck \#adaptive
agent-browser --session orbital scrollintoview \#accumulation
agent-browser --session orbital uncheck \#accumulation
agent-browser --session orbital find role tab click --name Scene
agent-browser --session orbital focus \#control-strength
agent-browser --session orbital press ArrowRight
agent-browser --session orbital wait --fn \!window.Lensing.getState\(\).pendingRender
agent-browser --session orbital eval \(\{paused:window.Lensing.getState\(\).paused\,strength:window.Lensing.getState\(\).settings.strength\,time:window.Lensing.getState\(\).time\}\)
agent-browser --session orbital eval \(\(\)=\>\{const\ g=document.querySelector\(\"#universe\"\).getContext\(\"webgl2\"\)\;g.getExtension\(\"WEBGL_lose_context\"\).loseContext\(\)\;return\ true\}\)\(\)
agent-browser --session orbital wait --text Graphics\ context\ interrupted.
agent-browser --session orbital screenshot evidence/screenshots/48-context-loss-session.png
agent-browser --session orbital find role button click --name Try\ again
agent-browser --session orbital wait --fn window.Lensing.getState\(\).ready\ \&\&\ \!window.Lensing.getState\(\).pendingRender
agent-browser --session orbital eval \(\{ready:window.Lensing.getState\(\).ready\,paused:window.Lensing.getState\(\).paused\,strength:window.Lensing.getState\(\).settings.strength\,time:window.Lensing.getState\(\).time\,status:document.querySelector\(\"#stat-state\"\).textContent\,events:window.Lensing.getState\(\).events\,error:window.Lensing.getState\(\).error\,glError:window.Lensing.getState\(\).glError\}\)
agent-browser --session orbital screenshot evidence/screenshots/49-context-restored-preserved.png
agent-browser --session orbital open file:///home/pyro/projects/naked/sol61/05-black-hole-lensing/index.html
agent-browser --session orbital find role button click --name Pause\ simulation
agent-browser --session orbital find role tab click --name Render
agent-browser --session orbital scrollintoview \#adaptive
agent-browser --session orbital uncheck \#adaptive
agent-browser --session orbital scrollintoview \#accumulation
agent-browser --session orbital uncheck \#accumulation
agent-browser --session orbital select \#mode 1
agent-browser --session orbital wait --fn \!window.Lensing.getState\(\).pendingRender
agent-browser --session orbital eval --stdin
agent-browser --session orbital select \#mode 2
agent-browser --session orbital wait --fn \!window.Lensing.getState\(\).pendingRender
agent-browser --session orbital eval --stdin
agent-browser --session orbital select \#mode 3
agent-browser --session orbital wait --fn \!window.Lensing.getState\(\).pendingRender
agent-browser --session orbital eval --stdin
agent-browser --session orbital select \#mode 5
agent-browser --session orbital wait --fn \!window.Lensing.getState\(\).pendingRender
agent-browser --session orbital eval --stdin
agent-browser --session orbital focus \#control-steps
agent-browser --session orbital press End
agent-browser --session orbital eval \(\(\)=\>\{let\ best=null\;for\(let\ x=.62\;x\<.65\;x+=.0001\)\{const\ r=Lensing.tracePixel\(x\,.5\)\;if\(\!best\|\|r.deflection\>best.deflection\)best=\{x\,y:.5\,deflection:r.deflection\,steps:r.steps\,closest:r.closest\,outcome:r.outcome\}\}return\ best\}\)\(\)
agent-browser --session orbital mouse move 601 421.5
agent-browser --session orbital mouse move 601 422
agent-browser --session orbital mouse down left
agent-browser --session orbital mouse up left
agent-browser --session orbital select \#mode 2
agent-browser --session orbital wait --fn \!window.Lensing.getState\(\).pendingRender
agent-browser --session orbital eval window.Lensing.getState\(\).ray
agent-browser --session orbital screenshot evidence/screenshots/50-photon-region-trajectory.png
agent-browser --session orbital open file:///home/pyro/projects/naked/sol61/05-black-hole-lensing/evidence/fixtures/shader-failure.html
agent-browser --session orbital wait --text The\ light\ engine\ could\ not\ start.
agent-browser --session orbital eval window.Lensing.getState\(\)
agent-browser --session orbital screenshot evidence/screenshots/51-shader-failure-explanation.png
agent-browser --session orbital errors
agent-browser --session orbital console
agent-browser --session orbital open file:///home/pyro/projects/naked/sol61/05-black-hole-lensing/index.html
agent-browser --session orbital find role button click --name Pause\ simulation
agent-browser --session orbital find role tab click --name Render
agent-browser --session orbital scrollintoview \#adaptive
agent-browser --session orbital uncheck \#adaptive
agent-browser --session orbital scrollintoview \#accumulation
agent-browser --session orbital uncheck \#accumulation
agent-browser --session orbital wait --fn \!window.Lensing.getState\(\).pendingRender\ \&\&\ document.querySelector\(\"#steps-type\"\).textContent\ ===\ \"avg/9\"
agent-browser --session orbital eval \(\{state:window.Lensing.getState\(\)\,displayedAverage:document.querySelector\(\"#stat-steps\"\).textContent\,independentAverage:Math.round\(\[.3\,.5\,.7\].flatMap\(x=\>\[.3\,.5\,.7\].map\(y=\>Lensing.tracePixel\(x\,y\).steps\)\).reduce\(\(a\,b\)=\>a+b\,0\)/9\)\}\)
agent-browser --session orbital find role tab click --name Scene
agent-browser --session orbital screenshot evidence/screenshots/52-desktop-delivery.png
agent-browser --session orbital errors
agent-browser --session orbital console
agent-browser --session orbital network requests
agent-browser --session orbital errors --clear
agent-browser --session orbital console --clear
agent-browser --session orbital open file:///home/pyro/projects/naked/sol61/05-black-hole-lensing/index.html
agent-browser --session orbital find role button click --name Pause\ simulation
agent-browser --session orbital find role tab click --name Render
agent-browser --session orbital scrollintoview \#adaptive
agent-browser --session orbital uncheck \#adaptive
agent-browser --session orbital scrollintoview \#accumulation
agent-browser --session orbital uncheck \#accumulation
agent-browser --session orbital wait --fn \!window.Lensing.getState\(\).pendingRender
agent-browser --session orbital find role tab click --name Scene
agent-browser --session orbital errors --json
agent-browser --session orbital console --json
agent-browser --session orbital eval \(\{ready:Lensing.getState\(\).ready\,errors:Lensing.getState\(\).events.errors\,shaderLogs:Lensing.getState\(\).events.shaderLogs\,glError:Lensing.getState\(\).glError\,dimensions:Lensing.getState\(\).dimensions\,network:performance.getEntriesByType\(\"resource\"\).map\(x=\>\(\{name:x.name\,kind:x.initiatorType\}\)\)\}\)
agent-browser --session orbital screenshot evidence/screenshots/53-desktop-clean-final.png
agent-browser --session orbital set viewport 390 844 1
agent-browser --session orbital wait --fn \!window.Lensing.getState\(\).pendingRender
agent-browser --session orbital screenshot evidence/screenshots/54-mobile-clean-final.png
agent-browser --session orbital errors --json
agent-browser --session orbital console --json
