✓ Done
✓ Done
✓ Done
✓ Done
{
  "accumFrames": 5,
  "accumulation": true,
  "adaptive": true,
  "adaptiveScale": 1,
  "autoOrbit": false,
  "camera": {
    "distance": 18,
    "pitch": 0.16,
    "target": [
      0,
      0,
      0
    ],
    "yaw": 0.32
  },
  "dimensions": [
    708,
    518
  ],
  "error": null,
  "events": {
    "contextEvents": [],
    "errors": [],
    "interactions": 3,
    "shaderLogs": []
  },
  "fps": 1.81691371124878,
  "frame": 111,
  "glError": 0,
  "mode": 0,
  "paused": true,
  "quality": "balanced",
  "ray": {
    "closest": 0.9592347503855038,
    "deflection": 1.6425719284311566,
    "hit": null,
    "impactParameter": 2.063031659344735,
    "outcome": "Captured",
    "pathLength": 19.52777784952091,
    "points": 42,
    "steps": 42
  },
  "ready": true,
  "selection": [
    0.6059322033898306,
    0.5224312590448625
  ],
  "settings": {
    "bloom": 0.5,
    "contrast": 1.12,
    "distance": 18,
    "doppler": 1,
    "exposure": 1.25,
    "fov": 43,
    "horizon": 1,
    "inclination": 0,
    "inner": 3,
    "orbitSpeed": 0.12,
    "outer": 9,
    "rayStep": 0.055,
    "redshift": 1,
    "resolution": 0.75,
    "spin": 0.25,
    "steps": 280,
    "strength": 1,
    "temperature": 9000,
    "thickness": 0.12,
    "timeSpeed": 1,
    "turbulence": 0.65
  },
  "time": 10.51089999999998
}
✓ Screenshot saved to evidence/screenshots/02-selected-ray.png
✓ Orbital — Black Hole Observatory
  file:///home/pyro/projects/naked/sol61/05-black-hole-lensing/index.html
true
{
  "renderer": "ANGLE (Google, Vulkan 1.3.0 (SwiftShader Device (Subzero) (0x0000C0DE)), SwiftShader driver)",
  "state": {
    "accumFrames": 0,
    "accumulation": true,
    "adaptive": true,
    "adaptiveScale": 1,
    "autoOrbit": false,
    "camera": {
      "distance": 18,
      "pitch": 0.16,
      "target": [
        0,
        0,
        0
      ],
      "yaw": 0.32
    },
    "dimensions": [
      708,
      518
    ],
    "error": null,
    "events": {
      "contextEvents": [],
      "errors": [],
      "interactions": 1,
      "shaderLogs": []
    },
    "fps": 1.987825584026877,
    "frame": 5,
    "glError": 0,
    "mode": 0,
    "paused": false,
    "quality": "balanced",
    "ray": null,
    "ready": true,
    "selection": null,
    "settings": {
      "bloom": 0.5,
      "contrast": 1.12,
      "distance": 18,
      "doppler": 1,
      "exposure": 1.25,
      "fov": 43,
      "horizon": 1,
      "inclination": 0,
      "inner": 3,
      "orbitSpeed": 0.12,
      "outer": 9,
      "rayStep": 0.055,
      "redshift": 1,
      "resolution": 0.75,
      "spin": 0.25,
      "steps": 280,
      "strength": 1,
      "temperature": 7000,
      "thickness": 0.12,
      "timeSpeed": 1,
      "turbulence": 0.65
    },
    "time": 0.5
  }
}
true
✓ Done
true
✓ Screenshot saved to evidence/screenshots/03-desktop-refined.png
{
  "accumFrames": 32,
  "accumulation": true,
  "adaptive": true,
  "adaptiveScale": 0.3,
  "autoOrbit": false,
  "camera": {
    "distance": 18,
    "pitch": 0.16,
    "target": [
      0,
      0,
      0
    ],
    "yaw": 0.32
  },
  "dimensions": [
    224,
    164
  ],
  "error": null,
  "events": {
    "contextEvents": [],
    "errors": [],
    "interactions": 2,
    "shaderLogs": []
  },
  "fps": 0,
  "frame": 143,
  "glError": 0,
  "mode": 0,
  "paused": true,
  "quality": "balanced",
  "ray": null,
  "ready": true,
  "selection": null,
  "settings": {
    "bloom": 0.5,
    "contrast": 1.12,
    "distance": 18,
    "doppler": 1,
    "exposure": 1.25,
    "fov": 43,
    "horizon": 1,
    "inclination": 0,
    "inner": 3,
    "orbitSpeed": 0.12,
    "outer": 9,
    "rayStep": 0.055,
    "redshift": 1,
    "resolution": 0.75,
    "spin": 0.25,
    "steps": 280,
    "strength": 1,
    "temperature": 7000,
    "thickness": 0.12,
    "timeSpeed": 1,
    "turbulence": 0.65
  },
  "time": 8.449700000000004
}
✓ Done
✓ Done
✓ Done
✓ Done
✓ Done
{
  "accumFrames": 2,
  "accumulation": true,
  "adaptive": true,
  "adaptiveScale": 0.3,
  "autoOrbit": false,
  "camera": {
    "distance": 18,
    "pitch": 0.262,
    "target": [
      0,
      0,
      0
    ],
    "yaw": 0.962
  },
  "dimensions": [
    224,
    164
  ],
  "error": null,
  "events": {
    "contextEvents": [],
    "errors": [],
    "interactions": 4,
    "shaderLogs": []
  },
  "fps": 16.27315429475019,
  "frame": 146,
  "glError": 0,
  "mode": 0,
  "paused": true,
  "quality": "balanced",
  "ray": null,
  "ready": true,
  "selection": null,
  "settings": {
    "bloom": 0.5,
    "contrast": 1.12,
    "distance": 18,
    "doppler": 1,
    "exposure": 1.25,
    "fov": 43,
    "horizon": 1,
    "inclination": 0,
    "inner": 3,
    "orbitSpeed": 0.12,
    "outer": 9,
    "rayStep": 0.055,
    "redshift": 1,
    "resolution": 0.75,
    "spin": 0.25,
    "steps": 280,
    "strength": 1,
    "temperature": 7000,
    "thickness": 0.12,
    "timeSpeed": 1,
    "turbulence": 0.65
  },
  "time": 8.449700000000004
}
✓ Screenshot saved to evidence/screenshots/04-camera-orbit.png
✓ Orbital — Black Hole Observatory
  file:///home/pyro/projects/naked/sol61/05-black-hole-lensing/index.html
✓ Done
✓ Done
✓ Done
✓ Done
✓ Screenshot saved to evidence/screenshots/05-native-render.png
{
  "accumFrames": 1,
  "accumulation": false,
  "adaptive": false,
  "adaptiveScale": 1,
  "autoOrbit": false,
  "camera": {
    "distance": 18,
    "pitch": 0.16,
    "target": [
      0,
      0,
      0
    ],
    "yaw": 0.32
  },
  "dimensions": [
    708,
    518
  ],
  "error": null,
  "events": {
    "contextEvents": [],
    "errors": [],
    "interactions": 4,
    "shaderLogs": []
  },
  "fps": 0,
  "frame": 19,
  "glError": 0,
  "mode": 0,
  "paused": true,
  "quality": "balanced",
  "ray": null,
  "ready": true,
  "selection": null,
  "settings": {
    "bloom": 0.5,
    "contrast": 1.12,
    "distance": 18,
    "doppler": 1,
    "exposure": 1.25,
    "fov": 43,
    "horizon": 1,
    "inclination": 0,
    "inner": 3,
    "orbitSpeed": 0.12,
    "outer": 9,
    "rayStep": 0.055,
    "redshift": 1,
    "resolution": 0.75,
    "spin": 0.25,
    "steps": 280,
    "strength": 1,
    "temperature": 7000,
    "thickness": 0.12,
    "timeSpeed": 1,
    "turbulence": 0.65
  },
  "time": 0.3214
}
✓ Done
✗ Element not found. Verify the selector is correct and the element exists in the DOM.
✓ Done
✓ Screenshot saved to evidence/screenshots/06-zero-lensing.png
{
  "ray": {
    "closest": 3.3735371768242444,
    "deflection": 0.8562645880856663,
    "end": [
      -41.0803494029977,
      -17.76699161637884,
      -34.43829429716066
    ],
    "exitDirection": [
      -0.7666429340727321,
      -0.3283081338087179,
      -0.5517901602161727
    ],
    "hit": {
      "beta": 0.38986222136097265,
      "doppler": 1.333576308029342,
      "gravity": 0.8757168071766342,
      "position": [
        0.5672972647624117,
        0,
        -4.251957343569902
      ],
      "radius": 4.289634884013433,
      "total": 1.167835186593859
    },
    "impactParameter": 4.021628779119552,
    "outcome": "Escaped",
    "pathLength": 76.901225207434,
    "points": [
      [
        5.58987643940156,
        2.8677277190564276,
        16.8679998553942
      ],
      [
        5.3211806103844355,
        2.668909921641761,
        14.389735491014008
      ],
      [
        5.07977054438809,
        2.4904768569304916,
        12.168222494242992
      ],
      [
        4.881221297579411,
        2.3440045227119644,
        10.348542005672543
      ],
      [
        4.715194841986246,
        2.2219004942240765,
        8.836929914609923
      ],
      [
        4.57400318121788,
        2.118554103266132,
        7.564627373883917
      ],
      [
        4.451784088668893,
        2.029728059692849,
        6.480322493217332
      ],
      [
        4.343951792545601,
        1.9521535587515748,
        5.5451283006325625
      ],
      [
        4.246823353958757,
        1.883255095604356,
        4.72917261093418
      ],
      [
        4.157360693445977,
        1.820960245051564,
        4.009237626958789
      ],
      [
        4.072991014028326,
        1.763566555786421,
        3.3670979685968465
      ],
      [
        3.991481936592883,
        1.7096477908558363,
        2.7883320999172487
      ],
      [
        3.9108558692184823,
        1.6579878871490872,
        2.2614596784696284
      ],
      [
        3.829333126043824,
        1.6075348011040869,
        1.7773061035722375
      ],
      [
        3.745296335831531,
        1.5573687722774807,
        1.3285268807891826
      ],
      [
        3.657270485130516,
        1.5066810171997236,
        0.9092450290250528
      ],
      [
        3.5639140009125687,
        1.454759800838256,
        0.5147686410560072
      ],
      [
        3.4640169086688277,
        1.4009814385591626,
        0.14136531078573483
      ],
      [
        3.356502521260192,
        1.3448042001034148,
        -0.21392303466532725
      ],
      [
        3.240429469986505,
        1.285763412529663,
        -0.553436385273688
      ],
      [
        3.1149912776154967,
        1.2234663504032195,
        -0.8790317760170318
      ],
      [
        2.979511143267385,
        1.1575857912952694,
        -1.1922023353698048
      ],
      [
        2.8334301712853267,
        1.0878514145297506,
        -1.494183279581088
      ],
      [
        2.676287907697974,
        1.0140385265501175,
        -1.7860464678157064
      ],
      [
        2.5076947009906605,
        0.9359538913506524,
        -2.068784243675932
      ],
      [
        2.3272960162301466,
        0.8534187067428662,
        -2.3433828464738222
      ],
      [
        2.1347293367532334,
        0.7662489728569376,
        -2.6108856069829245
      ],
      [
        1.9295746257418995,
        0.6742336271175987,
        -2.872446366389915
      ],
      [
        1.7112994463026945,
        0.5771108551868761,
        -3.1293739866081123
      ],
      [
        1.4791997289976715,
        0.47454292353098454,
        -3.383169367131289
      ],
      [
        1.2323368280090785,
        0.3660897183918412,
        -3.635556968159793
      ],
      [
        0.969470938121756,
        0.25118092706819184,
        -3.8885133988983265
      ],
      [
        0.8548256531158639,
        0.2012120770891518,
        -3.994800639517543
      ],
      [
        0.7399587026892118,
        0.15122685947670755,
        -4.0990897623449545
      ],
      [
        0.6249038832158839,
        0.1012325173984221,
        -4.201555635613671
      ],
      [
        0.5096906463089396,
        0.05123505788515587,
        -4.3023590515261345
      ],
      [
        0.39434459114270737,
        0.0012394182585091463,
        -4.4016475889253845
      ],
      [
        0.2788879096091962,
        -0.048750385970241,
        -4.4995564656810245
      ],
      [
        0.16333978768690907,
        -0.09873113015218024,
        -4.596209374473177
      ],
      [
        0.04771676627172143,
        -0.1487002650054314,
        -4.691719296432767
      ],
      [
        -0.06796693540762436,
        -0.19865581515149988,
        -4.78618928784518
      ],
      [
        -0.18369913079155445,
        -0.24859629033909733,
        -4.879713235884242
      ],
      [
        -0.29946940853609544,
        -0.29852060808858033,
        -4.972376580118991
      ],
      [
        -0.4152689038582249,
        -0.34842802656874616,
        -5.064256997313329
      ],
      [
        -0.5310900960674745,
        -0.3983180865977594,
        -5.155425047797286
      ],
      [
        -0.93099378932264,
        -0.5703906580662901,
        -5.4651238498800705
      ],
      [
        -1.369105834053434,
        -0.7586674034979474,
        -5.797982571775201
      ],
      [
        -1.8521902446786975,
        -0.9660710873012552,
        -6.159592716003343
      ],
      [
        -2.388473902342915,
        -1.1961477897071815,
        -6.556511789502183
      ],
      [
        -2.9879777853151688,
        -1.4532088369663485,
        -6.996503942808574
      ],
      [
        -3.6629455745394903,
        -1.7425145134187754,
        -7.488852983902006
      ],
      [
        -4.428402386299243,
        -2.0705135570367807,
        -8.044770670507386
      ],
      [
        -5.302888512893275,
        -2.4451576361851632,
        -8.67793196991401
      ],
      [
        -6.309430492832845,
        -2.876317477276292,
        -9.405181615113444
      ],
      [
        -7.476837167748872,
        -3.376338166421787,
        -10.247474622613044
      ],
      [
        -8.84144559986598,
        -3.960787089558236,
        -11.231140326370705
      ],
      [
        -10.449497068393924,
        -4.649471679679889,
        -12.38959941103041
      ],
      [
        -12.36040678278744,
        -5.46783986638258,
        -13.765723550145202
      ],
      [
        -14.276201738394946,
        -6.288286991086785,
        -15.145073675107948
      ],
      [
        -16.191556630038928,
        -7.108537877184532,
        -16.523943593990893
      ],
      [
        -18.10661980583733,
        -7.928658956902355,
        -17.90250628570288
      ],
      [
        -20.021482411747005,
        -8.748690916515162,
        -19.28086364664188
      ],
      [
        -21.936202800340315,
        -9.568659743200495,
        -20.65907872768235
      ],
      [
        -23.85081966248946,
        -10.388582638353174,
        -22.03719217936776
      ],
      [
        -25.76535943746878,
        -11.208471341710766,
        -23.4152311377117
      ],
      [
        -27.679840671169,
        -12.028334080635217,
        -24.793214265005783
      ],
      [
        -29.594276673614285,
        -12.848176755953286,
        -26.171154731213807
      ],
      [
        -31.50867719163031,
        -13.66800368694454,
        -27.54906204215521
      ],
      [
        -33.423049491535835,
        -14.487818092837257,
        -28.92694319646662
      ],
      [
        -35.33739907761448,
        -15.30762241194146,
        -30.304803438407856
      ],
      [
        -37.2517301796198,
        -16.127418517978956,
        -31.68264675991642
      ],
      [
        -39.16604609024587,
        -16.94720786971798,
        -33.06047624288366
      ],
      [
        -41.0803494029977,
        -17.76699161637884,
        -34.43829429716066
      ]
    ],
    "steps": 73
  },
  "state": {
    "accumFrames": 1,
    "accumulation": false,
    "adaptive": false,
    "adaptiveScale": 1,
    "autoOrbit": false,
    "camera": {
      "distance": 18,
      "pitch": 0.16,
      "target": [
        0,
        0,
        0
      ],
      "yaw": 0.32
    },
    "dimensions": [
      708,
      518
    ],
    "error": null,
    "events": {
      "contextEvents": [],
      "errors": [],
      "interactions": 4,
      "shaderLogs": []
    },
    "fps": 0,
    "frame": 19,
    "glError": 0,
    "mode": 0,
    "paused": true,
    "quality": "balanced",
    "ray": null,
    "ready": true,
    "selection": null,
    "settings": {
      "bloom": 0.5,
      "contrast": 1.12,
      "distance": 18,
      "doppler": 1,
      "exposure": 1.25,
      "fov": 43,
      "horizon": 1,
      "inclination": 0,
      "inner": 3,
      "orbitSpeed": 0.12,
      "outer": 9,
      "rayStep": 0.055,
      "redshift": 1,
      "resolution": 0.75,
      "spin": 0.25,
      "steps": 280,
      "strength": 1,
      "temperature": 7000,
      "thickness": 0.12,
      "timeSpeed": 1,
      "turbulence": 0.65
    },
    "time": 0.3214
  }
}
✓ Done
✓ Screenshot saved to evidence/screenshots/07-strong-lensing.png
✓ Done
✓ Done
✓ Done
{
  "ray": {
    "closest": 4.021995901518115,
    "deflection": 0,
    "outcome": "Escaped",
    "steps": 57
  },
  "strength": 0
}
✓ Screenshot saved to evidence/screenshots/08-zero-lensing-verified.png
✓ Done
{
  "ray": {
    "closest": 0.7557220045196179,
    "deflection": 2.6294168309028194,
    "outcome": "Captured",
    "steps": 31
  },
  "strength": 2.5
}
✓ Screenshot saved to evidence/screenshots/09-strong-lensing-verified.png
✓ Done
✓ Done
✓ Done
✓ Done
✓ Done
✓ Done
✓ Done
✓ Done
✓ Done
✓ Done
✓ Screenshot saved to evidence/screenshots/10-step-diagnostic.png
✓ Done
✓ Screenshot saved to evidence/screenshots/11-deflection-diagnostic.png
✓ Done
✓ Screenshot saved to evidence/screenshots/12-frequency-diagnostic.png
{
  "accumFrames": 1,
  "accumulation": false,
  "adaptive": false,
  "adaptiveScale": 1,
  "autoOrbit": false,
  "camera": {
    "distance": 18,
    "pitch": 0.16,
    "target": [
      0,
      0,
      0
    ],
    "yaw": 0.32
  },
  "dimensions": [
    708,
    518
  ],
  "error": null,
  "events": {
    "contextEvents": [],
    "errors": [],
    "interactions": 15,
    "shaderLogs": []
  },
  "fps": 0,
  "frame": 44,
  "glError": 0,
  "mode": 3,
  "paused": true,
  "quality": "balanced",
  "ray": {
    "closest": 3.4382408163622156,
    "deflection": 0.8330700726575979,
    "hit": {
      "beta": 0.3823634197858229,
      "doppler": 1.3215843959061528,
      "gravity": 0.8796318085210008,
      "position": [
        0.6004698107313793,
        0,
        -4.3789525094634385
      ],
      "radius": 4.419930890153819,
      "total": 1.1625076722840637
    },
    "impactParameter": 4.081306230497037,
    "outcome": "Escaped",
    "pathLength": 77.76960673790862,
    "points": 74,
    "steps": 74
  },
  "ready": true,
  "selection": [
    0.7033898305084746,
    0.3994211287988423
  ],
  "settings": {
    "bloom": 0.5,
    "contrast": 1.12,
    "distance": 18,
    "doppler": 1,
    "exposure": 1.25,
    "fov": 43,
    "horizon": 1,
    "inclination": 0,
    "inner": 3,
    "orbitSpeed": 0.12,
    "outer": 9,
    "rayStep": 0.055,
    "redshift": 1,
    "resolution": 0.75,
    "spin": 0.25,
    "steps": 280,
    "strength": 1,
    "temperature": 7000,
    "thickness": 0.12,
    "timeSpeed": 1,
    "turbulence": 0.65
  },
  "time": 0.21659999999999857
}
✓ Done
✓ Done
✓ Done
{
  "doppler": 0,
  "pixel": [
    188,
    176,
    173,
    255
  ],
  "ray": {
    "closest": 3.4382408163622156,
    "deflection": 0.8330700726575979,
    "hit": {
      "beta": 0.3823634197858229,
      "doppler": 1,
      "gravity": 0.8796318085210008,
      "position": [
        0.6004698107313793,
        0,
        -4.3789525094634385
      ],
      "radius": 4.419930890153819,
      "total": 0.8796318085210008
    },
    "impactParameter": 4.081306230497037,
    "outcome": "Escaped",
    "pathLength": 77.76960673790862,
    "points": 74,
    "steps": 74
  }
}
✓ Screenshot saved to evidence/screenshots/13-doppler-disabled.png
✓ Done
✓ Done
{
  "pixel": [
    181,
    187,
    187,
    255
  ],
  "ray": {
    "closest": 3.4382408163622156,
    "deflection": 0.8330700726575979,
    "hit": {
      "beta": 0.3823634197858229,
      "doppler": 1,
      "gravity": 1,
      "position": [
        0.6004698107313793,
        0,
        -4.3789525094634385
      ],
      "radius": 4.419930890153819,
      "total": 1
    },
    "impactParameter": 4.081306230497037,
    "outcome": "Escaped",
    "pathLength": 77.76960673790862,
    "points": 74,
    "steps": 74
  },
  "redshift": 0
}
✓ Screenshot saved to evidence/screenshots/14-frequency-neutral.png
✓ Done
✓ Done
{
  "doppler": 2,
  "pixel": [
    181,
    187,
    187,
    255
  ],
  "ray": {
    "closest": 3.4382408163622156,
    "deflection": 0.8330700726575979,
    "hit": {
      "beta": 0.3823634197858229,
      "doppler": 1.746585315502631,
      "gravity": 1,
      "position": [
        0.6004698107313793,
        0,
        -4.3789525094634385
      ],
      "radius": 4.419930890153819,
      "total": 1.746585315502631
    },
    "impactParameter": 4.081306230497037,
    "outcome": "Escaped",
    "pathLength": 77.76960673790862,
    "points": 74,
    "steps": 74
  }
}
✓ Screenshot saved to evidence/screenshots/15-doppler-strong.png
✓ Done
✓ Screenshot saved to evidence/screenshots/16-disk-coordinates.png
✓ Done
✓ Screenshot saved to evidence/screenshots/17-closest-distance.png
✓ Done
✓ Screenshot saved to evidence/screenshots/18-classification.png
✓ Done
✓ Done
✓ Done
✓ Done
✓ Done
{
  "budget": 80,
  "outer": {
    "outcome": "Budget exhausted",
    "steps": 80
  },
  "ray": {
    "closest": 3.4730981390513698,
    "deflection": 0.34475482999540447,
    "hit": null,
    "impactParameter": 4.081306230497037,
    "outcome": "Budget exhausted",
    "pathLength": 18.46312211561275,
    "points": 81,
    "steps": 80
  },
  "rayStep": 0.015
}
✓ Screenshot saved to evidence/screenshots/19-exhausted-budget.png
✓ Done
{
  "budget": 640,
  "outer": {
    "outcome": "Escaped",
    "steps": 137
  },
  "ray": {
    "closest": 3.4374667430305266,
    "deflection": 0.8325562013258918,
    "hit": {
      "beta": 0.3789487062444564,
      "doppler": 1.7227782691385258,
      "gravity": 1,
      "position": [
        0.5233349817762424,
        0,
        -4.4511834920915465
      ],
      "radius": 4.481842699539893,
      "total": 1.7227782691385258
    },
    "impactParameter": 4.081306230497037,
    "outcome": "Escaped",
    "pathLength": 77.66260894911557,
    "points": 200,
    "steps": 200
  }
}
✓ Screenshot saved to evidence/screenshots/20-restored-budget.png
✓ Done
✓ Done
✓ Done
✓ Done
true
{
  "checked": true,
  "saved": {
    "accumulation": false,
    "adaptive": false,
    "autoOrbit": false,
    "camera": {
      "distance": 18,
      "pitch": 0.16,
      "target": [
        0,
        0,
        0
      ],
      "yaw": 0.32
    },
    "mode": 1,
    "overlays": {
      "disk": false,
      "horizon": false,
      "path": true,
      "photon": false
    },
    "quality": "low",
    "settings": {
      "bloom": 0.5,
      "contrast": 1.12,
      "distance": 18,
      "doppler": 2,
      "exposure": 1.25,
      "fov": 43,
      "horizon": 1,
      "inclination": 0,
      "inner": 3,
      "orbitSpeed": 0.12,
      "outer": 9,
      "rayStep": 0.085,
      "redshift": 0,
      "resolution": 0.5,
      "spin": 0.25,
      "steps": 180,
      "strength": 1,
      "temperature": 7000,
      "thickness": 0.12,
      "timeSpeed": 1,
      "turbulence": 0.65
    },
    "version": 1
  }
}
✓ Orbital — Black Hole Observatory
  file:///home/pyro/projects/naked/sol61/05-black-hole-lensing/index.html
{
  "remember": false,
  "state": {
    "accumFrames": 0,
    "accumulation": false,
    "adaptive": false,
    "adaptiveScale": 1,
    "autoOrbit": false,
    "camera": {
      "distance": 18,
      "pitch": 0.16,
      "target": [
        0,
        0,
        0
      ],
      "yaw": 0.32
    },
    "dimensions": [
      472,
      346
    ],
    "error": null,
    "events": {
      "contextEvents": [],
      "errors": [
        "Stored preferences ignored: Cannot access 'legends' before initialization"
      ],
      "interactions": 1,
      "shaderLogs": []
    },
    "fps": 10.073369208067325,
    "frame": 4,
    "glError": 0,
    "mode": 1,
    "paused": false,
    "quality": "low",
    "ray": null,
    "ready": true,
    "selection": null,
    "settings": {
      "bloom": 0.5,
      "contrast": 1.12,
      "distance": 18,
      "doppler": 2,
      "exposure": 1.25,
      "fov": 43,
      "horizon": 1,
      "inclination": 0,
      "inner": 3,
      "orbitSpeed": 0.12,
      "outer": 9,
      "rayStep": 0.085,
      "redshift": 0,
      "resolution": 0.5,
      "spin": 0.25,
      "steps": 180,
      "strength": 1,
      "temperature": 7000,
      "thickness": 0.12,
      "timeSpeed": 1,
      "turbulence": 0.65
    },
    "time": 0.3255
  }
}
✓ Done
✓ Done
✓ Screenshot saved to evidence/screenshots/21-persistence-failure.png
✓ Orbital — Black Hole Observatory
  file:///home/pyro/projects/naked/sol61/05-black-hole-lensing/index.html
true
{
  "remember": true,
  "state": {
    "accumFrames": 0,
    "accumulation": false,
    "adaptive": false,
    "adaptiveScale": 1,
    "autoOrbit": false,
    "camera": {
      "distance": 18,
      "pitch": 0.16,
      "target": [
        0,
        0,
        0
      ],
      "yaw": 0.32
    },
    "dimensions": [
      472,
      346
    ],
    "error": null,
    "events": {
      "contextEvents": [],
      "errors": [],
      "interactions": 2,
      "shaderLogs": []
    },
    "fps": 3.813743592414939,
    "frame": 3,
    "glError": 0,
    "mode": 1,
    "paused": false,
    "pendingRender": false,
    "quality": "low",
    "ray": null,
    "ready": true,
    "selection": null,
    "settings": {
      "bloom": 0.5,
      "contrast": 1.12,
      "distance": 18,
      "doppler": 2,
      "exposure": 1.25,
      "fov": 43,
      "horizon": 1,
      "inclination": 0,
      "inner": 3,
      "orbitSpeed": 0.12,
      "outer": 9,
      "rayStep": 0.085,
      "redshift": 0,
      "resolution": 0.5,
      "spin": 0.25,
      "steps": 180,
      "strength": 1,
      "temperature": 7000,
      "thickness": 0.12,
      "timeSpeed": 1,
      "turbulence": 0.65
    },
    "time": 0.30000000000000004
  }
}
✓ Done
✓ Done
✓ Done
✓ Screenshot saved to evidence/screenshots/22-persistence-fixed.png
✓ Done
✓ Done
✓ Done
✓ Done
✓ Done
✓ Done
✓ Done
✓ Done
✓ Done
✓ Done
✓ Done
true
{
  "pixel": [
    142,
    189,
    210,
    255
  ],
  "ray": {
    "closest": 3.4382408163622156,
    "deflection": 0.8330700726575979,
    "hit": {
      "beta": 0.3823634197858229,
      "doppler": 1.3215843959061528,
      "gravity": 0.8796318085210008,
      "position": [
        0.6004698107313793,
        0,
        -4.3789525094634385
      ],
      "radius": 4.419930890153819,
      "total": 1.1625076722840637
    },
    "impactParameter": 4.081306230497037,
    "outcome": "Escaped",
    "pathLength": 77.76960673790862,
    "points": 74,
    "steps": 74
  }
}
✓ Done
✓ Done
✓ Done
true
{
  "pixel": [
    47,
    192,
    255,
    255
  ],
  "ray": {
    "closest": 3.4382408163622156,
    "deflection": 0.8330700726575979,
    "hit": {
      "beta": 0.3823634197858229,
      "doppler": 1.746585315502631,
      "gravity": 0.8796318085210008,
      "position": [
        0.6004698107313793,
        0,
        -4.3789525094634385
      ],
      "radius": 4.419930890153819,
      "total": 1.536351999811802
    },
    "impactParameter": 4.081306230497037,
    "outcome": "Escaped",
    "pathLength": 77.76960673790862,
    "points": 74,
    "steps": 74
  }
}
✓ Screenshot saved to evidence/screenshots/23-frequency-render-verified.png
✓ Done
true
{
  "glError": 0,
  "mode": 1,
  "pass": true,
  "samples": [
    {
      "closest": 3.3682015365099356,
      "deflection": 0.8582669841642829,
      "expected": [
        32,
        159,
        177
      ],
      "g": 1.5608265265510035,
      "maxChannelError": 0,
      "observed": [
        32,
        159,
        177
      ],
      "pass": true,
      "pixel": [
        495,
        310
      ],
      "steps": 73,
      "uv": [
        0.6998587570621468,
        0.4005791505791506
      ]
    },
    {
      "closest": 4.189422903667815,
      "deflection": 0.6270243479781152,
      "expected": [
        32,
        155,
        174
      ],
      "g": 0.6576724672274397,
      "maxChannelError": 0,
      "observed": [
        32,
        155,
        174
      ],
      "pass": true,
      "pixel": [
        198,
        352
      ],
      "steps": 70,
      "uv": [
        0.2803672316384181,
        0.31949806949806947
      ]
    },
    {
      "closest": 0.952464034230939,
      "deflection": 0.008860977612219047,
      "expected": [
        29,
        102,
        135
      ],
      "maxChannelError": 0,
      "observed": [
        29,
        102,
        135
      ],
      "pass": true,
      "pixel": [
        354,
        259
      ],
      "steps": 33,
      "uv": [
        0.5007062146892656,
        0.499034749034749
      ]
    }
  ]
}
✓ Done
true
{
  "glError": 0,
  "mode": 2,
  "pass": true,
  "samples": [
    {
      "closest": 3.3682015365099356,
      "deflection": 0.8582669841642829,
      "expected": [
        33,
        164,
        180
      ],
      "g": 1.5608265265510035,
      "maxChannelError": 0,
      "observed": [
        33,
        164,
        180
      ],
      "pass": true,
      "pixel": [
        495,
        310
      ],
      "steps": 73,
      "uv": [
        0.6998587570621468,
        0.4005791505791506
      ]
    },
    {
      "closest": 4.189422903667815,
      "deflection": 0.6270243479781152,
      "expected": [
        31,
        135,
        159
      ],
      "g": 0.6576724672274397,
      "maxChannelError": 0,
      "observed": [
        31,
        135,
        159
      ],
      "pass": true,
      "pixel": [
        198,
        352
      ],
      "steps": 70,
      "uv": [
        0.2803672316384181,
        0.31949806949806947
      ]
    },
    {
      "closest": 0.952464034230939,
      "deflection": 0.008860977612219047,
      "expected": [
        27,
        48,
        98
      ],
      "maxChannelError": 0,
      "observed": [
        27,
        48,
        98
      ],
      "pass": true,
      "pixel": [
        354,
        259
      ],
      "steps": 33,
      "uv": [
        0.5007062146892656,
        0.499034749034749
      ]
    }
  ]
}
✓ Done
true
{
  "glError": 0,
  "mode": 3,
  "pass": true,
  "samples": [
    {
      "closest": 3.3682015365099356,
      "deflection": 0.8582669841642829,
      "expected": [
        47,
        192,
        255
      ],
      "g": 1.5608265265510035,
      "maxChannelError": 0,
      "observed": [
        47,
        192,
        255
      ],
      "pass": true,
      "pixel": [
        495,
        310
      ],
      "steps": 73,
      "uv": [
        0.6998587570621468,
        0.4005791505791506
      ]
    },
    {
      "closest": 4.189422903667815,
      "deflection": 0.6270243479781152,
      "expected": [
        202,
        155,
        145
      ],
      "g": 0.6576724672274397,
      "maxChannelError": 0,
      "observed": [
        202,
        155,
        145
      ],
      "pass": true,
      "pixel": [
        198,
        352
      ],
      "steps": 70,
      "uv": [
        0.2803672316384181,
        0.31949806949806947
      ]
    },
    {
      "closest": 0.952464034230939,
      "deflection": 0.008860977612219047,
      "expected": [
        7,
        12,
        15
      ],
      "maxChannelError": 0,
      "observed": [
        7,
        12,
        15
      ],
      "pass": true,
      "pixel": [
        354,
        259
      ],
      "steps": 33,
      "uv": [
        0.5007062146892656,
        0.499034749034749
      ]
    }
  ]
}
✓ Done
true
{
  "glError": 0,
  "mode": 5,
  "pass": true,
  "samples": [
    {
      "closest": 3.3682015365099356,
      "deflection": 0.8582669841642829,
      "expected": [
        250,
        187,
        86
      ],
      "g": 1.5608265265510035,
      "maxChannelError": 0,
      "observed": [
        250,
        187,
        86
      ],
      "pass": true,
      "pixel": [
        495,
        310
      ],
      "steps": 73,
      "uv": [
        0.6998587570621468,
        0.4005791505791506
      ]
    },
    {
      "closest": 4.189422903667815,
      "deflection": 0.6270243479781152,
      "expected": [
        246,
        208,
        98
      ],
      "g": 0.6576724672274397,
      "maxChannelError": 0,
      "observed": [
        246,
        208,
        98
      ],
      "pass": true,
      "pixel": [
        198,
        352
      ],
      "steps": 70,
      "uv": [
        0.2803672316384181,
        0.31949806949806947
      ]
    },
    {
      "closest": 0.952464034230939,
      "deflection": 0.008860977612219047,
      "expected": [
        246,
        105,
        57
      ],
      "maxChannelError": 1,
      "observed": [
        246,
        104,
        57
      ],
      "pass": true,
      "pixel": [
        354,
        259
      ],
      "steps": 33,
      "uv": [
        0.5007062146892656,
        0.499034749034749
      ]
    }
  ]
}
✓ Done
✓ Done
✓ Done
✓ Done
✓ Done
✓ Done
✓ Done
✓ Done
✓ Done
✓ Done
✓ Done
✓ Done
✓ Done
✓ Done
✓ Done
true
{
  "camera": {
    "distance": 16.919999999999998,
    "pitch": 0.16,
    "target": [
      -0.9181935866992684,
      0.8263092361853998,
      0.1639619292453956
    ],
    "yaw": 0.38
  },
  "settings": {
    "bloom": 0.5,
    "contrast": 1.12,
    "distance": 16.919999999999998,
    "doppler": 2,
    "exposure": 1.25,
    "fov": 43,
    "horizon": 1,
    "inclination": 0,
    "inner": 3,
    "orbitSpeed": 0.12,
    "outer": 9,
    "rayStep": 0.055,
    "redshift": 1,
    "resolution": 0.75,
    "spin": 0.25,
    "steps": 280,
    "strength": 1,
    "temperature": 7000,
    "thickness": 0.12,
    "timeSpeed": 1,
    "turbulence": 0.65
  }
}
✓ Screenshot saved to evidence/screenshots/24-pan-zoom-overlays.png
✓ Done
✓ Done
true
{
  "paused": true,
  "time": 500
}
✓ Done
✓ Done
Enter a time between 0 and 100,000 seconds.
{
  "errors": [],
  "time": 500
}
✓ Done
true
✓ Screenshot saved to evidence/screenshots/25-polar-preset.png
✓ Done
true
✓ Screenshot saved to evidence/screenshots/26-equatorial-preset.png
✓ Done
true
✓ Screenshot saved to evidence/screenshots/27-distant-preset.png
✓ Done
true
{
  "autoOrbit": true,
  "camera": {
    "distance": 32,
    "pitch": 0.3,
    "target": [
      0,
      0,
      0
    ],
    "yaw": -0.16799600000000192
  },
  "frame": 75,
  "time": 500
}
✓ Done
✓ Done
true
✓ Done
✓ Done
true
{
  "dimensions": [
    472,
    346
  ],
  "quality": "low",
  "settings": {
    "bloom": 0.5,
    "contrast": 1.12,
    "distance": 18,
    "doppler": 2,
    "exposure": 1.25,
    "fov": 43,
    "horizon": 1,
    "inclination": 0,
    "inner": 3,
    "orbitSpeed": 0.12,
    "outer": 9,
    "rayStep": 0.085,
    "redshift": 1,
    "resolution": 0.5,
    "spin": 0.25,
    "steps": 180,
    "strength": 1,
    "temperature": 7000,
    "thickness": 0.12,
    "timeSpeed": 1,
    "turbulence": 0.65
  }
}
✓ Done
true
{
  "dimensions": [
    944,
    691
  ],
  "glError": 0,
  "quality": "high",
  "rayStep": 0.03,
  "steps": 480
}
✓ Screenshot saved to evidence/screenshots/28-ultra-quality.png
✓ Done
✓ Done
✓ Done
true
{
  "dimensions": [
    283,
    207
  ],
  "quality": "custom",
  "resolution": 0.3
}
✓ Done
✓ Done
true
{
  "accumFrames": 32,
  "fps": 0,
  "frame": 122,
  "time": 500
}
✓ Done
✓ Done
✓ Download saved to /home/pyro/projects/naked/sol61/05-black-hole-lensing/evidence/exported-settings.json
✓ Download saved to /home/pyro/projects/naked/sol61/05-black-hole-lensing/evidence/observation.png
✓ Done
✓ Done
✓ Done
✓ Done
✓ Done
✗ Wait timed out after 25000ms
{
  "errors": [],
  "overlays": [
    false,
    false,
    false
  ],
  "settings": {
    "bloom": 0.5,
    "contrast": 1.12,
    "distance": 18,
    "doppler": 1,
    "exposure": 1.25,
    "fov": 43,
    "horizon": 1,
    "inclination": 0,
    "inner": 3,
    "orbitSpeed": 0.12,
    "outer": 9,
    "rayStep": 0.055,
    "redshift": 1,
    "resolution": 0.75,
    "spin": 0.25,
    "steps": 280,
    "strength": 1,
    "temperature": 7000,
    "thickness": 0.12,
    "timeSpeed": 1,
    "turbulence": 0.65
  }
}
✓ Done
Import failed: The requested file could not be read, typically due to permission problems that have occurred after a reference to a file was acquired.
✓ Done
- heading "A field guide to the invisible" [level=2, ref=e1]
- button "Close field guide" [ref=e2]
- heading "Follow a photon" [level=3, ref=e3]
- heading "The geometry" [level=3, ref=e4]
- heading "The disk and its light" [level=3, ref=e5]
- heading "Inspect the calculation" [level=3, ref=e6]
- heading "Camera controls" [level=3, ref=e7]
✓ Screenshot saved to evidence/screenshots/29-field-guide.png
✓ Done
false
ws://127.0.0.1:51983/devtools/browser/35e8e9d2-292f-4d83-b28d-04c4a7f8fc2f
✓ Done
true
{
  "imported": 2,
  "overlays": [
    true,
    true,
    true
  ]
}
✓ Done
Import failed: Choose an Orbital settings file (version 1).
✓ Done
{
  "remember": false,
  "storage": null
}
true
{
  "remember": false,
  "stored": true
}
✓ Done
✓ Done
✓ Done
✓ Done
{
  "time": 0.21660000000000584,
  "wall": 353496.2000000179
}
✓ Done
true
{
  "elapsed": 5.812,
  "fps": 6.169986704034225,
  "simulationElapsed": 1.016600000000035
}
✓ Done
✓ Done
{
  "bodyOverflow": "hidden",
  "dockBottom": 576,
  "footerBottom": 649,
  "viewport": 500
}
✓ Screenshot saved to evidence/screenshots/30-short-landscape-failure.png
✓ Orbital — Black Hole Observatory
  file:///home/pyro/projects/naked/sol61/05-black-hole-lensing/index.html
✓ Done
✓ Done
✓ Done
{
  "remember": false,
  "storage": null
}
true
{
  "remember": false,
  "stored": false
}
✓ Done
✓ Done
✓ Done
✓ Done
✓ Done
{
  "dockBottom": 439,
  "footerBottom": 500,
  "viewport": 500
}
✓ Screenshot saved to evidence/screenshots/31-short-landscape-fixed.png
✓ Done
true
✓ Done
{
  "time": 0.4832999999999998,
  "wall": 7527.40000000596
}
✓ Done
true
{
  "elapsed": 5.900199999988079,
  "fps": 5.00263481852791,
  "simulationElapsed": 5.399800000000001
}
✓ Done
true
✓ Done
true
✓ Done
✓ Done
✓ Done
✓ Done
✓ Done
✓ Done
✓ Done
✓ Done
✓ Done
✓ Done
✓ Done
✓ Done
✓ Done
✓ Done
✓ Done
✓ Done
✓ Done
✓ Done
✓ Done
✓ Done
✓ Done
✓ Done
✓ Done
✓ Done
✓ Done
true
{
  "errors": [],
  "glError": 0,
  "settings": {
    "bloom": 0.5,
    "contrast": 1.12,
    "distance": 18,
    "doppler": 1,
    "exposure": 1.25,
    "fov": 43,
    "horizon": 2,
    "inclination": 45,
    "inner": 7,
    "orbitSpeed": 0.12,
    "outer": 16,
    "rayStep": 0.055,
    "redshift": 1,
    "resolution": 0.75,
    "spin": 0.95,
    "steps": 280,
    "strength": 1,
    "temperature": 18000,
    "thickness": 0.8,
    "timeSpeed": 1,
    "turbulence": 1
  }
}
✓ Screenshot saved to evidence/screenshots/32-disk-controls-extremes.png
✓ Done
✓ Done
✓ Done
✓ Done
✓ Done
✓ Done
✓ Done
✓ Done
✓ Done
✓ Done
true
{
  "bloom": 1.5,
  "contrast": 1.8,
  "exposure": 3,
  "glError": 0
}
✓ Done
✓ Done
✓ Done
✓ Done
✓ Done
✓ Done
✓ Done
✓ Done
true
{
  "camera": {
    "distance": 24,
    "pitch": 0,
    "target": [
      0,
      0,
      0
    ],
    "yaw": -0.2
  },
  "errors": []
}
✓ Done
true
✓ Done
true
✓ Screenshot saved to evidence/screenshots/33-mobile-initial.png
{
  "glError": 0,
  "pageWidth": 390,
  "render": [
    293,
    560
  ],
  "viewport": [
    390,
    844
  ]
}
✓ Done
- navigation "Main navigation" [ref=e1]
  - button "Explorer" [ref=e4]
  - button "Field guide " [ref=e5]
- button [ref=e2]
- region "Interactive black hole viewport" [ref=e3]
  - Canvas "Black hole simulation. Drag to orbit, shift drag to pan, scroll to zoom, click to inspect a ray. Arrow keys orbit, plus and minus zoom." [ref=e6] focusable [tabindex]
  - heading "The edge of everything." [level=1, ref=e11]
  - button "Open observation controls" [ref=e7]
  - button "Resume simulation" [ref=e12]
  - button "Cinematic" [ref=e13]
  - button "Equatorial" [ref=e14]
  - button "Polar" [ref=e15]
  - button "Distant" [ref=e16]
  - button "Enable auto orbit" [ref=e17]
- heading "Observation controls" [level=2, ref=e8]
- button "Close observation controls" [ref=e9]
- tab "Scene" [ref=e18]
- tab "Camera" [ref=e19]
- tab "Render" [selected, ref=e20]
- combobox "VISUALIZATION" [expanded=false, ref=e21]: Cinematic · final image
  - option "Cinematic · final image" [selected, ref=e29]
  - option "Ray integration steps" [ref=e30]
  - option "Deflection magnitude" [ref=e31]
  - option "Redshift & Doppler factor" [ref=e32]
  - option "Disk intersection coordinates" [ref=e33]
  - option "Closest approach distance" [ref=e34]
  - option "Capture & escape classification" [ref=e35]
- heading "RENDER QUALITY 01" [level=3, ref=e22]
- button "Performance" [ref=e36]
- button "Balanced" [ref=e37]
- button "Ultra" [ref=e38]
- slider "Ray step size" [ref=e39]: 0.054999999701976776
- slider "Maximum integration steps" [ref=e40]: 280
- slider "Render resolution" [ref=e41]: 0.75
- checkbox "Adaptive resolution" [checked=false, ref=e23]
- checkbox "Temporal antialiasing" [checked=false, ref=e24]
- heading "IMAGE TREATMENT 02" [level=3, ref=e42]
- slider "Exposure" [ref=e43]: 1.25
- slider "Contrast" [ref=e44]: 1.1200000047683716
- slider "Bloom approximation" [ref=e45]: 0.5
- heading "SESSION 03" [level=3, ref=e25]
- checkbox "Remember settings" [checked=false, ref=e26]
- button "Export settings" [ref=e27]
- button "Import settings (.json)" [ref=e28]: No file chosen
- button "Reset settings" [ref=e10]
✓ Done
✓ Done
✓ Done
✓ Screenshot saved to evidence/screenshots/34-mobile-controls.png
✓ Done
✓ Screenshot saved to evidence/screenshots/35-mobile-deflection.png
✓ Screenshot saved to evidence/screenshots/36-mobile-ray.png
✓ Done
true
✓ Screenshot saved to evidence/screenshots/37-mobile-touch-gestures.png
✓ Orbital — Black Hole Observatory
  file:///home/pyro/projects/naked/sol61/05-black-hole-lensing/index.html
✓ Done
✓ Done
✗ Element '[data-agent-browser-located='true']' is covered by <header> at its click point, so the input would land on that element instead. Dismiss or interact with the covering element first (it is often a dialog, banner, or sticky header).
✗ Element '#adaptive' is covered by <header> at its click point, so the input would land on that element instead. Dismiss or interact with the covering element first (it is often a dialog, banner, or sticky header).
✗ Element '#accumulation' is covered by <header> at its click point, so the input would land on that element instead. Dismiss or interact with the covering element first (it is often a dialog, banner, or sticky header).
✗ Element '[data-agent-browser-located='true']' is covered by <header> at its click point, so the input would land on that element instead. Dismiss or interact with the covering element first (it is often a dialog, banner, or sticky header).
✗ Wait timed out after 25000ms
✓ Screenshot saved to evidence/screenshots/38-mobile-final.png
✓ Done
✗ Wait timed out after 25000ms
✓ Done
✓ Done
✓ Orbital — Black Hole Observatory
  file:///home/pyro/projects/naked/sol61/05-black-hole-lensing/index.html
true
✓ Done
✓ Done
✓ Done
✗ Element '#adaptive' is covered by <span#model-tag> at its click point, so the input would land on that element instead. Dismiss or interact with the covering element first (it is often a dialog, banner, or sticky header).
✓ Done
✓ Done
✓ Done
✓ Done
✓ Done
true
✓ Screenshot saved to evidence/screenshots/42-mobile-final-verified.png
✓ Done
true
✓ Done
true
{
  "devicePixelRatio": 2,
  "dimensions": [
    293,
    552
  ],
  "glError": 0,
  "viewport": [
    390,
    844
  ]
}
✓ Screenshot saved to evidence/screenshots/43-mobile-retina-verified.png
✓ Done
✓ Done
✓ Done
✓ Done
✓ Done
✓ Done
✓ Done
✓ Done
✓ Done
✓ Done
✓ Done
true
{
  "errors": [],
  "fov": 75,
  "glError": 0,
  "orbitSpeed": 0.5,
  "timeSpeed": 3
}
✓ Done
✗ Element '[data-agent-browser-located='true']' is covered by <label.toggle-row inside div#panel-camera> at its click point, so the input would land on that element instead. Dismiss or interact with the covering element first (it is often a dialog, banner, or sticky header).
✓ Done
✓ Orbital — Black Hole Observatory
  file:///home/pyro/projects/naked/sol61/05-black-hole-lensing/index.html
✓ Done
✓ Done
✓ Done
✓ Done
✓ Done
✓ Done
✓ Done
✓ Done
true
{
  "dimensions": [
    293,
    552
  ],
  "dpr": 1
}
✓ Done
true
{
  "dimensions": [
    439,
    828
  ],
  "dpr": 2,
  "errors": [],
  "glError": 0
}
✓ Screenshot saved to evidence/screenshots/47-mobile-retina-final.png
✓ Done
true
{
  "requested": true
}
Graphics context interrupted.
✓ Screenshot saved to evidence/screenshots/44-context-loss-verified.png
✓ Done
true
{
  "error": null,
  "events": {
    "contextEvents": [],
    "errors": [],
    "interactions": 1,
    "shaderLogs": []
  },
  "glError": 0,
  "ready": true,
  "status": "● RUNNING"
}
✓ Screenshot saved to evidence/screenshots/45-context-restored-verified.png
✓ Orbital — Black Hole Observatory
  file:///home/pyro/projects/naked/sol61/05-black-hole-lensing/index.html
✓ Done
✓ Done
✓ Done
✓ Done
✓ Done
✓ Done
✓ Done
✓ Done
✓ Done
true
{
  "paused": true,
  "strength": 1.05,
  "time": 3.1832
}
true
Graphics context interrupted.
✓ Screenshot saved to evidence/screenshots/48-context-loss-session.png
✓ Done
true
{
  "error": null,
  "events": {
    "contextEvents": [
      "lost",
      "restored"
    ],
    "errors": [
      "Graphics context interrupted."
    ],
    "interactions": 6,
    "shaderLogs": []
  },
  "glError": 0,
  "paused": true,
  "ready": true,
  "status": "Ⅱ PAUSED",
  "strength": 1.05,
  "time": 3.1832
}
✓ Screenshot saved to evidence/screenshots/49-context-restored-preserved.png
✓ Orbital — Black Hole Observatory
  file:///home/pyro/projects/naked/sol61/05-black-hole-lensing/index.html
✓ Done
✓ Done
✓ Done
✓ Done
✓ Done
✓ Done
✓ Done
true
{
  "glError": 0,
  "mode": 1,
  "pass": true,
  "samples": [
    {
      "closest": 3.3682015365099356,
      "deflection": 0.8582669841642829,
      "expected": [
        32,
        159,
        177
      ],
      "g": 1.168855772602104,
      "maxChannelError": 0,
      "observed": [
        32,
        159,
        177
      ],
      "pass": true,
      "pixel": [
        495,
        310
      ],
      "steps": 73,
      "uv": [
        0.6998587570621468,
        0.4005791505791506
      ]
    },
    {
      "closest": 4.189422903667815,
      "deflection": 0.6270243479781152,
      "expected": [
        32,
        155,
        174
      ],
      "g": 0.782761164360748,
      "maxChannelError": 0,
      "observed": [
        32,
        155,
        174
      ],
      "pass": true,
      "pixel": [
        198,
        352
      ],
      "steps": 70,
      "uv": [
        0.2803672316384181,
        0.31949806949806947
      ]
    },
    {
      "closest": 0.952464034230939,
      "deflection": 0.008860977612219047,
      "expected": [
        29,
        102,
        135
      ],
      "maxChannelError": 0,
      "observed": [
        29,
        102,
        135
      ],
      "pass": true,
      "pixel": [
        354,
        259
      ],
      "steps": 33,
      "uv": [
        0.5007062146892656,
        0.499034749034749
      ]
    }
  ]
}
✓ Done
true
{
  "glError": 0,
  "mode": 2,
  "pass": true,
  "samples": [
    {
      "closest": 3.3682015365099356,
      "deflection": 0.8582669841642829,
      "expected": [
        33,
        164,
        180
      ],
      "g": 1.168855772602104,
      "maxChannelError": 0,
      "observed": [
        33,
        164,
        180
      ],
      "pass": true,
      "pixel": [
        495,
        310
      ],
      "steps": 73,
      "uv": [
        0.6998587570621468,
        0.4005791505791506
      ]
    },
    {
      "closest": 4.189422903667815,
      "deflection": 0.6270243479781152,
      "expected": [
        31,
        135,
        159
      ],
      "g": 0.782761164360748,
      "maxChannelError": 0,
      "observed": [
        31,
        135,
        159
      ],
      "pass": true,
      "pixel": [
        198,
        352
      ],
      "steps": 70,
      "uv": [
        0.2803672316384181,
        0.31949806949806947
      ]
    },
    {
      "closest": 0.952464034230939,
      "deflection": 0.008860977612219047,
      "expected": [
        27,
        48,
        98
      ],
      "maxChannelError": 0,
      "observed": [
        27,
        48,
        98
      ],
      "pass": true,
      "pixel": [
        354,
        259
      ],
      "steps": 33,
      "uv": [
        0.5007062146892656,
        0.499034749034749
      ]
    }
  ]
}
✓ Done
true
{
  "glError": 0,
  "mode": 3,
  "pass": true,
  "samples": [
    {
      "closest": 3.3682015365099356,
      "deflection": 0.8582669841642829,
      "expected": [
        140,
        189,
        211
      ],
      "g": 1.168855772602104,
      "maxChannelError": 0,
      "observed": [
        140,
        189,
        211
      ],
      "pass": true,
      "pixel": [
        495,
        310
      ],
      "steps": 73,
      "uv": [
        0.6998587570621468,
        0.4005791505791506
      ]
    },
    {
      "closest": 4.189422903667815,
      "deflection": 0.6270243479781152,
      "expected": [
        195,
        167,
        160
      ],
      "g": 0.782761164360748,
      "maxChannelError": 0,
      "observed": [
        195,
        167,
        160
      ],
      "pass": true,
      "pixel": [
        198,
        352
      ],
      "steps": 70,
      "uv": [
        0.2803672316384181,
        0.31949806949806947
      ]
    },
    {
      "closest": 0.952464034230939,
      "deflection": 0.008860977612219047,
      "expected": [
        7,
        12,
        15
      ],
      "maxChannelError": 0,
      "observed": [
        7,
        12,
        15
      ],
      "pass": true,
      "pixel": [
        354,
        259
      ],
      "steps": 33,
      "uv": [
        0.5007062146892656,
        0.499034749034749
      ]
    }
  ]
}
✓ Done
true
{
  "glError": 0,
  "mode": 5,
  "pass": true,
  "samples": [
    {
      "closest": 3.3682015365099356,
      "deflection": 0.8582669841642829,
      "expected": [
        250,
        187,
        86
      ],
      "g": 1.168855772602104,
      "maxChannelError": 0,
      "observed": [
        250,
        187,
        86
      ],
      "pass": true,
      "pixel": [
        495,
        310
      ],
      "steps": 73,
      "uv": [
        0.6998587570621468,
        0.4005791505791506
      ]
    },
    {
      "closest": 4.189422903667815,
      "deflection": 0.6270243479781152,
      "expected": [
        246,
        208,
        98
      ],
      "g": 0.782761164360748,
      "maxChannelError": 0,
      "observed": [
        246,
        208,
        98
      ],
      "pass": true,
      "pixel": [
        198,
        352
      ],
      "steps": 70,
      "uv": [
        0.2803672316384181,
        0.31949806949806947
      ]
    },
    {
      "closest": 0.952464034230939,
      "deflection": 0.008860977612219047,
      "expected": [
        246,
        105,
        57
      ],
      "maxChannelError": 1,
      "observed": [
        246,
        104,
        57
      ],
      "pass": true,
      "pixel": [
        354,
        259
      ],
      "steps": 33,
      "uv": [
        0.5007062146892656,
        0.499034749034749
      ]
    }
  ]
}
✓ Done
✓ Done
{
  "closest": 0.9519470663010972,
  "deflection": 9.83676572916256,
  "outcome": "Captured",
  "steps": 110,
  "x": 0.6366999999999982,
  "y": 0.5
}
Missing arguments for: mouse move
Usage: agent-browser mouse move <x> <y>
✓ Done
✓ Done
✓ Done
✓ Done
true
{
  "closest": 0.966088287682068,
  "deflection": 8.152735262149573,
  "hit": null,
  "impactParameter": 2.619195025619943,
  "outcome": "Captured",
  "pathLength": 29.59347976139675,
  "points": 95,
  "steps": 95
}
✓ Screenshot saved to evidence/screenshots/50-photon-region-trajectory.png
✓ Orbital — Black Hole Observatory
  file:///home/pyro/projects/naked/sol61/05-black-hole-lensing/evidence/fixtures/shader-failure.html
The light engine could not start.
{
  "accumFrames": 0,
  "accumulation": true,
  "adaptive": true,
  "adaptiveScale": 1,
  "autoOrbit": false,
  "camera": {
    "distance": 18,
    "pitch": 0.16,
    "target": [
      0,
      0,
      0
    ],
    "yaw": 0.32
  },
  "dimensions": [
    300,
    150
  ],
  "error": {
    "description": "A graphics shader failed to compile or link. Try a current browser or another graphics driver.",
    "detail": "ERROR: 0:45: 'INVALID_SHADER_VALIDATION_TOKEN' : undeclared identifier\n\u0000",
    "title": "The light engine could not start."
  },
  "events": {
    "contextEvents": [],
    "errors": [
      "The light engine could not start.: ERROR: 0:45: 'INVALID_SHADER_VALIDATION_TOKEN' : undeclared identifier\n\u0000"
    ],
    "interactions": 0,
    "shaderLogs": [
      "ERROR: 0:45: 'INVALID_SHADER_VALIDATION_TOKEN' : undeclared identifier\n\u0000"
    ]
  },
  "fps": 0,
  "frame": 0,
  "glError": 0,
  "mode": 0,
  "paused": false,
  "pendingRender": true,
  "quality": "balanced",
  "ray": null,
  "ready": false,
  "selection": null,
  "settings": {
    "bloom": 0.5,
    "contrast": 1.12,
    "distance": 18,
    "doppler": 1,
    "exposure": 1.25,
    "fov": 43,
    "horizon": 1,
    "inclination": 0,
    "inner": 3,
    "orbitSpeed": 0.12,
    "outer": 9,
    "rayStep": 0.055,
    "redshift": 1,
    "resolution": 0.75,
    "spin": 0.25,
    "steps": 280,
    "strength": 1,
    "temperature": 7000,
    "thickness": 0.12,
    "timeSpeed": 1,
    "turbulence": 0.65
  },
  "time": 0
}
✓ Screenshot saved to evidence/screenshots/51-shader-failure-explanation.png
✗ 
✓ Orbital — Black Hole Observatory
  file:///home/pyro/projects/naked/sol61/05-black-hole-lensing/index.html
✓ Done
✓ Done
✓ Done
✓ Done
✓ Done
✓ Done
true
{
  "displayedAverage": "72",
  "independentAverage": 72,
  "state": {
    "accumFrames": 1,
    "accumulation": false,
    "adaptive": false,
    "adaptiveScale": 1,
    "autoOrbit": false,
    "camera": {
      "distance": 18,
      "pitch": 0.16,
      "target": [
        0,
        0,
        0
      ],
      "yaw": 0.32
    },
    "dimensions": [
      708,
      518
    ],
    "error": null,
    "events": {
      "contextEvents": [],
      "errors": [],
      "interactions": 4,
      "shaderLogs": []
    },
    "fps": 0,
    "frame": 29,
    "glError": 0,
    "mode": 0,
    "paused": true,
    "pendingRender": false,
    "quality": "balanced",
    "ray": null,
    "ready": true,
    "selection": null,
    "settings": {
      "bloom": 0.5,
      "contrast": 1.12,
      "distance": 18,
      "doppler": 1,
      "exposure": 1.25,
      "fov": 43,
      "horizon": 1,
      "inclination": 0,
      "inner": 3,
      "orbitSpeed": 0.12,
      "outer": 9,
      "rayStep": 0.055,
      "redshift": 1,
      "resolution": 0.75,
      "spin": 0.25,
      "steps": 280,
      "strength": 1,
      "temperature": 7000,
      "thickness": 0.12,
      "timeSpeed": 1,
      "turbulence": 0.65
    },
    "time": 3.5832
  }
}
✓ Done
✓ Screenshot saved to evidence/screenshots/52-desktop-delivery.png
✗ 
[218D234AF81596D0B1332FDD4185B5D1] GET file:///home/pyro/projects/naked/sol61/05-black-hole-lensing/index.html (Document) 200
[8C5DF475340825DBA63670D606C26E5E] GET file:///home/pyro/projects/naked/sol61/05-black-hole-lensing/index.html (Document) 200
[824F31F0A5FCD21C62ADD96499ADF15A] GET file:///home/pyro/projects/naked/sol61/05-black-hole-lensing/index.html (Document) 200
[E69DB39000AF53CC2419A4A7ED8D90C7] GET file:///home/pyro/projects/naked/sol61/05-black-hole-lensing/index.html (Document) 200
[36F70132B93511219765C58E1E7097B8] GET file:///home/pyro/projects/naked/sol61/05-black-hole-lensing/index.html (Document) 200
[86FA9113F0BE22A74D7EBDF11106827A] GET file:///home/pyro/projects/naked/sol61/05-black-hole-lensing/index.html (Document) 200
[3045EAD8B34A0308DF96566A967E5F9E] GET file:///home/pyro/projects/naked/sol61/05-black-hole-lensing/index.html (Document) 200
[FCCDC15117E4D902A4A45378C3A8E3D5] GET file:///home/pyro/projects/naked/sol61/05-black-hole-lensing/index.html (Document) 200
[2DE16808AFD6D65697A4DB16C9B255FC] GET file:///home/pyro/projects/naked/sol61/05-black-hole-lensing/index.html (Document) 200
[D329302B8441678B88387333BDEE80D2] GET file:///home/pyro/projects/naked/sol61/05-black-hole-lensing/index.html (Document) 200
[4983390010994CC84F8B000730A7F730] GET file:///home/pyro/projects/naked/sol61/05-black-hole-lensing/index.html (Document) 200
[B2AB272C6878C6B5CA677FB536E4A465] GET file:///home/pyro/projects/naked/sol61/05-black-hole-lensing/index.html (Document) 200
[1B2AAD56378F036CF1A3A7135FE605BB] GET file:///home/pyro/projects/naked/sol61/05-black-hole-lensing/evidence/fixtures/shader-failure.html (Document) 200
[EFFB11D86534E887DF7142C2601AB63B] GET file:///home/pyro/projects/naked/sol61/05-black-hole-lensing/index.html (Document) 200
✗ 
✓ Console log cleared
✓ Orbital — Black Hole Observatory
  file:///home/pyro/projects/naked/sol61/05-black-hole-lensing/index.html
✓ Done
✓ Done
✓ Done
✓ Done
✓ Done
✓ Done
true
✓ Done
{"success":true,"data":{"errors":[{"column":469,"line":283,"text":"SyntaxError: Unexpected token ')'","url":null}],"lifecycle":{"effectiveLaunch":{"browserLaunched":true,"engine":"chrome","launchHash":6847324482101409511},"launched":false,"relaunchedBrowser":false,"restartedBackground":false,"restoreStatus":"not_configured","reused":true,"saveStatus":"not_attempted"}},"error":null}
{"success":true,"data":{"lifecycle":{"effectiveLaunch":{"browserLaunched":true,"engine":"chrome","launchHash":6847324482101409511},"launched":false,"relaunchedBrowser":false,"restartedBackground":false,"restoreStatus":"not_configured","reused":true,"saveStatus":"not_attempted"},"messages":[]},"error":null}
{
  "dimensions": [
    708,
    518
  ],
  "errors": [],
  "glError": 0,
  "network": [],
  "ready": true,
  "shaderLogs": []
}
✓ Screenshot saved to evidence/screenshots/53-desktop-clean-final.png
✓ Done
true
✓ Screenshot saved to evidence/screenshots/54-mobile-clean-final.png
{"success":true,"data":{"errors":[{"column":469,"line":283,"text":"SyntaxError: Unexpected token ')'","url":null}],"lifecycle":{"effectiveLaunch":{"browserLaunched":true,"engine":"chrome","launchHash":6847324482101409511},"launched":false,"relaunchedBrowser":false,"restartedBackground":false,"restoreStatus":"not_configured","reused":true,"saveStatus":"not_attempted"}},"error":null}
{"success":true,"data":{"lifecycle":{"effectiveLaunch":{"browserLaunched":true,"engine":"chrome","launchHash":6847324482101409511},"launched":false,"relaunchedBrowser":false,"restartedBackground":false,"restoreStatus":"not_configured","reused":true,"saveStatus":"not_attempted"},"messages":[]},"error":null}
