[agent-browser] launched browser
✓ Done
✓ Done
✓ Done
✓ Done
✓ Phase — Your own frequency
  file:///home/pyro/projects/naked/astra/bench/03-modular-synth/index.html
- button "Open guide" [ref=e1]
- button "Load project" [ref=e2]
- button "Save project" [ref=e3]
- button "Export WAV" [ref=e4]
- heading "Midnight circuitry" [level=1, ref=e5]
- combobox "Song preset" [expanded=false, ref=e6]: Midnight circuitry
  - option "Midnight circuitry" [selected, ref=e39]
  - option "Apricot morning" [ref=e40]
  - option "Concrete garden" [ref=e41]
- button "Enable audio" [ref=e7]
- region "Transport" [ref=e8]
  - button "Restart from beginning" [ref=e13]
  - button "Stop" [ref=e14]
  - button "Play" [ref=e15]
  - spinbutton "Tempo" [ref=e16]: 118
  - slider "Swing" [ref=e17]: 0.119999997317791
  - combobox "Pattern length" [expanded=false, ref=e18]: 16 steps
    - option "4 steps" [ref=e73]
    - option "8 steps" [ref=e74]
    - option "16 steps" [selected, ref=e75]
    - option "24 steps" [ref=e76]
    - option "32 steps" [ref=e77]
  - combobox "Root key" [expanded=false, ref=e19]: D
    - option "C" [ref=e78]
    - option "C♯" [ref=e79]
    - option "D" [selected, ref=e80]
    - option "D♯" [ref=e81]
    - option "E" [ref=e82]
    - option "F" [ref=e83]
    - option "F♯" [ref=e84]
    - option "G" [ref=e85]
    - option "G♯" [ref=e86]
    - option "A" [ref=e87]
    - option "A♯" [ref=e88]
    - option "B" [ref=e89]
  - combobox "Scale" [expanded=false, ref=e20]: Minor
    - option "Minor" [selected, ref=e90]
    - option "Major" [ref=e91]
    - option "Dorian" [ref=e92]
    - option "Pentatonic" [ref=e93]
    - option "Chromatic" [ref=e94]
  - combobox "Keyboard octave" [expanded=false, ref=e21]: C4
    - option "−1 / C1" [ref=e95]
    - option "C2" [ref=e96]
    - option "C3" [ref=e97]
    - option "C4" [selected, ref=e98]
    - option "C5" [ref=e99]
    - option "C6" [ref=e100]
  - button "Metronome" [ref=e22]
  - slider "Master volume" [ref=e42]: 0.7200000286102295
- region "Live audio visualizations" [ref=e9]
- region "Sequencer and mixer" [ref=e10]
  - tab "Step sequencer" [selected, ref=e43]
  - tab "Piano roll" [ref=e44]
  - tab "Mixer" [ref=e45]
  - button "Select Glass keys" [ref=e101]
  - button "Mute Glass keys" [ref=e102]
  - button "Solo Glass keys" [ref=e103]
  - button "Glass keys step 1, on, D4 F4 A4, velocity 68%" [ref=e104]
  - button "Glass keys step 2, off, D4, velocity 75%" [ref=e105]
  - button "Glass keys step 3, off, D4, velocity 75%" [ref=e106]
  - button "Glass keys step 4, on, A4, velocity 52%" [ref=e107]
  - button "Glass keys step 5, off, D4, velocity 75%" [ref=e108]
  - button "Glass keys step 6, off, D4, velocity 75%" [ref=e109]
  - button "Glass keys step 7, on, F4 C5, velocity 60%" [ref=e110]
  - button "Glass keys step 8, off, D4, velocity 75%" [ref=e111]
  - button "Glass keys step 9, on, C4 E4 G4, velocity 63%" [ref=e112]
  - button "Glass keys step 10, off, D4, velocity 75%" [ref=e113]
  - button "Glass keys step 11, off, D4, velocity 75%" [ref=e114]
  - button "Glass keys step 12, on, G4, velocity 53%" [ref=e115]
  - button "Glass keys step 13, off, D4, velocity 75%" [ref=e116]
  - button "Glass keys step 14, off, D4, velocity 75%" [ref=e117]
  - button "Glass keys step 15, on, E4 A4, velocity 62%" [ref=e118]
  - button "Glass keys step 16, off, D4, velocity 75%" [ref=e119]
  - button "Select Sub bass" [ref=e120]
  - button "Mute Sub bass" [ref=e121]
  - button "Solo Sub bass" [ref=e122]
  - button "Sub bass step 1, on, D2, velocity 86%" [ref=e123]
  - button "Sub bass step 2, off, D2, velocity 75%" [ref=e124]
  - button "Sub bass step 3, off, D2, velocity 75%" [ref=e125]
  - button "Sub bass step 4, off, D2, velocity 75%" [ref=e126]
  - button "Sub bass step 5, off, D2, velocity 75%" [ref=e127]
  - button "Sub bass step 6, off, D2, velocity 75%" [ref=e128]
  - button "Sub bass step 7, on, D2, velocity 70%" [ref=e129]
  - button "Sub bass step 8, off, D2, velocity 75%" [ref=e130]
  - button "Sub bass step 9, on, C2, velocity 80%" [ref=e131]
  - button "Sub bass step 10, off, D2, velocity 75%" [ref=e132]
  - button "Sub bass step 11, off, D2, velocity 75%" [ref=e133]
  - button "Sub bass step 12, off, D2, velocity 75%" [ref=e134]
  - button "Sub bass step 13, off, D2, velocity 75%" [ref=e135]
  - button "Sub bass step 14, off, D2, velocity 75%" [ref=e136]
  - button "Sub bass step 15, on, G2, velocity 68%" [ref=e137]
  - button "Sub bass step 16, off, D2, velocity 75%" [ref=e138]
  - button "Select Soft kick" [ref=e139]
  - button "Mute Soft kick" [ref=e140]
  - button "Solo Soft kick" [ref=e141]
  - button "Soft kick step 1, on, velocity 90%" [ref=e142]
  - button "Soft kick step 2, off, velocity 75%" [ref=e143]
  - button "Soft kick step 3, off, velocity 75%" [ref=e144]
  - button "Soft kick step 4, off, velocity 75%" [ref=e145]
  - button "Soft kick step 5, on, velocity 90%" [ref=e146]
  - button "Soft kick step 6, off, velocity 75%" [ref=e147]
  - button "Soft kick step 7, off, velocity 75%" [ref=e148]
  - button "Soft kick step 8, off, velocity 75%" [ref=e149]
  - button "Soft kick step 9, on, velocity 90%" [ref=e150]
  - button "Soft kick step 10, off, velocity 75%" [ref=e151]
  - button "Soft kick step 11, on, velocity 56%" [ref=e152]
  - button "Soft kick step 12, off, velocity 75%" [ref=e153]
  - button "Soft kick step 13, on, velocity 90%" [ref=e154]
  - button "Soft kick step 14, off, velocity 75%" [ref=e155]
  - button "Soft kick step 15, off, velocity 75%" [ref=e156]
  - button "Soft kick step 16, off, velocity 75%" [ref=e157]
  - button "Select Dust snare" [ref=e158]
  - button "Mute Dust snare" [ref=e159]
  - button "Solo Dust snare" [ref=e160]
  - button "Dust snare step 1, off, velocity 75%" [ref=e161]
  - button "Dust snare step 2, off, velocity 75%" [ref=e162]
  - button "Dust snare step 3, off, velocity 75%" [ref=e163]
  - button "Dust snare step 4, off, velocity 75%" [ref=e164]
  - button "Dust snare step 5, on, velocity 75%" [ref=e165]
  - button "Dust snare step 6, off, velocity 75%" [ref=e166]
  - button "Dust snare step 7, off, velocity 75%" [ref=e167]
  - button "Dust snare step 8, off, velocity 75%" [ref=e168]
  - button "Dust snare step 9, off, velocity 75%" [ref=e169]
  - button "Dust snare step 10, off, velocity 75%" [ref=e170]
  - button "Dust snare step 11, off, velocity 75%" [ref=e171]
  - button "Dust snare step 12, on, velocity 24%" [ref=e172]
  - button "Dust snare step 13, on, velocity 75%" [ref=e173]
  - button "Dust snare step 14, off, velocity 75%" [ref=e174]
  - button "Dust snare step 15, off, velocity 75%" [ref=e175]
  - button "Dust snare step 16, off, velocity 75%" [ref=e176]
  - button "Select Closed hat" [ref=e177]
  - button "Mute Closed hat" [ref=e178]
  - button "Solo Closed hat" [ref=e179]
  - button "Closed hat step 1, on, velocity 65%" [ref=e180]
  - button "Closed hat step 2, off, velocity 75%" [ref=e181]
  - button "Closed hat step 3, on, velocity 44%" [ref=e182]
  - button "Closed hat step 4, off, velocity 75%" [ref=e183]
  - button "Closed hat step 5, on, velocity 65%" [ref=e184]
  - button "Closed hat step 6, off, velocity 75%" [ref=e185]
  - button "Closed hat step 7, on, velocity 44%" [ref=e186]
  - button "Closed hat step 8, off, velocity 75%" [ref=e187]
  - button "Closed hat step 9, on, velocity 65%" [ref=e188]
  - button "Closed hat step 10, off, velocity 75%" [ref=e189]
  - button "Closed hat step 11, on, velocity 44%" [ref=e190]
  - button "Closed hat step 12, off, velocity 75%" [ref=e191]
  - button "Closed hat step 13, on, velocity 65%" [ref=e192]
  - button "Closed hat step 14, off, velocity 75%" [ref=e193]
  - button "Closed hat step 15, on, velocity 44%" [ref=e194]
  - button "Closed hat step 16, on, velocity 32%" [ref=e195]
  - button "Select Wood rim" [ref=e196]
  - button "Mute Wood rim" [ref=e197]
  - button "Solo Wood rim" [ref=e198]
  - button "Wood rim step 1, off, velocity 75%" [ref=e199]
  - button "Wood rim step 2, off, velocity 75%" [ref=e200]
  - button "Wood rim step 3, off, velocity 75%" [ref=e201]
  - button "Wood rim step 4, on, velocity 27%" [ref=e202]
  - button "Wood rim step 5, off, velocity 75%" [ref=e203]
  - button "Wood rim step 6, off, velocity 75%" [ref=e204]
  - button "Wood rim step 7, off, velocity 75%" [ref=e205]
  - button "Wood rim step 8, on, velocity 42%" [ref=e206]
  - button "Wood rim step 9, off, velocity 75%" [ref=e207]
  - button "Wood rim step 10, off, velocity 75%" [ref=e208]
  - button "Wood rim step 11, off, velocity 75%" [ref=e209]
  - button "Wood rim step 12, on, velocity 27%" [ref=e210]
  - button "Wood rim step 13, off, velocity 75%" [ref=e211]
  - button "Wood rim step 14, off, velocity 75%" [ref=e212]
  - button "Wood rim step 15, off, velocity 75%" [ref=e213]
  - button "Wood rim step 16, on, velocity 27%" [ref=e214]
  - combobox "Selected step pitch" [expanded=false, ref=e215]: D4
    - option "C1" [ref=e247]
    - option "C♯1" [ref=e248]
    - option "D1" [ref=e249]
    - option "D♯1" [ref=e250]
    - option "E1" [ref=e251]
    - option "F1" [ref=e252]
    - option "F♯1" [ref=e253]
    - option "G1" [ref=e254]
    - option "G♯1" [ref=e255]
    - option "A1" [ref=e256]
    - option "A♯1" [ref=e257]
    - option "B1" [ref=e258]
    - option "C2" [ref=e259]
    - option "C♯2" [ref=e260]
    - option "D2" [ref=e261]
    - option "D♯2" [ref=e262]
    - option "E2" [ref=e263]
    - option "F2" [ref=e264]
    - option "F♯2" [ref=e265]
    - option "G2" [ref=e266]
    - option "G♯2" [ref=e267]
    - option "A2" [ref=e268]
    - option "A♯2" [ref=e269]
    - option "B2" [ref=e270]
    - option "C3" [ref=e271]
    - option "C♯3" [ref=e272]
    - option "D3" [ref=e273]
    - option "D♯3" [ref=e274]
    - option "E3" [ref=e275]
    - option "F3" [ref=e276]
    - option "F♯3" [ref=e277]
    - option "G3" [ref=e278]
    - option "G♯3" [ref=e279]
    - option "A3" [ref=e280]
    - option "A♯3" [ref=e281]
    - option "B3" [ref=e282]
    - option "C4" [ref=e283]
    - option "C♯4" [ref=e284]
    - option "D4" [selected, ref=e285]
    - option "D♯4" [ref=e286]
    - option "E4" [ref=e287]
    - option "F4" [ref=e288]
    - option "F♯4" [ref=e289]
    - option "G4" [ref=e290]
    - option "G♯4" [ref=e291]
    - option "A4" [ref=e292]
    - option "A♯4" [ref=e293]
    - option "B4" [ref=e294]
    - option "C5" [ref=e295]
    - option "C♯5" [ref=e296]
    - option "D5" [ref=e297]
    - option "D♯5" [ref=e298]
    - option "E5" [ref=e299]
    - option "F5" [ref=e300]
    - option "F♯5" [ref=e301]
    - option "G5" [ref=e302]
    - option "G♯5" [ref=e303]
    - option "A5" [ref=e304]
    - option "A♯5" [ref=e305]
    - option "B5" [ref=e306]
    - option "C6" [ref=e307]
    - option "C♯6" [ref=e308]
    - option "D6" [ref=e309]
    - option "D♯6" [ref=e310]
    - option "E6" [ref=e311]
    - option "F6" [ref=e312]
    - option "F♯6" [ref=e313]
    - option "G6" [ref=e314]
    - option "G♯6" [ref=e315]
    - option "A6" [ref=e316]
    - option "A♯6" [ref=e317]
    - option "B6" [ref=e318]
    - option "C7" [ref=e319]
  - slider "Selected step velocity" [ref=e216]: 0.699999988079071
  - slider "Selected step gate length" [ref=e217]: 1.100000023841858
  - spinbutton "Random seed" [ref=e46]: 2814
  - slider "Random pattern density" [ref=e47]: 0.5
  - button "Randomize" [ref=e23]
  - button "Undo last edit" [disabled, ref=e24]
  - button "Clear track" [ref=e25]
- region "Live performance" [ref=e11]
  - heading "Play something." [level=2, ref=e26]
  - button "Play C4" [ref=e48]
  - button "Play D4" [ref=e49]
  - button "Play E4" [ref=e50]
  - button "Play F4" [ref=e51]
  - button "Play G4" [ref=e52]
  - button "Play A4" [ref=e53]
  - button "Play B4" [ref=e54]
  - button "Play C5" [ref=e55]
  - button "Play C♯4" [ref=e56]
  - button "Play D♯4" [ref=e57]
  - button "Play F♯4" [ref=e58]
  - button "Play G♯4" [ref=e59]
  - button "Play A♯4" [ref=e60]
  - button "Play Soft kick" [ref=e61]
  - button "Play Dust snare" [ref=e62]
  - button "Play Closed hat" [ref=e63]
  - button "Play Wood rim" [ref=e64]
- heading "Glass keys" [level=3, ref=e27]
- combobox "Track preset" [expanded=false, ref=e28]: Glass · soft electric keys
  - option "Glass · soft electric keys" [selected, ref=e218]
  - option "Warm · rounded tape keys" [ref=e219]
  - option "Pluck · bright and short" [ref=e220]
  - option "Cloud · slow motion" [ref=e221]
  - option "Sub · deep and steady" [ref=e222]
- button "sine waveform" [ref=e29]
- button "triangle waveform" [ref=e30]
- button "sawtooth waveform" [ref=e31]
- button "square waveform" [ref=e32]
- slider "Instrument tuning" [ref=e33]: 0
- combobox "Instrument polyphony" [expanded=false, ref=e34]: 6 voices
  - option "1 voice" [ref=e223]
  - option "2 voices" [ref=e224]
  - option "3 voices" [ref=e225]
  - option "4 voices" [ref=e226]
  - option "5 voices" [ref=e227]
  - option "6 voices" [selected, ref=e228]
  - option "7 voices" [ref=e229]
  - option "8 voices" [ref=e230]
- slider "Instrument attack" [ref=e65]: 0.00800000037997961
- slider "Instrument decay" [ref=e66]: 0.41999998688697815
- slider "Instrument sustain" [ref=e67]: 0.2800000011920929
- slider "Instrument release" [ref=e68]: 0.75
- slider "Instrument cutoff" [ref=e69]: 3400
- slider "Instrument resonance" [ref=e70]: 0.8999999761581421
- slider "Instrument env amt" [ref=e71]: 2800
- slider "LFO rate" [ref=e35]: 0.30000001192092896
- slider "LFO depth" [ref=e36]: 0.07999999821186066
- combobox "LFO destination" [expanded=false, ref=e72]: Filter cutoff
  - option "Filter cutoff" [selected, ref=e237]
  - option "Oscillator pitch" [ref=e238]
  - option "Stereo pan" [ref=e239]
- region "Master effects" [ref=e12]
  - heading "Master effects" [level=2, ref=e37]
  - button "delay effect enabled" [ref=e231]
  - slider "Delay mix" [ref=e240]: 0.3799999952316284
  - combobox "Delay time" [expanded=false, ref=e241]: 1/8 dotted
    - option "1/16" [ref=e320]
    - option "1/8" [ref=e321]
    - option "1/8 dotted" [selected, ref=e322]
    - option "1/4" [ref=e323]
    - option "1/4 dotted" [ref=e324]
  - slider "Delay feedback" [ref=e242]: 0.36000001430511475
  - button "reverb effect enabled" [ref=e232]
  - slider "Reverb mix" [ref=e243]: 0.3100000023841858
  - slider "Reverb decay" [ref=e233]: 2.5999999046325684
  - button "drive effect enabled" [ref=e234]
  - slider "Drive drive" [ref=e244]: 0.17000000178813934
  - button "tone effect enabled" [ref=e235]
  - slider "Tone cutoff" [ref=e245]: 12500
  - button "limiter effect enabled" [ref=e236]
  - slider "Limiter glue" [ref=e246]: 0.3499999940395355
- button "Guide & shortcuts ↗" [ref=e38]
✓ Screenshot saved to evidence/screenshots/desktop-initial.png
✓ Done
✓ Done
true
{
  "activeVoices": 8,
  "audioTime": 1.9388662131519272,
  "clipped": false,
  "context": "running",
  "correlation": 0.9851578842602756,
  "currentStep": 14,
  "driftMs": 0,
  "exporting": false,
  "heldInputs": 0,
  "lastExport": null,
  "lateCount": 0,
  "lookAheadMs": 100,
  "nextStep": 0,
  "peak": 0.16289852559566498,
  "playing": true,
  "queuedEvents": 1,
  "rms": 0.06468374187101468,
  "sampleRate": 44100,
  "scheduledCount": 16,
  "scheduler": "worker",
  "selectedStep": 0,
  "selectedTrack": 0,
  "storageAvailable": true,
  "tab": "sequencer",
  "trackLevels": [
    0.044239592984737015,
    0.038827606443037704,
    0.00011642622595023765,
    0,
    0.00001009423411982952,
    0
  ],
  "uiLoadMs": 0.29727651970817937
}
✓ Screenshot saved to evidence/screenshots/desktop-playing.png
✓ Screenshot saved to evidence/screenshots/desktop-full-playing.png
{
  "bottom": 1135,
  "height": 166,
  "left": 30,
  "right": 952,
  "top": 969,
  "width": 922,
  "x": 30,
  "y": 969
}
[B6DFD4983CE6ED58771BE694E5D31728] GET file:///home/pyro/projects/naked/astra/bench/03-modular-synth/index.html (Document) 200
[97A335C1C915D2037E97D0877EE56BF9] GET blob:null/691f3143-9166-4d4c-9e2c-331f71dcfb67 (Script)
{
  "lfoControl": 0.3,
  "lfoState": 0.32,
  "velocityControl": 0.7,
  "velocityState": 0.68
}
✓ Screenshot saved to evidence/screenshots/issue-001-control-precision.png
   [1] @e1 button "Open guide"
   [2] @e2 button "Load project"
   [3] @e3 button "Save project"
   [4] @e4 button "Export WAV"
   [5] @e5 heading "Midnight circuitry"
   [6] @e6 combobox "Song preset"
   [7] @e7 button "Audio ready"
   [8] @e8 region "Transport"
   [9] @e9 region "Live audio visualizations"
   [10] @e10 region "Sequencer and mixer"
   [11] @e11 region "Live performance"
   [12] @e12 region "Master effects"
   [13] @e13 button "Restart from beginning"
   [14] @e14 button "Stop"
   [15] @e15 button "Pause"
   [16] @e16 spinbutton "Tempo"
   [17] @e17 slider "Swing"
   [18] @e18 combobox "Pattern length"
   [19] @e19 combobox "Root key"
   [20] @e20 combobox "Scale"
   [21] @e21 combobox "Keyboard octave"
   [22] @e22 button "Metronome"
   [23] @e23 button "Randomize"
   [24] @e24 button "Undo last edit"
   [25] @e25 button "Clear track"
   [26] @e26 heading "Play something."
   [27] @e27 heading "Glass keys"
   [28] @e28 combobox "Track preset"
   [29] @e29 button "sine waveform"
   [30] @e30 button "triangle waveform"
   [31] @e31 button "sawtooth waveform"
   [32] @e32 button "square waveform"
   [33] @e33 slider "Instrument tuning"
   [34] @e34 combobox "Instrument polyphony"
   [35] @e35 slider "LFO rate"
   [36] @e36 slider "LFO depth"
   [37] @e37 heading "Master effects"
   [38] @e38 button "Guide & shortcuts ↗"
   [42] @e42 slider "Master volume"
   [43] @e43 tab "Step sequencer"
   [44] @e44 tab "Piano roll"
   [45] @e45 tab "Mixer"
   [46] @e46 spinbutton "Random seed"
   [47] @e47 slider "Random pattern density"
   [48] @e48 button "Play C4"
   [49] @e49 button "Play D4"
   [50] @e50 button "Play E4"
   [51] @e51 button "Play F4"
   [52] @e52 button "Play G4"
   [53] @e53 button "Play A4"
   [54] @e54 button "Play B4"
   [55] @e55 button "Play C5"
   [56] @e56 button "Play C♯4"
   [57] @e57 button "Play D♯4"
   [58] @e58 button "Play F♯4"
   [59] @e59 button "Play G♯4"
   [60] @e60 button "Play A♯4"
   [61] @e61 button "Play Soft kick"
   [62] @e62 button "Play Dust snare"
   [63] @e63 button "Play Closed hat"
   [64] @e64 button "Play Wood rim"
   [65] @e65 slider "Instrument attack"
   [66] @e66 slider "Instrument decay"
   [67] @e67 slider "Instrument sustain"
   [68] @e68 slider "Instrument release"
   [69] @e69 slider "Instrument cutoff"
   [70] @e70 slider "Instrument resonance"
   [71] @e71 slider "Instrument env amt"
   [72] @e72 combobox "LFO destination"
   [101] @e101 button "Select Glass keys"
   [102] @e102 button "Mute Glass keys"
   [103] @e103 button "Solo Glass keys"
   [104] @e104 button "Glass keys step 1, on, D4 F4 A4, velocity 68%"
   [105] @e105 button "Glass keys step 2, off, D4, velocity 75%"
   [106] @e106 button "Glass keys step 3, off, D4, velocity 75%"
   [107] @e107 button "Glass keys step 4, on, A4, velocity 52%"
   [108] @e108 button "Glass keys step 5, off, D4, velocity 75%"
   [109] @e109 button "Glass keys step 6, off, D4, velocity 75%"
   [110] @e110 button "Glass keys step 7, on, F4 C5, velocity 60%"
   [111] @e111 button "Glass keys step 8, off, D4, velocity 75%"
   [112] @e112 button "Glass keys step 9, on, C4 E4 G4, velocity 63%"
   [113] @e113 button "Glass keys step 10, off, D4, velocity 75%"
   [114] @e114 button "Glass keys step 11, off, D4, velocity 75%"
   [115] @e115 button "Glass keys step 12, on, G4, velocity 53%"
   [116] @e116 button "Glass keys step 13, off, D4, velocity 75%"
   [117] @e117 button "Glass keys step 14, off, D4, velocity 75%"
   [118] @e118 button "Glass keys step 15, on, E4 A4, velocity 62%"
   [119] @e119 button "Glass keys step 16, off, D4, velocity 75%"
   [120] @e120 button "Select Sub bass"
   [121] @e121 button "Mute Sub bass"
   [122] @e122 button "Solo Sub bass"
   [123] @e123 button "Sub bass step 1, on, D2, velocity 86%"
   [124] @e124 button "Sub bass step 2, off, D2, velocity 75%"
   [125] @e125 button "Sub bass step 3, off, D2, velocity 75%"
   [126] @e126 button "Sub bass step 4, off, D2, velocity 75%"
   [127] @e127 button "Sub bass step 5, off, D2, velocity 75%"
   [128] @e128 button "Sub bass step 6, off, D2, velocity 75%"
   [129] @e129 button "Sub bass step 7, on, D2, velocity 70%"
   [130] @e130 button "Sub bass step 8, off, D2, velocity 75%"
   [131] @e131 button "Sub bass step 9, on, C2, velocity 80%"
   [132] @e132 button "Sub bass step 10, off, D2, velocity 75%"
   [133] @e133 button "Sub bass step 11, off, D2, velocity 75%"
   [134] @e134 button "Sub bass step 12, off, D2, velocity 75%"
   [135] @e135 button "Sub bass step 13, off, D2, velocity 75%"
   [136] @e136 button "Sub bass step 14, off, D2, velocity 75%"
   [137] @e137 button "Sub bass step 15, on, G2, velocity 68%"
   [138] @e138 button "Sub bass step 16, off, D2, velocity 75%"
   [139] @e139 button "Select Soft kick"
   [140] @e140 button "Mute Soft kick"
   [141] @e141 button "Solo Soft kick"
   [142] @e142 button "Soft kick step 1, on, velocity 90%"
   [143] @e143 button "Soft kick step 2, off, velocity 75%"
   [144] @e144 button "Soft kick step 3, off, velocity 75%"
   [145] @e145 button "Soft kick step 4, off, velocity 75%"
   [146] @e146 button "Soft kick step 5, on, velocity 90%"
   [147] @e147 button "Soft kick step 6, off, velocity 75%"
   [148] @e148 button "Soft kick step 7, off, velocity 75%"
   [149] @e149 button "Soft kick step 8, off, velocity 75%"
   [150] @e150 button "Soft kick step 9, on, velocity 90%"
   [151] @e151 button "Soft kick step 10, off, velocity 75%"
   [152] @e152 button "Soft kick step 11, on, velocity 56%"
   [153] @e153 button "Soft kick step 12, off, velocity 75%"
   [154] @e154 button "Soft kick step 13, on, velocity 90%"
   [155] @e155 button "Soft kick step 14, off, velocity 75%"
   [156] @e156 button "Soft kick step 15, off, velocity 75%"
   [157] @e157 button "Soft kick step 16, off, velocity 75%"
   [158] @e158 button "Select Dust snare"
   [159] @e159 button "Mute Dust snare"
   [160] @e160 button "Solo Dust snare"
   [161] @e161 button "Dust snare step 1, off, velocity 75%"
   [162] @e162 button "Dust snare step 2, off, velocity 75%"
   [163] @e163 button "Dust snare step 3, off, velocity 75%"
   [164] @e164 button "Dust snare step 4, off, velocity 75%"
   [165] @e165 button "Dust snare step 5, on, velocity 75%"
   [166] @e166 button "Dust snare step 6, off, velocity 75%"
   [167] @e167 button "Dust snare step 7, off, velocity 75%"
   [168] @e168 button "Dust snare step 8, off, velocity 75%"
   [169] @e169 button "Dust snare step 9, off, velocity 75%"
   [170] @e170 button "Dust snare step 10, off, velocity 75%"
   [171] @e171 button "Dust snare step 11, off, velocity 75%"
   [172] @e172 button "Dust snare step 12, on, velocity 24%"
   [173] @e173 button "Dust snare step 13, on, velocity 75%"
   [174] @e174 button "Dust snare step 14, off, velocity 75%"
   [175] @e175 button "Dust snare step 15, off, velocity 75%"
   [176] @e176 button "Dust snare step 16, off, velocity 75%"
   [177] @e177 button "Select Closed hat"
   [178] @e178 button "Mute Closed hat"
   [179] @e179 button "Solo Closed hat"
   [180] @e180 button "Closed hat step 1, on, velocity 65%"
   [181] @e181 button "Closed hat step 2, off, velocity 75%"
   [182] @e182 button "Closed hat step 3, on, velocity 44%"
   [183] @e183 button "Closed hat step 4, off, velocity 75%"
   [184] @e184 button "Closed hat step 5, on, velocity 65%"
   [185] @e185 button "Closed hat step 6, off, velocity 75%"
   [186] @e186 button "Closed hat step 7, on, velocity 44%"
   [187] @e187 button "Closed hat step 8, off, velocity 75%"
   [188] @e188 button "Closed hat step 9, on, velocity 65%"
   [189] @e189 button "Closed hat step 10, off, velocity 75%"
   [190] @e190 button "Closed hat step 11, on, velocity 44%"
   [191] @e191 button "Closed hat step 12, off, velocity 75%"
   [192] @e192 button "Closed hat step 13, on, velocity 65%"
   [193] @e193 button "Closed hat step 14, off, velocity 75%"
   [194] @e194 button "Closed hat step 15, on, velocity 44%"
   [195] @e195 button "Closed hat step 16, on, velocity 32%"
   [196] @e196 button "Select Wood rim"
   [197] @e197 button "Mute Wood rim"
   [198] @e198 button "Solo Wood rim"
   [199] @e199 button "Wood rim step 1, off, velocity 75%"
   [200] @e200 button "Wood rim step 2, off, velocity 75%"
   [201] @e201 button "Wood rim step 3, off, velocity 75%"
   [202] @e202 button "Wood rim step 4, on, velocity 27%"
   [203] @e203 button "Wood rim step 5, off, velocity 75%"
   [204] @e204 button "Wood rim step 6, off, velocity 75%"
   [205] @e205 button "Wood rim step 7, off, velocity 75%"
   [206] @e206 button "Wood rim step 8, on, velocity 42%"
   [207] @e207 button "Wood rim step 9, off, velocity 75%"
   [208] @e208 button "Wood rim step 10, off, velocity 75%"
   [209] @e209 button "Wood rim step 11, off, velocity 75%"
   [210] @e210 button "Wood rim step 12, on, velocity 27%"
   [211] @e211 button "Wood rim step 13, off, velocity 75%"
   [212] @e212 button "Wood rim step 14, off, velocity 75%"
   [213] @e213 button "Wood rim step 15, off, velocity 75%"
   [214] @e214 button "Wood rim step 16, on, velocity 27%"
   [215] @e215 combobox "Selected step pitch"
   [216] @e216 slider "Selected step velocity"
   [217] @e217 slider "Selected step gate length"
   [231] @e231 button "delay effect enabled"
   [232] @e232 button "reverb effect enabled"
   [233] @e233 slider "Reverb decay"
   [234] @e234 button "drive effect enabled"
   [235] @e235 button "tone effect enabled"
   [236] @e236 button "limiter effect enabled"
   [240] @e240 slider "Delay mix"
   [241] @e241 combobox "Delay time"
   [242] @e242 slider "Delay feedback"
   [243] @e243 slider "Reverb mix"
   [244] @e244 slider "Drive drive"
   [245] @e245 slider "Tone cutoff"
   [246] @e246 slider "Limiter glue"
file:///home/pyro/projects/naked/astra/bench/03-modular-synth/index.html
{
  "selected": 1,
  "step": {
    "gate": 0.8,
    "notes": [
      62
    ],
    "on": false,
    "velocity": 0.75
  }
}
null
✓ Done
✓ Done
✓ Done
{
  "label": "Glass keys step 2, off, D4, velocity 75%",
  "shift": false,
  "trusted": true
}
{
  "gate": 0.8,
  "notes": [
    62
  ],
  "on": true,
  "velocity": 1
}
{
  "diag": {
    "activeVoices": 0,
    "audioTime": 0,
    "clipped": false,
    "context": "suspended",
    "correlation": 1,
    "currentStep": -1,
    "driftMs": 0,
    "exporting": false,
    "heldInputs": 0,
    "lastExport": null,
    "lateCount": 0,
    "lookAheadMs": 100,
    "nextStep": 1,
    "peak": 0,
    "playing": false,
    "queuedEvents": 0,
    "rms": 0,
    "sampleRate": 44100,
    "scheduledCount": 1,
    "scheduler": "worker",
    "selectedStep": 0,
    "selectedTrack": 0,
    "storageAvailable": true,
    "tab": "sequencer",
    "trackLevels": [
      0,
      0,
      0,
      0,
      0,
      0
    ],
    "uiLoadMs": 0.17971009504418248
  },
  "focus": true,
  "url": "file:///home/pyro/projects/naked/astra/bench/03-modular-synth/index.html",
  "visibility": "visible"
}
✓ Done
✓ Done
true
{
  "activeVoices": 8,
  "audioTime": 1.0710204081632653,
  "clipped": false,
  "context": "running",
  "correlation": 0.99216887162935,
  "currentStep": 8,
  "driftMs": 0,
  "exporting": false,
  "heldInputs": 0,
  "lastExport": null,
  "lateCount": 0,
  "lookAheadMs": 100,
  "nextStep": 10,
  "peak": 0.2772798538208008,
  "playing": true,
  "queuedEvents": 1,
  "rms": 0.11943043895485064,
  "sampleRate": 44100,
  "scheduledCount": 10,
  "scheduler": "worker",
  "selectedStep": 0,
  "selectedTrack": 0,
  "storageAvailable": true,
  "tab": "sequencer",
  "trackLevels": [
    0.07071440890063663,
    0.028288456404030188,
    0.038361669471329664,
    0,
    0.000011049017811194424,
    0
  ],
  "uiLoadMs": 0.30418379390867556
}
{
  "activation": {
    "active": false,
    "ever": true
  },
  "diag": {
    "activeVoices": 0,
    "audioTime": 0,
    "clipped": false,
    "context": "suspended",
    "correlation": 1,
    "currentStep": -1,
    "driftMs": 0,
    "exporting": false,
    "heldInputs": 0,
    "lastExport": null,
    "lateCount": 0,
    "lookAheadMs": 100,
    "nextStep": 0,
    "peak": 0,
    "playing": false,
    "queuedEvents": 0,
    "rms": 0,
    "sampleRate": 44100,
    "scheduledCount": 0,
    "scheduler": "idle",
    "selectedStep": 0,
    "selectedTrack": 0,
    "storageAvailable": true,
    "tab": "sequencer",
    "trackLevels": [
      0,
      0,
      0,
      0,
      0,
      0
    ],
    "uiLoadMs": 0.17509514452634758
  },
  "visibility": "visible"
}
[]
{
  "activeVoices": 7,
  "audioTime": 16.77641723356009,
  "clipped": false,
  "context": "running",
  "correlation": 0.6740144704828748,
  "currentStep": 3,
  "driftMs": 0,
  "exporting": false,
  "heldInputs": 0,
  "lastExport": null,
  "lateCount": 0,
  "lookAheadMs": 100,
  "nextStep": 5,
  "peak": 0.00951450690627098,
  "playing": true,
  "queuedEvents": 1,
  "rms": 0.00309698687304111,
  "sampleRate": 44100,
  "scheduledCount": 133,
  "scheduler": "worker",
  "selectedStep": 0,
  "selectedTrack": 0,
  "storageAvailable": true,
  "tab": "sequencer",
  "trackLevels": [
    0.011922250657391413,
    0.00003221512003054555,
    0.000048887839482275776,
    0,
    0,
    0.0029519981995387184
  ],
  "uiLoadMs": 0.2872688356304882
}
null
✓ Done
{
  "active": true,
  "label": "Audio ready",
  "trusted": true
}
null
✓ Done
{
  "active": true,
  "label": "Audio ready",
  "trusted": true
}
{
  "rect": {
    "bottom": 142.5,
    "height": 32,
    "left": 1148.765625,
    "right": 1250,
    "top": 110.5,
    "width": 101.234375,
    "x": 1148.765625,
    "y": 110.5
  },
  "scroll": 0,
  "trace": [
    {
      "clock": 21431.5,
      "event": "created",
      "gesture": false,
      "state": "running",
      "time": 0
    },
    {
      "clock": 21451.80000001192,
      "event": "state",
      "state": "running",
      "time": 0
    },
    {
      "clock": 31477.5,
      "event": "state",
      "state": "suspended",
      "time": 0
    }
  ]
}
null
✓ Done
{
  "diag": {
    "activeVoices": 0,
    "audioTime": 0,
    "clipped": false,
    "context": "suspended",
    "correlation": 1,
    "currentStep": -1,
    "driftMs": 0,
    "exporting": false,
    "heldInputs": 0,
    "lastExport": null,
    "lateCount": 0,
    "lookAheadMs": 100,
    "nextStep": 1,
    "peak": 0,
    "playing": false,
    "queuedEvents": 0,
    "rms": 0,
    "sampleRate": 44100,
    "scheduledCount": 1,
    "scheduler": "worker",
    "selectedStep": 0,
    "selectedTrack": 0,
    "storageAvailable": true,
    "tab": "sequencer",
    "trackLevels": [
      0,
      0,
      0,
      0,
      0,
      0
    ],
    "uiLoadMs": 0.18617811618117644
  },
  "trace": [
    {
      "clock": 21431.5,
      "event": "created",
      "gesture": false,
      "state": "running",
      "time": 0
    },
    {
      "clock": 21451.80000001192,
      "event": "state",
      "state": "running",
      "time": 0
    },
    {
      "clock": 31477.5,
      "event": "state",
      "state": "suspended",
      "time": 0
    },
    {
      "active": true,
      "event": "click",
      "label": "Enable audio",
      "trusted": true
    },
    {
      "clock": 56960.70000000298,
      "event": "resume called",
      "gesture": true,
      "state": "suspended",
      "time": 0
    }
  ]
}
{
  "sink": {},
  "state": "suspended"
}
✓ Done
✓ Done
✗ Wait timed out after 25000ms
{
  "diag": {
    "activeVoices": 0,
    "audioTime": 0,
    "clipped": false,
    "context": "suspended",
    "correlation": 1,
    "currentStep": -1,
    "driftMs": 0,
    "exporting": false,
    "heldInputs": 0,
    "lastExport": null,
    "lateCount": 0,
    "lookAheadMs": 100,
    "nextStep": 1,
    "peak": 0,
    "playing": false,
    "queuedEvents": 0,
    "rms": 0,
    "sampleRate": 44100,
    "scheduledCount": 1,
    "scheduler": "worker",
    "selectedStep": 0,
    "selectedTrack": 0,
    "storageAvailable": true,
    "tab": "sequencer",
    "trackLevels": [
      0,
      0,
      0,
      0,
      0,
      0
    ],
    "uiLoadMs": 0.17579888300224525
  },
  "trace": [
    {
      "clock": 21431.5,
      "event": "created",
      "gesture": false,
      "state": "running",
      "time": 0
    },
    {
      "clock": 21451.80000001192,
      "event": "state",
      "state": "running",
      "time": 0
    },
    {
      "clock": 31477.5,
      "event": "state",
      "state": "suspended",
      "time": 0
    },
    {
      "active": true,
      "event": "click",
      "label": "Enable audio",
      "trusted": true
    },
    {
      "clock": 56960.70000000298,
      "event": "resume called",
      "gesture": true,
      "state": "suspended",
      "time": 0
    }
  ]
}
null
✓ Done
{
  "diag": {
    "activeVoices": 0,
    "audioTime": 0.01160997732426304,
    "clipped": false,
    "context": "suspended",
    "correlation": 1,
    "currentStep": -1,
    "driftMs": 0,
    "exporting": false,
    "heldInputs": 0,
    "lastExport": null,
    "lateCount": 0,
    "lookAheadMs": 100,
    "nextStep": 1,
    "peak": 0,
    "playing": false,
    "queuedEvents": 0,
    "rms": 0,
    "sampleRate": 44100,
    "scheduledCount": 1,
    "scheduler": "worker",
    "selectedStep": 0,
    "selectedTrack": 0,
    "storageAvailable": true,
    "tab": "sequencer",
    "trackLevels": [
      0,
      0,
      0,
      0,
      0,
      0
    ],
    "uiLoadMs": 0.18038641534367092
  },
  "sinkType": "none",
  "trace": [
    {
      "clock": 21431.5,
      "event": "created",
      "gesture": false,
      "state": "running",
      "time": 0
    },
    {
      "clock": 21451.80000001192,
      "event": "state",
      "state": "running",
      "time": 0
    },
    {
      "clock": 31477.5,
      "event": "state",
      "state": "suspended",
      "time": 0
    },
    {
      "active": true,
      "event": "click",
      "label": "Enable audio",
      "trusted": true
    },
    {
      "clock": 56960.70000000298,
      "event": "resume called",
      "gesture": true,
      "state": "suspended",
      "time": 0
    },
    {
      "clock": 168906.60000000894,
      "event": "resume called",
      "gesture": true,
      "state": "suspended",
      "time": 0
    }
  ]
}
{
  "diag": {
    "activeVoices": 8,
    "audioTime": 5.897868480725624,
    "clipped": false,
    "context": "running",
    "correlation": 0.9831432489674604,
    "currentStep": 14,
    "driftMs": 0,
    "exporting": false,
    "heldInputs": 0,
    "lastExport": null,
    "lateCount": 0,
    "lookAheadMs": 100,
    "nextStep": 0,
    "peak": 0.1632968634366989,
    "playing": true,
    "queuedEvents": 1,
    "rms": 0.06444733157462129,
    "sampleRate": 44100,
    "scheduledCount": 48,
    "scheduler": "worker",
    "selectedStep": 0,
    "selectedTrack": 0,
    "storageAvailable": true,
    "tab": "sequencer",
    "trackLevels": [
      0.03444257035389346,
      0.04262760421534087,
      0.00006553485463522935,
      0,
      0.000011799869855984853,
      0
    ],
    "uiLoadMs": 0.2938133928470585
  },
  "trace": [
    {
      "clock": 21431.5,
      "event": "created",
      "gesture": false,
      "state": "running",
      "time": 0
    },
    {
      "clock": 21451.80000001192,
      "event": "state",
      "state": "running",
      "time": 0
    },
    {
      "clock": 31477.5,
      "event": "state",
      "state": "suspended",
      "time": 0
    },
    {
      "active": true,
      "event": "click",
      "label": "Enable audio",
      "trusted": true
    },
    {
      "clock": 56960.70000000298,
      "event": "resume called",
      "gesture": true,
      "state": "suspended",
      "time": 0
    },
    {
      "clock": 168906.60000000894,
      "event": "resume called",
      "gesture": true,
      "state": "suspended",
      "time": 0
    },
    {
      "clock": 168921,
      "event": "resume resolved",
      "state": "running",
      "time": 0.02321995464852608
    },
    {
      "clock": 168921.10000000894,
      "event": "resume resolved",
      "state": "running",
      "time": 0.02321995464852608
    },
    {
      "clock": 168921.40000000596,
      "event": "state",
      "state": "running",
      "time": 0.02321995464852608
    }
  ]
}
{
  "lfoControl": "pitch",
  "lfoState": "filter",
  "polyControl": "4",
  "polyState": 6
}
file:///home/pyro/projects/naked/astra/bench/03-modular-synth/index.html
{
  "track": {
    "a": 0.008,
    "cutoff": 10870,
    "d": 0.42,
    "drumDecay": 0.3,
    "drumPitch": 440,
    "drumSnap": 0.45,
    "drumTone": 0.45,
    "envAmount": 2800,
    "id": 0,
    "lfoDepth": 0.35,
    "lfoRate": 0.32,
    "lfoRoute": "pitch",
    "mute": false,
    "name": "Glass keys",
    "pan": -0.16,
    "poly": 4,
    "preset": "glass",
    "q": 0.9,
    "r": 0.75,
    "s": 0.28,
    "sendDelay": 0.42,
    "sendReverb": 0.42,
    "solo": false,
    "steps": [
      {
        "gate": 1.1,
        "notes": [
          62,
          65,
          69
        ],
        "on": true,
        "velocity": 0.68
      },
      {
        "gate": 1.4,
        "notes": [
          67,
          69
        ],
        "on": true,
        "velocity": 0.81
      },
      {
        "gate": 0.8,
        "notes": [
          61
        ],
        "on": true,
        "velocity": 0.75
      },
      {
        "gate": 0.6,
        "notes": [
          69
        ],
        "on": true,
        "velocity": 0.52
      },
      {
        "gate": 0.8,
        "notes": [
          62
        ],
        "on": false,
        "velocity": 0.75
      },
      {
        "gate": 0.8,
        "notes": [
          62
        ],
        "on": false,
        "velocity": 0.75
      },
      {
        "gate": 0.8,
        "notes": [
          65,
          72
        ],
        "on": true,
        "velocity": 0.6
      },
      {
        "gate": 0.8,
        "notes": [
          62
        ],
        "on": false,
        "velocity": 0.75
      },
      {
        "gate": 1.3,
        "notes": [
          60,
          64,
          67
        ],
        "on": true,
        "velocity": 0.63
      },
      {
        "gate": 0.8,
        "notes": [
          62
        ],
        "on": false,
        "velocity": 0.75
      },
      {
        "gate": 0.8,
        "notes": [
          62
        ],
        "on": false,
        "velocity": 0.75
      },
      {
        "gate": 0.6,
        "notes": [
          67
        ],
        "on": true,
        "velocity": 0.53
      },
      {
        "gate": 0.8,
        "notes": [
          62
        ],
        "on": false,
        "velocity": 0.75
      },
      {
        "gate": 0.8,
        "notes": [
          62
        ],
        "on": false,
        "velocity": 0.75
      },
      {
        "gate": 0.8,
        "notes": [
          64,
          69
        ],
        "on": true,
        "velocity": 0.62
      },
      {
        "gate": 0.8,
        "notes": [
          62
        ],
        "on": false,
        "velocity": 0.75
      },
      {
        "gate": 1.1,
        "notes": [
          62,
          65,
          69
        ],
        "on": true,
        "velocity": 0.68
      },
      {
        "gate": 0.8,
        "notes": [
          62
        ],
        "on": false,
        "velocity": 0.75
      },
      {
        "gate": 0.8,
        "notes": [
          62
        ],
        "on": false,
        "velocity": 0.75
      },
      {
        "gate": 0.6,
        "notes": [
          69
        ],
        "on": true,
        "velocity": 0.52
      },
      {
        "gate": 0.8,
        "notes": [
          62
        ],
        "on": false,
        "velocity": 0.75
      },
      {
        "gate": 0.8,
        "notes": [
          62
        ],
        "on": false,
        "velocity": 0.75
      },
      {
        "gate": 0.8,
        "notes": [
          65,
          72
        ],
        "on": true,
        "velocity": 0.6
      },
      {
        "gate": 0.8,
        "notes": [
          62
        ],
        "on": false,
        "velocity": 0.75
      },
      {
        "gate": 1.3,
        "notes": [
          60,
          64,
          67
        ],
        "on": true,
        "velocity": 0.63
      },
      {
        "gate": 0.8,
        "notes": [
          62
        ],
        "on": false,
        "velocity": 0.75
      },
      {
        "gate": 0.8,
        "notes": [
          62
        ],
        "on": false,
        "velocity": 0.75
      },
      {
        "gate": 0.6,
        "notes": [
          67
        ],
        "on": true,
        "velocity": 0.53
      },
      {
        "gate": 0.8,
        "notes": [
          62
        ],
        "on": false,
        "velocity": 0.75
      },
      {
        "gate": 0.8,
        "notes": [
          62
        ],
        "on": false,
        "velocity": 0.75
      },
      {
        "gate": 0.8,
        "notes": [
          64,
          69
        ],
        "on": true,
        "velocity": 0.62
      },
      {
        "gate": 0.8,
        "notes": [
          62
        ],
        "on": false,
        "velocity": 0.75
      }
    ],
    "tune": 0,
    "type": "synth",
    "volume": 0.62,
    "wave": "sawtooth"
  },
  "values": [
    {
      "key": "tune",
      "rect": {
        "bottom": 71,
        "height": 4,
        "left": 985,
        "right": 1146,
        "top": 67,
        "width": 161,
        "x": 985,
        "y": 67
      },
      "value": "0"
    },
    {
      "key": "poly",
      "rect": {
        "bottom": 87,
        "height": 23,
        "left": 1163,
        "right": 1233,
        "top": 64,
        "width": 70,
        "x": 1163,
        "y": 64
      },
      "value": "4"
    },
    {
      "key": "a",
      "rect": {
        "bottom": 197,
        "height": 3,
        "left": 992,
        "right": 1034,
        "top": 194,
        "width": 42,
        "x": 992,
        "y": 194
      },
      "value": "0.008"
    },
    {
      "key": "d",
      "rect": {
        "bottom": 197,
        "height": 3,
        "left": 1056,
        "right": 1098,
        "top": 194,
        "width": 42,
        "x": 1056,
        "y": 194
      },
      "value": "0.42"
    },
    {
      "key": "s",
      "rect": {
        "bottom": 197,
        "height": 3,
        "left": 1120,
        "right": 1162,
        "top": 194,
        "width": 42,
        "x": 1120,
        "y": 194
      },
      "value": "0.28"
    },
    {
      "key": "r",
      "rect": {
        "bottom": 197,
        "height": 3,
        "left": 1184,
        "right": 1226,
        "top": 194,
        "width": 42,
        "x": 1184,
        "y": 194
      },
      "value": "0.75"
    },
    {
      "key": "cutoff",
      "rect": {
        "bottom": 321,
        "height": 3,
        "left": 1001.328125,
        "right": 1043.328125,
        "top": 318,
        "width": 42,
        "x": 1001.328125,
        "y": 318
      },
      "value": "10870"
    },
    {
      "key": "q",
      "rect": {
        "bottom": 321,
        "height": 3,
        "left": 1087.984375,
        "right": 1129.984375,
        "top": 318,
        "width": 42,
        "x": 1087.984375,
        "y": 318
      },
      "value": "0.9"
    },
    {
      "key": "envAmount",
      "rect": {
        "bottom": 321,
        "height": 3,
        "left": 1174.65625,
        "right": 1216.65625,
        "top": 318,
        "width": 42,
        "x": 1174.65625,
        "y": 318
      },
      "value": "2800"
    },
    {
      "key": "lfoRate",
      "rect": {
        "bottom": 402,
        "height": 4,
        "left": 985,
        "right": 1103,
        "top": 398,
        "width": 118,
        "x": 985,
        "y": 398
      },
      "value": "0.32"
    },
    {
      "key": "lfoDepth",
      "rect": {
        "bottom": 402,
        "height": 4,
        "left": 1115,
        "right": 1233,
        "top": 398,
        "width": 118,
        "x": 1115,
        "y": 398
      },
      "value": "0.35"
    },
    {
      "key": "lfoRoute",
      "rect": {
        "bottom": 448,
        "height": 27,
        "left": 1098,
        "right": 1233,
        "top": 421,
        "width": 135,
        "x": 1098,
        "y": 421
      },
      "value": "pitch"
    }
  ]
}
✓ Done
✓ Done
✓ Done
null
✓ Done
✓ Done
✓ Done
{
  "events": [
    {
      "code": "",
      "key": "a",
      "repeat": false,
      "trusted": true
    },
    {
      "code": "",
      "key": "s",
      "repeat": false,
      "trusted": true
    },
    {
      "code": "",
      "key": "d",
      "repeat": false,
      "trusted": true
    }
  ],
  "held": 1
}
✓ Done
✓ Done
✓ Done
{
  "activeVoices": 3,
  "audioTime": 66.93151927437641,
  "clipped": false,
  "context": "running",
  "correlation": 0.9915408367162468,
  "currentStep": -1,
  "driftMs": 0,
  "exporting": false,
  "heldInputs": 3,
  "lastExport": null,
  "lateCount": 0,
  "lookAheadMs": 100,
  "nextStep": 0,
  "peak": 0.03816508501768112,
  "playing": false,
  "queuedEvents": 0,
  "rms": 0.01082694862006711,
  "sampleRate": 44100,
  "scheduledCount": 64,
  "scheduler": "worker",
  "selectedStep": 2,
  "selectedTrack": 0,
  "storageAvailable": true,
  "tab": "sequencer",
  "trackLevels": [
    0.01336318521212223,
    0,
    0,
    0,
    0,
    0
  ],
  "uiLoadMs": 0.261474204431966
}
✓ Done
✓ Done
✓ Done
file:///home/pyro/projects/naked/astra/bench/03-modular-synth/index.html
[B6DFD4983CE6ED58771BE694E5D31728] GET file:///home/pyro/projects/naked/astra/bench/03-modular-synth/index.html (Document) 200
[97A335C1C915D2037E97D0877EE56BF9] GET blob:null/691f3143-9166-4d4c-9e2c-331f71dcfb67 (Script)
[4C27824D5C16D3C307CCE7B577E0FF74] GET file:///home/pyro/projects/naked/astra/bench/03-modular-synth/index.html (Document) 200
[AADA63274CAB8FA2921D84F1D2710877] GET blob:null/5e8e661f-dc5a-4065-b891-3d641250b996 (Script)
[7D5D3229BD53B2A7FDA84AE268E9B4CA] GET file:///home/pyro/projects/naked/astra/bench/03-modular-synth/index.html (Document) 200
[0CA4C55F4AAD8DEAF430B2C78A8B23E1] GET blob:null/6ab3551c-cd7d-4bf2-8fbc-94b5997b95ca (Script)
[3CC491E60E2587C7F840A6DA2C7D0003] GET file:///home/pyro/projects/naked/astra/bench/03-modular-synth/index.html (Document) 200
[87E43BB2CD2627DEFC434526C7AB5F32] GET blob:null/ee26f797-c857-4f75-a6a1-ec96829c9ab4 (Script)
[B00C08ED449F62363462FC6F8CEE573E] GET file:///home/pyro/projects/naked/astra/bench/03-modular-synth/index.html (Document) 200
[8BF2C0D749B39AC26DE89755A1297E1F] GET file:///home/pyro/projects/naked/astra/bench/03-modular-synth/index.html (Document) 200
[578F2D1665D49141820207B56BBFB2C5] GET blob:null/19c1d29b-f315-471a-b86b-7ea8a250fdf0 (Script)
[E99466A8EE0C4AD388FA884D647157C7] GET file:///home/pyro/projects/naked/astra/bench/03-modular-synth/index.html (Document) 200
[9283F02CE415B7638A6118403A460103] GET blob:null/da4cb6d6-bf18-45d3-87f3-5d515a5a0578 (Script)
[32B9C99E2727BF67D09A1D7B8709F5D0] GET file:///home/pyro/projects/naked/astra/bench/03-modular-synth/index.html (Document) 200
[0B95C2F935423F6D3CF288B3CD79D7A6] GET blob:null/d38e7b77-5b74-4d2e-9a7e-45840cff2a49 (Script)
[F504336BF79C64C48E1B4CF97AD6EE3C] GET file:///home/pyro/projects/naked/astra/bench/03-modular-synth/index.html (Document) 200
[346E451CC6E75863E20F1839348FE16B] GET file:///home/pyro/projects/naked/astra/bench/03-modular-synth/index.html (Document) 200
[ADB7304BE4A03DEED099054BCC14EA63] GET blob:null/30509101-d779-44a4-b60e-d4c61a1e56a0 (Script)
[1E6B81F690D296C15AAC111195A4A20D] GET file:///home/pyro/projects/naked/astra/bench/03-modular-synth/index.html (Document) 200
[BEDC35816D98B49308CE8C9FFCC3A348] GET blob:null/e5d1a36f-9474-4c61-90d7-4df9b52f1e58 (Script)
[1463D1255D5A8AAD426A658B3F7882E6] GET file:///home/pyro/projects/naked/astra/bench/03-modular-synth/index.html (Document) 200
[49838F93F42B8FE56813F6D9552527C4] GET file:///home/pyro/projects/naked/astra/bench/03-modular-synth/index.html (Document) 200
[4211AB60E6033F389E8FC24F1500120D] GET blob:null/eea08da6-e62b-4385-96f4-c66bb3a8c6e8 (Script)
[B07CD717F15CEC8206CC42D9D9126E9C] GET file:///home/pyro/projects/naked/astra/bench/03-modular-synth/index.html (Document) 200
[DD2C66BE22AFA48FE65C5EAF45B5236C] GET blob:null/9dde4c1d-0cba-4874-85d5-fe197339b729 (Script)
[97184B73845FF5095F6C798F97BE1924] GET file:///home/pyro/projects/naked/astra/bench/03-modular-synth/index.html (Document) 200
[545688300BE4B8C2CE0FBE70CB4E1328] GET blob:null/c340f878-e86d-4c20-8d9e-a92863097548 (Script)
[19106B20540BFAD39F5C43AA0E8F075F] GET file:///home/pyro/projects/naked/astra/bench/03-modular-synth/index.html (Document) 200
[E998CAB5D7574DB1F25E0CA494A9FE09] GET file:///home/pyro/projects/naked/astra/bench/03-modular-synth/index.html (Document) 200
[53A61942221BACF3F0C77437444BA1B5] GET blob:null/fc59c4dc-e449-4465-a09a-97a250a9ef92 (Script)
[23C8AB310CECAD52148869FBE85347AA] GET file:///home/pyro/projects/naked/astra/bench/03-modular-synth/index.html (Document) 200
[A03A1F93F76029655503DD000258E917] GET blob:null/832c0c51-30e3-447d-a305-bacb5ad85d56 (Script)
