{"method":"Browser.setDownloadBehavior","params":{"behavior":"allow","downloadPath":"/home/pyro/projects/naked/astra/bench/03-modular-synth/evidence/downloads","eventsEnabled":true}}
{"method":"Target.getTargets","params":{}}
{"method":"Target.attachToTarget","params":{"targetId":"F205CAE98020F0DE510FA05AA6E3BD02","flatten":true}}
{"method":"Input.dispatchMouseEvent","params":{"type":"mousePressed","x":269.28125,"y":532.6,"button":"left","clickCount":1,"modifiers":8},"sessionId":"A662DFE83C6D931509B52E866F3DA70F"}
{"method":"Input.dispatchMouseEvent","params":{"type":"mouseReleased","x":269.28125,"y":532.6,"button":"left","clickCount":1,"modifiers":8},"sessionId":"A662DFE83C6D931509B52E866F3DA70F"}
{"method":"Target.getTargets","params":{}}
{"method":"Target.attachToTarget","params":{"targetId":"F205CAE98020F0DE510FA05AA6E3BD02","flatten":true}}
{"method":"Input.dispatchMouseEvent","params":{"type":"mousePressed","x":269.28125,"y":532.6,"button":"left","clickCount":1,"modifiers":8},"sessionId":"AC0D1110DB28829E136E00B7D54D1DFF"}
{"method":"Input.dispatchMouseEvent","params":{"type":"mouseReleased","x":269.28125,"y":532.6,"button":"left","clickCount":1,"modifiers":8},"sessionId":"AC0D1110DB28829E136E00B7D54D1DFF"}
{"method":"Target.getTargets","params":{}}
{"method":"Target.attachToTarget","params":{"targetId":"F205CAE98020F0DE510FA05AA6E3BD02","flatten":true}}
{"method":"Page.addScriptToEvaluateOnNewDocument","params":{"source":"window.__audioTrace=[];window.__contexts=[];const OriginalAC=window.AudioContext;window.AudioContext=class extends OriginalAC {constructor(...args){super(...args);const ctx=this;window.__contexts.push(ctx);window.__audioTrace.push({event:'created',state:ctx.state,time:ctx.currentTime,clock:performance.now()});ctx.addEventListener('statechange',()=>window.__audioTrace.push({event:'state',state:ctx.state,time:ctx.currentTime,clock:performance.now()}))}async resume(){window.__audioTrace.push({event:'resume called',state:this.state,time:this.currentTime,clock:performance.now(),gesture:navigator.userActivation.isActive});await super.resume();window.__audioTrace.push({event:'resume resolved',state:this.state,time:this.currentTime,clock:performance.now()})}};"},"sessionId":"1260B2D4445C8B46B0D130D0877A89CF"}
{"method":"Target.getTargets","params":{}}
{"method":"Target.getTargets","params":{}}
{"method":"Target.attachToTarget","params":{"targetId":"F205CAE98020F0DE510FA05AA6E3BD02","flatten":true}}
{"method":"Runtime.evaluate","params":{"expression":"({contexts:window.__contexts?.map(c=>({state:c.state,time:c.currentTime,sink:c.sinkId})), support:typeof AudioContext.prototype.setSinkId})","returnByValue":true},"sessionId":"89EC63DD088C73E1230C3D8E4EB87DB8"}
{"method":"Target.getTargets","params":{}}
{"method":"Target.attachToTarget","params":{"targetId":"F205CAE98020F0DE510FA05AA6E3BD02","flatten":true}}
{"method":"Input.dispatchMouseEvent","params":{"type":"mousePressed","x":269.28125,"y":532.6,"button":"left","clickCount":1,"modifiers":8},"sessionId":"7EA55041F14899B519C9D046111F962A"}
{"method":"Input.dispatchMouseEvent","params":{"type":"mouseReleased","x":269.28125,"y":532.6,"button":"left","clickCount":1,"modifiers":8},"sessionId":"7EA55041F14899B519C9D046111F962A"}
{"method":"Target.getTargets","params":{}}
{"method":"Target.attachToTarget","params":{"targetId":"F205CAE98020F0DE510FA05AA6E3BD02","flatten":true}}
{"method":"Input.dispatchMouseEvent","params":{"type":"mousePressed","x":269.28125,"y":504.6,"button":"left","clickCount":1,"modifiers":8},"sessionId":"E44D396312F376847119D759BFA75B25"}
{"method":"Input.dispatchMouseEvent","params":{"type":"mouseReleased","x":269.28125,"y":504.6,"button":"left","clickCount":1,"modifiers":8},"sessionId":"E44D396312F376847119D759BFA75B25"}
{"method":"Target.getTargets","params":{}}
{"method":"Target.attachToTarget","params":{"targetId":"F205CAE98020F0DE510FA05AA6E3BD02","flatten":true}}
{"method":"Input.dispatchMouseEvent","params":{"type":"mousePressed","x":269.28125,"y":532.6,"button":"left","clickCount":1,"modifiers":8},"sessionId":"4DD97DEEFA335C02559EE8A8A3A5E9FA"}
{"method":"Input.dispatchMouseEvent","params":{"type":"mouseReleased","x":269.28125,"y":532.6,"button":"left","clickCount":1,"modifiers":8},"sessionId":"4DD97DEEFA335C02559EE8A8A3A5E9FA"}
{"method":"Target.getTargets","params":{}}
{"method":"Target.attachToTarget","params":{"targetId":"F205CAE98020F0DE510FA05AA6E3BD02","flatten":true}}
{"method":"Input.dispatchMouseEvent","params":{"type":"mousePressed","x":269.28125,"y":532.6,"button":"left","clickCount":1,"modifiers":8},"sessionId":"D58250DC8ACC69154375CC916E5C1915"}
{"method":"Input.dispatchMouseEvent","params":{"type":"mouseReleased","x":269.28125,"y":532.6,"button":"left","clickCount":1,"modifiers":8},"sessionId":"D58250DC8ACC69154375CC916E5C1915"}
{"method":"Target.getTargets","params":{}}
{"method":"Target.attachToTarget","params":{"targetId":"F205CAE98020F0DE510FA05AA6E3BD02","flatten":true}}
{"method":"Input.dispatchMouseEvent","params":{"type":"mousePressed","x":269.28125,"y":532.6,"button":"left","clickCount":1,"modifiers":8},"sessionId":"6287BA00EF82BD7A6AE1ADF94AD880D2"}
{"method":"Input.dispatchMouseEvent","params":{"type":"mouseReleased","x":269.28125,"y":532.6,"button":"left","clickCount":1,"modifiers":8},"sessionId":"6287BA00EF82BD7A6AE1ADF94AD880D2"}
{"method":"Target.getTargets","params":{}}
{"method":"Target.attachToTarget","params":{"targetId":"F205CAE98020F0DE510FA05AA6E3BD02","flatten":true}}
{"method":"Input.dispatchMouseEvent","params":{"type":"mousePressed","x":269.28125,"y":532.6,"button":"left","clickCount":1,"modifiers":8},"sessionId":"CA674C94BFA508AF165B256FAF27015D"}
{"method":"Input.dispatchMouseEvent","params":{"type":"mouseReleased","x":269.28125,"y":532.6,"button":"left","clickCount":1,"modifiers":8},"sessionId":"CA674C94BFA508AF165B256FAF27015D"}
{"method":"Target.getTargets","params":{}}
{"method":"Target.attachToTarget","params":{"targetId":"F205CAE98020F0DE510FA05AA6E3BD02","flatten":true}}
{"method":"Input.dispatchMouseEvent","params":{"type":"mousePressed","x":269.28125,"y":532.6,"button":"left","clickCount":1,"modifiers":8},"sessionId":"3AC3CCD8EE61AE4C4E5E8B4B7C375DEA"}
{"method":"Input.dispatchMouseEvent","params":{"type":"mouseReleased","x":269.28125,"y":532.6,"button":"left","clickCount":1,"modifiers":8},"sessionId":"3AC3CCD8EE61AE4C4E5E8B4B7C375DEA"}
{"method":"Browser.setDownloadBehavior","params":{"behavior":"allow","downloadPath":"/home/pyro/projects/naked/astra/bench/03-modular-synth/evidence/downloads/project","eventsEnabled":true}}
{"method":"Target.getBrowserContexts","params":{}}
{"method":"Target.getTargets","params":{}}
{"method":"Browser.setDownloadBehavior","params":{"behavior":"allow","downloadPath":"/home/pyro/projects/naked/astra/bench/03-modular-synth/evidence/downloads/project","eventsEnabled":true}}
{"method":"Browser.setDownloadBehavior","params":{"behavior":"allow","downloadPath":"/home/pyro/projects/naked/astra/bench/03-modular-synth/evidence/downloads/run-1788747848886/project","eventsEnabled":true}}
{"method":"Browser.setDownloadBehavior","params":{"behavior":"allow","downloadPath":"/home/pyro/projects/naked/astra/bench/03-modular-synth/evidence/downloads/run-1788747848886/baseline","eventsEnabled":true}}
{"method":"Browser.setDownloadBehavior","params":{"behavior":"allow","downloadPath":"/home/pyro/projects/naked/astra/bench/03-modular-synth/evidence/downloads/run-1788747848886/repeat","eventsEnabled":true}}
{"method":"Browser.setDownloadBehavior","params":{"behavior":"allow","downloadPath":"/home/pyro/projects/naked/astra/bench/03-modular-synth/evidence/downloads/run-1788747848886/effect-delay","eventsEnabled":true}}
{"method":"Browser.setDownloadBehavior","params":{"behavior":"allow","downloadPath":"/home/pyro/projects/naked/astra/bench/03-modular-synth/evidence/downloads/run-1788747848886/effect-reverb","eventsEnabled":true}}
{"method":"Browser.setDownloadBehavior","params":{"behavior":"allow","downloadPath":"/home/pyro/projects/naked/astra/bench/03-modular-synth/evidence/downloads/run-1788747848886/effect-drive","eventsEnabled":true}}
{"method":"Browser.setDownloadBehavior","params":{"behavior":"allow","downloadPath":"/home/pyro/projects/naked/astra/bench/03-modular-synth/evidence/downloads/run-1788747848886/effect-tone","eventsEnabled":true}}
{"method":"Browser.setDownloadBehavior","params":{"behavior":"allow","downloadPath":"/home/pyro/projects/naked/astra/bench/03-modular-synth/evidence/downloads/run-1788747848886/effect-limiter","eventsEnabled":true}}
{"method":"Browser.setDownloadBehavior","params":{"behavior":"allow","downloadPath":"/home/pyro/projects/naked/astra/bench/03-modular-synth/evidence/downloads/run-1788747848886/instrument-mixer","eventsEnabled":true}}
{"method":"Browser.setDownloadBehavior","params":{"behavior":"allow","downloadPath":"/home/pyro/projects/naked/astra/bench/03-modular-synth/evidence/downloads/run-1788747848886/silent-master","eventsEnabled":true}}
{"method":"Target.getTargets","params":{}}
{"method":"Target.attachToTarget","params":{"targetId":"F205CAE98020F0DE510FA05AA6E3BD02","flatten":true}}
{"method":"Emulation.setTouchEmulationEnabled","params":{"enabled":true,"maxTouchPoints":5},"sessionId":"5483D4C9497EF568A65497450B5C46A8"}
{"method":"Input.dispatchTouchEvent","params":{"type":"touchStart","touchPoints":[{"x":90,"y":454.75,"id":1,"radiusX":4,"radiusY":4,"force":0.8}]},"sessionId":"5483D4C9497EF568A65497450B5C46A8"}
{"method":"Input.dispatchTouchEvent","params":{"type":"touchCancel","touchPoints":[]},"sessionId":"5483D4C9497EF568A65497450B5C46A8"}
{"method":"Browser.setDownloadBehavior","params":{"behavior":"allow","downloadPath":"/home/pyro/projects/naked/astra/bench/03-modular-synth/evidence/downloads/tails-1788748377347/zero-feedback-tail","eventsEnabled":true}}
{"method":"Browser.setDownloadBehavior","params":{"behavior":"allow","downloadPath":"/home/pyro/projects/naked/astra/bench/03-modular-synth/evidence/downloads/tails-1788748377347/release-reverb-tail","eventsEnabled":true}}
{"method":"Browser.setDownloadBehavior","params":{"behavior":"allow","downloadPath":"/home/pyro/projects/naked/astra/bench/03-modular-synth/evidence/downloads/tails-1788748510077/zero-feedback-tail","eventsEnabled":true}}
{"method":"Browser.setDownloadBehavior","params":{"behavior":"allow","downloadPath":"/home/pyro/projects/naked/astra/bench/03-modular-synth/evidence/downloads/tails-1788748510077/release-reverb-tail","eventsEnabled":true}}
{"method":"Target.getTargets","params":{}}
{"method":"Target.attachToTarget","params":{"targetId":"F205CAE98020F0DE510FA05AA6E3BD02","flatten":true}}
{"method":"Input.dispatchMouseEvent","params":{"type":"mousePressed","x":269.28125,"y":532.6,"button":"left","clickCount":1,"modifiers":8},"sessionId":"6C5484300DFC0B9E6A0194F610A12EC0"}
{"method":"Input.dispatchMouseEvent","params":{"type":"mouseReleased","x":269.28125,"y":532.6,"button":"left","clickCount":1,"modifiers":8},"sessionId":"6C5484300DFC0B9E6A0194F610A12EC0"}
{"method":"Target.getTargets","params":{}}
{"method":"Target.attachToTarget","params":{"targetId":"F205CAE98020F0DE510FA05AA6E3BD02","flatten":true}}
{"method":"Input.dispatchMouseEvent","params":{"type":"mousePressed","x":269.28125,"y":532.6,"button":"left","clickCount":1,"modifiers":8},"sessionId":"B71B561AC1320F5DC9D50B06F6C43206"}
{"method":"Input.dispatchMouseEvent","params":{"type":"mouseReleased","x":269.28125,"y":532.6,"button":"left","clickCount":1,"modifiers":8},"sessionId":"B71B561AC1320F5DC9D50B06F6C43206"}
{"method":"Target.getTargets","params":{}}
{"method":"Target.attachToTarget","params":{"targetId":"F205CAE98020F0DE510FA05AA6E3BD02","flatten":true}}
{"method":"Input.dispatchMouseEvent","params":{"type":"mousePressed","x":269.28125,"y":532.6,"button":"left","clickCount":1,"modifiers":8},"sessionId":"FF6CD3101183B006BC8299819349C993"}
{"method":"Input.dispatchMouseEvent","params":{"type":"mouseReleased","x":269.28125,"y":532.6,"button":"left","clickCount":1,"modifiers":8},"sessionId":"FF6CD3101183B006BC8299819349C993"}
{"method":"Browser.setDownloadBehavior","params":{"behavior":"allow","downloadPath":"/home/pyro/projects/naked/astra/bench/03-modular-synth/evidence/downloads/run-1788748837517/project","eventsEnabled":true}}
{"method":"Browser.setDownloadBehavior","params":{"behavior":"allow","downloadPath":"/home/pyro/projects/naked/astra/bench/03-modular-synth/evidence/downloads/run-1788748837517/baseline","eventsEnabled":true}}
{"method":"Browser.setDownloadBehavior","params":{"behavior":"allow","downloadPath":"/home/pyro/projects/naked/astra/bench/03-modular-synth/evidence/downloads/run-1788748837517/repeat","eventsEnabled":true}}
{"method":"Browser.setDownloadBehavior","params":{"behavior":"allow","downloadPath":"/home/pyro/projects/naked/astra/bench/03-modular-synth/evidence/downloads/run-1788748837517/effect-delay","eventsEnabled":true}}
{"method":"Browser.setDownloadBehavior","params":{"behavior":"allow","downloadPath":"/home/pyro/projects/naked/astra/bench/03-modular-synth/evidence/downloads/run-1788748837517/effect-reverb","eventsEnabled":true}}
{"method":"Browser.setDownloadBehavior","params":{"behavior":"allow","downloadPath":"/home/pyro/projects/naked/astra/bench/03-modular-synth/evidence/downloads/run-1788748837517/effect-drive","eventsEnabled":true}}
{"method":"Browser.setDownloadBehavior","params":{"behavior":"allow","downloadPath":"/home/pyro/projects/naked/astra/bench/03-modular-synth/evidence/downloads/run-1788748837517/effect-tone","eventsEnabled":true}}
{"method":"Browser.setDownloadBehavior","params":{"behavior":"allow","downloadPath":"/home/pyro/projects/naked/astra/bench/03-modular-synth/evidence/downloads/run-1788748837517/effect-limiter","eventsEnabled":true}}
{"method":"Browser.setDownloadBehavior","params":{"behavior":"allow","downloadPath":"/home/pyro/projects/naked/astra/bench/03-modular-synth/evidence/downloads/run-1788748837517/instrument-mixer","eventsEnabled":true}}
{"method":"Browser.setDownloadBehavior","params":{"behavior":"allow","downloadPath":"/home/pyro/projects/naked/astra/bench/03-modular-synth/evidence/downloads/run-1788748837517/silent-master","eventsEnabled":true}}
{"method":"Target.getTargets","params":{}}
{"method":"Target.attachToTarget","params":{"targetId":"F205CAE98020F0DE510FA05AA6E3BD02","flatten":true}}
{"method":"Emulation.setTouchEmulationEnabled","params":{"enabled":true,"maxTouchPoints":5},"sessionId":"AF91E935A30F40131024F0BD91DC08F6"}
{"method":"Input.dispatchTouchEvent","params":{"type":"touchStart","touchPoints":[{"x":90,"y":454.75,"id":1,"radiusX":4,"radiusY":4,"force":0.8}]},"sessionId":"AF91E935A30F40131024F0BD91DC08F6"}
{"method":"Input.dispatchTouchEvent","params":{"type":"touchCancel","touchPoints":[]},"sessionId":"AF91E935A30F40131024F0BD91DC08F6"}
{"method":"Browser.setDownloadBehavior","params":{"behavior":"allow","downloadPath":"/home/pyro/projects/naked/astra/bench/03-modular-synth/evidence/downloads/run-1788749001603/project","eventsEnabled":true}}
{"method":"Browser.setDownloadBehavior","params":{"behavior":"allow","downloadPath":"/home/pyro/projects/naked/astra/bench/03-modular-synth/evidence/downloads/run-1788749001603/baseline","eventsEnabled":true}}
{"method":"Browser.setDownloadBehavior","params":{"behavior":"allow","downloadPath":"/home/pyro/projects/naked/astra/bench/03-modular-synth/evidence/downloads/run-1788749001603/repeat","eventsEnabled":true}}
{"method":"Browser.setDownloadBehavior","params":{"behavior":"allow","downloadPath":"/home/pyro/projects/naked/astra/bench/03-modular-synth/evidence/downloads/run-1788749001603/effect-delay","eventsEnabled":true}}
{"method":"Browser.setDownloadBehavior","params":{"behavior":"allow","downloadPath":"/home/pyro/projects/naked/astra/bench/03-modular-synth/evidence/downloads/run-1788749001603/effect-reverb","eventsEnabled":true}}
{"method":"Browser.setDownloadBehavior","params":{"behavior":"allow","downloadPath":"/home/pyro/projects/naked/astra/bench/03-modular-synth/evidence/downloads/run-1788749001603/effect-drive","eventsEnabled":true}}
{"method":"Browser.setDownloadBehavior","params":{"behavior":"allow","downloadPath":"/home/pyro/projects/naked/astra/bench/03-modular-synth/evidence/downloads/run-1788749001603/effect-tone","eventsEnabled":true}}
{"method":"Browser.setDownloadBehavior","params":{"behavior":"allow","downloadPath":"/home/pyro/projects/naked/astra/bench/03-modular-synth/evidence/downloads/run-1788749001603/effect-limiter","eventsEnabled":true}}
{"method":"Browser.setDownloadBehavior","params":{"behavior":"allow","downloadPath":"/home/pyro/projects/naked/astra/bench/03-modular-synth/evidence/downloads/run-1788749001603/instrument-mixer","eventsEnabled":true}}
{"method":"Browser.setDownloadBehavior","params":{"behavior":"allow","downloadPath":"/home/pyro/projects/naked/astra/bench/03-modular-synth/evidence/downloads/run-1788749001603/silent-master","eventsEnabled":true}}
{"method":"Target.getTargets","params":{}}
{"method":"Target.attachToTarget","params":{"targetId":"F205CAE98020F0DE510FA05AA6E3BD02","flatten":true}}
{"method":"Network.enable","params":{},"sessionId":"86F5EC0703546BD12856B3B907331F26"}
{"method":"Runtime.enable","params":{},"sessionId":"86F5EC0703546BD12856B3B907331F26"}
{"method":"Network.clearBrowserCache","params":{},"sessionId":"86F5EC0703546BD12856B3B907331F26"}
{"method":"Network.setCacheDisabled","params":{"cacheDisabled":true},"sessionId":"86F5EC0703546BD12856B3B907331F26"}
{"method":"Runtime.evaluate","params":{"expression":"location.href"},"sessionId":"86F5EC0703546BD12856B3B907331F26"}
