node:assert:149
  throw new AssertionError(obj);
  ^

AssertionError [ERR_ASSERTION]: Selected velocity slider must represent the actual preset velocity

0.7 !== 0.68

    at Object.<anonymous> (/home/pyro/projects/naked/astra/bench/03-modular-synth/evidence/tests/control-precision.cjs:3:8)
    at Module._compile (node:internal/modules/cjs/loader:1829:14)
    at Object..js (node:internal/modules/cjs/loader:1969:10)
    at Module.load (node:internal/modules/cjs/loader:1552:32)
    at Module._load (node:internal/modules/cjs/loader:1354:12)
    at wrapModuleLoad (node:internal/modules/cjs/loader:255:19)
    at Module.executeUserEntryPoint [as runMain] (node:internal/modules/run_main:154:5)
    at node:internal/main/run_main_module:33:47 {
  generatedMessage: false,
  code: 'ERR_ASSERTION',
  actual: 0.7,
  expected: 0.68,
  operator: 'strictEqual',
  diff: 'simple'
}

Node.js v25.8.1
