PASS Real audio, moving playhead, all six signal paths and clock stability
PASS Toggle, accent, pitch, velocity and gate during playback
PASS Polyphonic piano-roll add, remove and scale assistance
FAIL Melodic waveform, polyphony, ADSR, filter and LFO controls The expression evaluated to a falsy value:

  assert.ok(t.cutoff>9000&&t.lfoDepth>.25&&t.a>.02)

/home/pyro/projects/naked/astra/bench/03-modular-synth/evidence/tests/desktop-workflow.cjs:4
function check(name,fn){try{const detail=fn();results.push({name,status:'pass',detail});console.log('PASS',name)}catch(e){results.push({name,status:'fail',error:e.message});console.error('FAIL',name,e.message);throw e}finally{fs.writeFileSync(path.join(root,'logs/desktop-workflow.json'),JSON.stringify(results,null,2))}}
                                                                                                                                                                                                                  ^

AssertionError [ERR_ASSERTION]: The expression evaluated to a falsy value:

  assert.ok(t.cutoff>9000&&t.lfoDepth>.25&&t.a>.02)

    at /home/pyro/projects/naked/astra/bench/03-modular-synth/evidence/tests/desktop-workflow.cjs:11:564
    at check (/home/pyro/projects/naked/astra/bench/03-modular-synth/evidence/tests/desktop-workflow.cjs:4:42)
    at Object.<anonymous> (/home/pyro/projects/naked/astra/bench/03-modular-synth/evidence/tests/desktop-workflow.cjs:11:1)
    at Module._compile (node:internal/modules/cjs/loader:1829:14)
    at Object..js (node:internal/modules/cjs/loader:1969:10)
    at Module.load (node:internal/modules/cjs/loader:1552:32)
    at Module._load (node:internal/modules/cjs/loader:1354:12)
    at wrapModuleLoad (node:internal/modules/cjs/loader:255:19)
    at Module.executeUserEntryPoint [as runMain] (node:internal/modules/run_main:154:5)
    at node:internal/main/run_main_module:33:47 {
  generatedMessage: true,
  code: 'ERR_ASSERTION',
  actual: false,
  expected: true,
  operator: '==',
  diff: 'simple'
}

Node.js v25.8.1
