FAIL Simultaneous chords and reduced polyphony obey the voice budget Four simultaneous notes at polyphony 1 must leave one voice after the steal fades

3 !== 1

FAIL Early note-off preserves the preceding attack and decay audio A future note-off must not alter preceding envelope audio: {"a":0.65,"d":0.2,"preReleaseDifference":0.0017414940337015649,"referenceRms":0.0017576143937169857}
FAIL Imported track names remain literal text in every view Track names must not create imported HTML nodes

45 !== 0

FAIL Pause and resume retain swing and metronome phase Resumed step must retain its beat phase

0 !== 1

FAIL Mobile instrument controls fit their panel without clipping Every control must fit inside the panel, not merely inside document overflow rules
+ actual - expected

+ [
+   {
+     label: 'Track preset',
+     left: 29,
+     panelLeft: 14,
+     panelRight: 376,
+     right: 378.21875
+   },
+   {
+     label: 'OSCILLATORANALOG VOICING',
+     left: 29,
+     panelLeft: 14,
+     panelRight: 376,
+     right: 378.21875
+   },
+   {
+     label: 'Instrument polyphony',
+     left: 268.21875,
+     panelLeft: 14,
+     panelRight: 376,
+     right: 378.21875
+   },
+   {
+     label: 'LOW-PASS FILTER12 dB / OCT',
+     left: 231,
+     panelLeft: 14,
+     panelRight: 376,
+     right: 378.21875
+   },
+   {
+     label: 'Env amt+2.8k Hz',
+     left: 335,
+     panelLeft: 14,
+     panelRight: 376,
+     right: 378.21875
+   },
+   {
+     label: 'Instrument env amt',
+     left: 335.609375,
+     panelLeft: 14,
+     panelRight: 376,
+     right: 377.609375
+   },
+   {
+     label: 'LOW FREQUENCY OSCILLATORSINE LFO',
+     left: 29,
+     panelLeft: 14,
+     panelRight: 376,
+     right: 378.21875
+   },
+   {
+     label: 'LFO depth',
+     left: 210.109375,
+     panelLeft: 14,
+     panelRight: 376,
+     right: 378.21875
+   },
+   {
+     label: 'LFO destination',
+     left: 243.21875,
+     panelLeft: 14,
+     panelRight: 376,
+     right: 378.21875
+   }
+ ]
- []

Review regressions: 0/5 passed
