PASS rectangle drag creation
PASS check_creation
PASS opening shapes/text editable and second composition editable
PASS check_opening
PASS exact equal gaps/refusal, contiguous grouping, nested transforms, ungroup geometry, undo/redo, descendant lock
PASS check_layout_groups
PASS check_field_cancel
PASS check_first_anchor_cancel
PASS check_scrub_cancel
PASS check_large_id
PASS actual cubic tools/extrema, transformed node gesture, multiline typography/literal text/history, preview and real downloads
PASS check_paths_text_exports
PASS own-project roundtrip and 13 hostile imports preserve scene/selection/history; 200 items accepted, 201 refused; nonpositive scales refused
PASS check_imports_limits
PASS object snapping at 5/8 CSS px at 100%/200%, separate grid, hidden/subtree/ancestor exclusions and locked sibling targets
PASS check_snapping
PASS check_focus_cancel
PASS check_group_opacity
PASS handles, long-drag/scrub/text/order single-step history, pan/zoom/viewport continuity, exact nudges, redo branch, Escape/pointercancel, duplicate/delete
PASS check_history_continuity
Traceback (most recent call last):
  File "/home/pyro/projects/naked/sol61/22-vector-layout-studio/evidence/run-final.py", line 8, in <module>
    fn();errors=json.loads(run('errors','--json'))['data']['errors'];assert not errors,errors;results.append({'check':fn.__name__,'result':'pass'});print('PASS',fn.__name__,flush=True)
    ^^^^
  File "/home/pyro/projects/naked/sol61/22-vector-layout-studio/evidence/browser_checks.py", line 168, in check_layers_locks
    button('Open export dialog');run('download','#downloadSVG',str(ROOT/'downloads'/'layer-order.svg'));button('Close dialog');button('Hide Back');layer('Back');a=screen(180,180);gesture(a,a,steps=1);assert next(i['name'] for i in state()['items'] if i['id']==state()['selection'][0])=='Front';button('Show Back');layer('Front');button('Lock Front');before=state();gesture(screen(240,200),screen(280,240));assert state()['document']==before['document'] and state()['history']==before['history'];button('Delete selection');assert state()['document']==before['document'] and 'Locked' in state()['status'];button('Unlock Front');prop('Position X',160)
                                                                                                                                                                                                                                                                                                                                                                                                                             ~~~~~~~^^^^^^^^^^^^
TypeError: 'NoneType' object is not subscriptable
Traceback (most recent call last):
  File "/home/pyro/projects/naked/sol61/22-vector-layout-studio/evidence/run-final.py", line 8, in <module>
    fn();errors=json.loads(run('errors','--json'))['data']['errors'];assert not errors,errors;results.append({'check':fn.__name__,'result':'pass'});print('PASS',fn.__name__,flush=True)
    ^^^^
  File "/home/pyro/projects/naked/sol61/22-vector-layout-studio/evidence/browser_checks.py", line 176, in check_mobile
    run('set','viewport',390,844);button('Reset');button('Fit artboard');shot('22-mobile-opening.png');button('New');mobile_inspect();button('Document');prop('Artboard width',640);prop('Artboard height',640);prop('Artboard background','none');button('Design');button('Close Inspector panel');button('Fit artboard');draw('Rectangle',(80,100),(240,200));mobile_inspect();rename('Phone card');prop('Position X',80);prop('Position Y',100);prop('Bounds width',160);prop('Bounds height',100);prop('Fill color','#6b8b59');button('Close Inspector panel')
                                  ^^^^^^^^^^^^^^^
  File "/home/pyro/projects/naked/sol61/22-vector-layout-studio/evidence/browser_checks.py", line 15, in button
    def button(name):run('find','role','button','click','--name',name,'--exact')
                     ^^^^^^^^^^^^^^^^^^^^^^^^^^^^^^^^^^^^^^^^^^^^^^^^^^^^^^^^^^^
  File "/home/pyro/projects/naked/sol61/22-vector-layout-studio/evidence/browser_checks.py", line 10, in run
    if p.returncode:raise RuntimeError(p.stdout+p.stderr)
                    ^^^^^^^^^^^^^^^^^^^^^^^^^^^^^^^^^^^^^
RuntimeError: ✗ Element not found. Verify the selector is correct and the element exists in the DOM.

Traceback (most recent call last):
  File "/home/pyro/projects/naked/sol61/22-vector-layout-studio/evidence/run-final.py", line 8, in <module>
    fn();errors=json.loads(run('errors','--json'))['data']['errors'];assert not errors,errors;results.append({'check':fn.__name__,'result':'pass'});print('PASS',fn.__name__,flush=True)
    ^^^^
  File "/home/pyro/projects/naked/sol61/22-vector-layout-studio/evidence/browser_checks.py", line 192, in check_clip_and_handles
    button('New');button('Document');prop('Artboard width',600);prop('Artboard height',400);button('Design');button('Fit');select('Zoom','1');make_rect('Tilted',100,100,80,60);button('Snap to objects');prop('Rotation degrees',45);before=state();p=handle('resize',2);gesture(p,[p[0]+28,p[1]+14]);s=state();assert s['history']['undo']==before['history']['undo']+1 and abs(next(n for n in s['document']['items'] if n['name']=='Tilted')['g']['w']-80)>5
    ^^^^^^^^^^^^^
  File "/home/pyro/projects/naked/sol61/22-vector-layout-studio/evidence/browser_checks.py", line 15, in button
    def button(name):run('find','role','button','click','--name',name,'--exact')
                     ^^^^^^^^^^^^^^^^^^^^^^^^^^^^^^^^^^^^^^^^^^^^^^^^^^^^^^^^^^^
  File "/home/pyro/projects/naked/sol61/22-vector-layout-studio/evidence/browser_checks.py", line 10, in run
    if p.returncode:raise RuntimeError(p.stdout+p.stderr)
                    ^^^^^^^^^^^^^^^^^^^^^^^^^^^^^^^^^^^^^
RuntimeError: ✗ Element not found. Verify the selector is correct and the element exists in the DOM.

Traceback (most recent call last):
  File "/home/pyro/projects/naked/sol61/22-vector-layout-studio/evidence/run-final.py", line 8, in <module>
    fn();errors=json.loads(run('errors','--json'))['data']['errors'];assert not errors,errors;results.append({'check':fn.__name__,'result':'pass'});print('PASS',fn.__name__,flush=True)
    ^^^^
  File "/home/pyro/projects/naked/sol61/22-vector-layout-studio/evidence/browser_checks.py", line 185, in check_boundaries_reset
    button('New');button('Document');before=state();prop('Artboard width',2049);assert state()['document']==before['document'] and '2048' in state()['status'];prop('Artboard width',64);prop('Artboard height',2048);before=state();prop('Artboard height',63);assert state()['document']==before['document'];prop('Artboard height',2048.5);assert state()['document']==before['document'];prop('Artboard width',2048)
    ^^^^^^^^^^^^^
  File "/home/pyro/projects/naked/sol61/22-vector-layout-studio/evidence/browser_checks.py", line 15, in button
    def button(name):run('find','role','button','click','--name',name,'--exact')
                     ^^^^^^^^^^^^^^^^^^^^^^^^^^^^^^^^^^^^^^^^^^^^^^^^^^^^^^^^^^^
  File "/home/pyro/projects/naked/sol61/22-vector-layout-studio/evidence/browser_checks.py", line 10, in run
    if p.returncode:raise RuntimeError(p.stdout+p.stderr)
                    ^^^^^^^^^^^^^^^^^^^^^^^^^^^^^^^^^^^^^
RuntimeError: ✗ Element not found. Verify the selector is correct and the element exists in the DOM.

Traceback (most recent call last):
  File "/home/pyro/projects/naked/sol61/22-vector-layout-studio/evidence/run-final.py", line 8, in <module>
    fn();errors=json.loads(run('errors','--json'))['data']['errors'];assert not errors,errors;results.append({'check':fn.__name__,'result':'pass'});print('PASS',fn.__name__,flush=True)
    ^^^^
  File "/home/pyro/projects/naked/sol61/22-vector-layout-studio/evidence/browser_checks.py", line 190, in check_empty_history_draft
    button('New');button('Cubic path tool');a=screen(100,100);gesture(a,a,steps=1);a=screen(180,170);gesture(a,a,steps=1);assert state()['pendingPath']==2;run('press','Control+z');assert state()['pendingPath']==0 and ev('document.querySelector("#pathActions").hidden') and state()['history']=={'undo':0,'redo':0};print('PASS empty-stack undo removes draft and adornments')
    ^^^^^^^^^^^^^
  File "/home/pyro/projects/naked/sol61/22-vector-layout-studio/evidence/browser_checks.py", line 15, in button
    def button(name):run('find','role','button','click','--name',name,'--exact')
                     ^^^^^^^^^^^^^^^^^^^^^^^^^^^^^^^^^^^^^^^^^^^^^^^^^^^^^^^^^^^
  File "/home/pyro/projects/naked/sol61/22-vector-layout-studio/evidence/browser_checks.py", line 10, in run
    if p.returncode:raise RuntimeError(p.stdout+p.stderr)
                    ^^^^^^^^^^^^^^^^^^^^^^^^^^^^^^^^^^^^^
RuntimeError: ✗ Element not found. Verify the selector is correct and the element exists in the DOM.

Traceback (most recent call last):
  File "/home/pyro/projects/naked/sol61/22-vector-layout-studio/evidence/run-final.py", line 8, in <module>
    fn();errors=json.loads(run('errors','--json'))['data']['errors'];assert not errors,errors;results.append({'check':fn.__name__,'result':'pass'});print('PASS',fn.__name__,flush=True)
    ^^^^
  File "/home/pyro/projects/naked/sol61/22-vector-layout-studio/evidence/browser_checks.py", line 197, in check_native_field_focus
    button('New');button('Text tool');a=screen(100,100);gesture(a,a,steps=1);run('fill','[aria-label="Text content"]','Native field focus');run('press','Control+Enter');before=state();run('focus','[aria-label="Font family"]');run('press','ArrowDown');run('press','ArrowDown');after=state();font_ok=after['document']['items'][0]['g']['font']=='monospace' and after['document']['items'][0]['m']==before['document']['items'][0]['m'];record('font-focus-state',after)
    ^^^^^^^^^^^^^
  File "/home/pyro/projects/naked/sol61/22-vector-layout-studio/evidence/browser_checks.py", line 15, in button
    def button(name):run('find','role','button','click','--name',name,'--exact')
                     ^^^^^^^^^^^^^^^^^^^^^^^^^^^^^^^^^^^^^^^^^^^^^^^^^^^^^^^^^^^
  File "/home/pyro/projects/naked/sol61/22-vector-layout-studio/evidence/browser_checks.py", line 10, in run
    if p.returncode:raise RuntimeError(p.stdout+p.stderr)
                    ^^^^^^^^^^^^^^^^^^^^^^^^^^^^^^^^^^^^^
RuntimeError: ✗ Element not found. Verify the selector is correct and the element exists in the DOM.

Traceback (most recent call last):
  File "/home/pyro/projects/naked/sol61/22-vector-layout-studio/evidence/run-final.py", line 8, in <module>
    fn();errors=json.loads(run('errors','--json'))['data']['errors'];assert not errors,errors;results.append({'check':fn.__name__,'result':'pass'});print('PASS',fn.__name__,flush=True)
    ^^^^
  File "/home/pyro/projects/naked/sol61/22-vector-layout-studio/evidence/browser_checks.py", line 200, in check_keyboard_during_drag
    button('New');button('Fit');make_rect('A',100,100,100,70);make_rect('B',280,160,90,60);selection(['A','B']);before=state();gesture(screen(150,135),screen(200,180),up=False);run('press','Control+g');run('mouse','up');after=state();record('keyboard-group-state',after);assert after['document']['items'][0]['type']=='group' and after['counts']['items']==3 and after['selection']==[after['document']['items'][0]['id']],'Grouping during a drag must first cancel the pending gesture, then group the original scene'
    ^^^^^^^^^^^^^
  File "/home/pyro/projects/naked/sol61/22-vector-layout-studio/evidence/browser_checks.py", line 15, in button
    def button(name):run('find','role','button','click','--name',name,'--exact')
                     ^^^^^^^^^^^^^^^^^^^^^^^^^^^^^^^^^^^^^^^^^^^^^^^^^^^^^^^^^^^
  File "/home/pyro/projects/naked/sol61/22-vector-layout-studio/evidence/browser_checks.py", line 10, in run
    if p.returncode:raise RuntimeError(p.stdout+p.stderr)
                    ^^^^^^^^^^^^^^^^^^^^^^^^^^^^^^^^^^^^^
RuntimeError: ✗ Element not found. Verify the selector is correct and the element exists in the DOM.

Traceback (most recent call last):
  File "/home/pyro/projects/naked/sol61/22-vector-layout-studio/evidence/run-final.py", line 12, in <module>
    button('Reset');button('Fit');shot('27-final-desktop.png');record('final-desktop-state',state());(ROOT/'final-console.json').write_text(run('console','--json'));(ROOT/'final-errors.json').write_text(run('errors','--json'));(ROOT/'final-network.json').write_text(run('network','requests','--json'))
    ^^^^^^^^^^^^^^^
  File "/home/pyro/projects/naked/sol61/22-vector-layout-studio/evidence/browser_checks.py", line 15, in button
    def button(name):run('find','role','button','click','--name',name,'--exact')
                     ^^^^^^^^^^^^^^^^^^^^^^^^^^^^^^^^^^^^^^^^^^^^^^^^^^^^^^^^^^^
  File "/home/pyro/projects/naked/sol61/22-vector-layout-studio/evidence/browser_checks.py", line 10, in run
    if p.returncode:raise RuntimeError(p.stdout+p.stderr)
                    ^^^^^^^^^^^^^^^^^^^^^^^^^^^^^^^^^^^^^
RuntimeError: ✗ Element not found. Verify the selector is correct and the element exists in the DOM.

