Traceback (most recent call last):
  File "/home/pyro/projects/naked/sol61/22-vector-layout-studio/evidence/run-final.py", line 8, in <module>
    fn();errors=json.loads(run('errors','--json'))['data']['errors'];assert not errors,errors;results.append({'check':fn.__name__,'result':'pass'});print('PASS',fn.__name__,flush=True)
    ^^^^
  File "/home/pyro/projects/naked/sol61/22-vector-layout-studio/evidence/browser_checks.py", line 33, in check_creation
    button('New');button('Fit');draw('Rectangle',(40,60),(120,100));s=state();record('creation-state',s)
    ^^^^^^^^^^^^^
  File "/home/pyro/projects/naked/sol61/22-vector-layout-studio/evidence/browser_checks.py", line 15, in button
    def button(name):run('find','role','button','click','--name',name,'--exact')
                     ^^^^^^^^^^^^^^^^^^^^^^^^^^^^^^^^^^^^^^^^^^^^^^^^^^^^^^^^^^^
  File "/home/pyro/projects/naked/sol61/22-vector-layout-studio/evidence/browser_checks.py", line 10, in run
    if p.returncode:raise RuntimeError(p.stdout+p.stderr)
                    ^^^^^^^^^^^^^^^^^^^^^^^^^^^^^^^^^^^^^
RuntimeError: ✗ Element not found. Verify the selector is correct and the element exists in the DOM.

Traceback (most recent call last):
  File "/home/pyro/projects/naked/sol61/22-vector-layout-studio/evidence/run-final.py", line 8, in <module>
    fn();errors=json.loads(run('errors','--json'))['data']['errors'];assert not errors,errors;results.append({'check':fn.__name__,'result':'pass'});print('PASS',fn.__name__,flush=True)
    ^^^^
  File "/home/pyro/projects/naked/sol61/22-vector-layout-studio/evidence/browser_checks.py", line 45, in check_opening
    button('Reset');button('Fit');layer('Lavender gesture');prop('Fill color','#aabbd1');assert next(n for n in state()['document']['items'] if n['name']=='Lavender gesture')['style']['fill']=='#aabbd1'
    ^^^^^^^^^^^^^^^
  File "/home/pyro/projects/naked/sol61/22-vector-layout-studio/evidence/browser_checks.py", line 15, in button
    def button(name):run('find','role','button','click','--name',name,'--exact')
                     ^^^^^^^^^^^^^^^^^^^^^^^^^^^^^^^^^^^^^^^^^^^^^^^^^^^^^^^^^^^
  File "/home/pyro/projects/naked/sol61/22-vector-layout-studio/evidence/browser_checks.py", line 10, in run
    if p.returncode:raise RuntimeError(p.stdout+p.stderr)
                    ^^^^^^^^^^^^^^^^^^^^^^^^^^^^^^^^^^^^^
RuntimeError: ✗ Element not found. Verify the selector is correct and the element exists in the DOM.

Traceback (most recent call last):
  File "/home/pyro/projects/naked/sol61/22-vector-layout-studio/evidence/run-final.py", line 8, in <module>
    fn();errors=json.loads(run('errors','--json'))['data']['errors'];assert not errors,errors;results.append({'check':fn.__name__,'result':'pass'});print('PASS',fn.__name__,flush=True)
    ^^^^
  File "/home/pyro/projects/naked/sol61/22-vector-layout-studio/evidence/browser_checks.py", line 55, in check_layout_groups
    button('New');button('Fit');a=make_rect('A',40,60,80,40);b=make_rect('B',180,100,60,40);c=make_rect('C',320,160,80,40)
    ^^^^^^^^^^^^^
  File "/home/pyro/projects/naked/sol61/22-vector-layout-studio/evidence/browser_checks.py", line 15, in button
    def button(name):run('find','role','button','click','--name',name,'--exact')
                     ^^^^^^^^^^^^^^^^^^^^^^^^^^^^^^^^^^^^^^^^^^^^^^^^^^^^^^^^^^^
  File "/home/pyro/projects/naked/sol61/22-vector-layout-studio/evidence/browser_checks.py", line 10, in run
    if p.returncode:raise RuntimeError(p.stdout+p.stderr)
                    ^^^^^^^^^^^^^^^^^^^^^^^^^^^^^^^^^^^^^
RuntimeError: ✗ Element not found. Verify the selector is correct and the element exists in the DOM.

Traceback (most recent call last):
  File "/home/pyro/projects/naked/sol61/22-vector-layout-studio/evidence/run-final.py", line 8, in <module>
    fn();errors=json.loads(run('errors','--json'))['data']['errors'];assert not errors,errors;results.append({'check':fn.__name__,'result':'pass'});print('PASS',fn.__name__,flush=True)
    ^^^^
  File "/home/pyro/projects/naked/sol61/22-vector-layout-studio/evidence/browser_checks.py", line 77, in check_field_cancel
    layer('A');before=state();run('focus','[aria-label="Position X"]');run('press','Escape');prop('Position X',44);s=state();record('field-cancel-state',s);assert abs(next(i for i in s['items'] if i['name']=='A')['bounds']['x']-44)<1e-8,'Edit after untouched Escape must commit'
    ^^^^^^^^^^
  File "/home/pyro/projects/naked/sol61/22-vector-layout-studio/evidence/browser_checks.py", line 29, in layer
    run('scrollintoview','[aria-label='+json.dumps('Select layer '+name)+']');button('Select layer '+name)
    ^^^^^^^^^^^^^^^^^^^^^^^^^^^^^^^^^^^^^^^^^^^^^^^^^^^^^^^^^^^^^^^^^^^^^^^^^
  File "/home/pyro/projects/naked/sol61/22-vector-layout-studio/evidence/browser_checks.py", line 10, in run
    if p.returncode:raise RuntimeError(p.stdout+p.stderr)
                    ^^^^^^^^^^^^^^^^^^^^^^^^^^^^^^^^^^^^^
RuntimeError: ✗ Element not found. Verify the selector is correct and the element exists in the DOM.

Traceback (most recent call last):
  File "/home/pyro/projects/naked/sol61/22-vector-layout-studio/evidence/run-final.py", line 8, in <module>
    fn();errors=json.loads(run('errors','--json'))['data']['errors'];assert not errors,errors;results.append({'check':fn.__name__,'result':'pass'});print('PASS',fn.__name__,flush=True)
    ^^^^
  File "/home/pyro/projects/naked/sol61/22-vector-layout-studio/evidence/browser_checks.py", line 79, in check_first_anchor_cancel
    button('New');button('Cubic path tool');run('mouse','move',*screen(100,100));run('mouse','down');run('press','Escape');run('mouse','up');s=state();record('first-anchor-cancel-state',s);assert s['pendingPath']==0 and s['history']['undo']==0
    ^^^^^^^^^^^^^
  File "/home/pyro/projects/naked/sol61/22-vector-layout-studio/evidence/browser_checks.py", line 15, in button
    def button(name):run('find','role','button','click','--name',name,'--exact')
                     ^^^^^^^^^^^^^^^^^^^^^^^^^^^^^^^^^^^^^^^^^^^^^^^^^^^^^^^^^^^
  File "/home/pyro/projects/naked/sol61/22-vector-layout-studio/evidence/browser_checks.py", line 10, in run
    if p.returncode:raise RuntimeError(p.stdout+p.stderr)
                    ^^^^^^^^^^^^^^^^^^^^^^^^^^^^^^^^^^^^^
RuntimeError: ✗ Element not found. Verify the selector is correct and the element exists in the DOM.

Traceback (most recent call last):
  File "/home/pyro/projects/naked/sol61/22-vector-layout-studio/evidence/run-final.py", line 8, in <module>
    fn();errors=json.loads(run('errors','--json'))['data']['errors'];assert not errors,errors;results.append({'check':fn.__name__,'result':'pass'});print('PASS',fn.__name__,flush=True)
    ^^^^
  File "/home/pyro/projects/naked/sol61/22-vector-layout-studio/evidence/browser_checks.py", line 82, in check_scrub_cancel
    layer('Lavender gesture');run('scrollintoview','#opacityScrub');s=state();rect=ev('(()=>{const r=document.querySelector("#opacityScrub").getBoundingClientRect();return {x:r.x,y:r.y,w:r.width,h:r.height}})()')
    ^^^^^^^^^^^^^^^^^^^^^^^^^
  File "/home/pyro/projects/naked/sol61/22-vector-layout-studio/evidence/browser_checks.py", line 29, in layer
    run('scrollintoview','[aria-label='+json.dumps('Select layer '+name)+']');button('Select layer '+name)
    ^^^^^^^^^^^^^^^^^^^^^^^^^^^^^^^^^^^^^^^^^^^^^^^^^^^^^^^^^^^^^^^^^^^^^^^^^
  File "/home/pyro/projects/naked/sol61/22-vector-layout-studio/evidence/browser_checks.py", line 10, in run
    if p.returncode:raise RuntimeError(p.stdout+p.stderr)
                    ^^^^^^^^^^^^^^^^^^^^^^^^^^^^^^^^^^^^^
RuntimeError: ✗ Element not found. Verify the selector is correct and the element exists in the DOM.

Traceback (most recent call last):
  File "/home/pyro/projects/naked/sol61/22-vector-layout-studio/evidence/run-final.py", line 8, in <module>
    fn();errors=json.loads(run('errors','--json'))['data']['errors'];assert not errors,errors;results.append({'check':fn.__name__,'result':'pass'});print('PASS',fn.__name__,flush=True)
    ^^^^
  File "/home/pyro/projects/naked/sol61/22-vector-layout-studio/evidence/browser_checks.py", line 87, in check_large_id
    button('Open export dialog');run('download','#downloadProject',str(ROOT/'downloads'/'id-source.json'));button('Close dialog')
    ^^^^^^^^^^^^^^^^^^^^^^^^^^^^
  File "/home/pyro/projects/naked/sol61/22-vector-layout-studio/evidence/browser_checks.py", line 15, in button
    def button(name):run('find','role','button','click','--name',name,'--exact')
                     ^^^^^^^^^^^^^^^^^^^^^^^^^^^^^^^^^^^^^^^^^^^^^^^^^^^^^^^^^^^
  File "/home/pyro/projects/naked/sol61/22-vector-layout-studio/evidence/browser_checks.py", line 10, in run
    if p.returncode:raise RuntimeError(p.stdout+p.stderr)
                    ^^^^^^^^^^^^^^^^^^^^^^^^^^^^^^^^^^^^^
RuntimeError: ✗ Element not found. Verify the selector is correct and the element exists in the DOM.

Traceback (most recent call last):
  File "/home/pyro/projects/naked/sol61/22-vector-layout-studio/evidence/run-final.py", line 8, in <module>
    fn();errors=json.loads(run('errors','--json'))['data']['errors'];assert not errors,errors;results.append({'check':fn.__name__,'result':'pass'});print('PASS',fn.__name__,flush=True)
    ^^^^
  File "/home/pyro/projects/naked/sol61/22-vector-layout-studio/evidence/browser_checks.py", line 90, in check_paths_text_exports
    button('New');button('Fit');button('Cubic path tool');gesture(screen(100,100),screen(100,0));gesture(screen(200,100),screen(200,200));run('press','Enter');rename('Arch')
    ^^^^^^^^^^^^^
  File "/home/pyro/projects/naked/sol61/22-vector-layout-studio/evidence/browser_checks.py", line 15, in button
    def button(name):run('find','role','button','click','--name',name,'--exact')
                     ^^^^^^^^^^^^^^^^^^^^^^^^^^^^^^^^^^^^^^^^^^^^^^^^^^^^^^^^^^^
  File "/home/pyro/projects/naked/sol61/22-vector-layout-studio/evidence/browser_checks.py", line 10, in run
    if p.returncode:raise RuntimeError(p.stdout+p.stderr)
                    ^^^^^^^^^^^^^^^^^^^^^^^^^^^^^^^^^^^^^
RuntimeError: ✗ Element not found. Verify the selector is correct and the element exists in the DOM.

Traceback (most recent call last):
  File "/home/pyro/projects/naked/sol61/22-vector-layout-studio/evidence/run-final.py", line 8, in <module>
    fn();errors=json.loads(run('errors','--json'))['data']['errors'];assert not errors,errors;results.append({'check':fn.__name__,'result':'pass'});print('PASS',fn.__name__,flush=True)
    ^^^^
  File "/home/pyro/projects/naked/sol61/22-vector-layout-studio/evidence/browser_checks.py", line 120, in check_imports_limits
    source=ROOT/'downloads'/'roundtrip.json';base=json.loads(source.read_text());button('New');run('upload','#projectFile',str(source));run('wait','--fn','studioDiagnostics.status.startsWith("Imported")');s=state();assert s['document']==base and s['history']=={'undo':0,'redo':0};layer('Arch');prop('Position X',150);before=state();bad={}
                                                                                 ^^^^^^^^^^^^^
  File "/home/pyro/projects/naked/sol61/22-vector-layout-studio/evidence/browser_checks.py", line 15, in button
    def button(name):run('find','role','button','click','--name',name,'--exact')
                     ^^^^^^^^^^^^^^^^^^^^^^^^^^^^^^^^^^^^^^^^^^^^^^^^^^^^^^^^^^^
  File "/home/pyro/projects/naked/sol61/22-vector-layout-studio/evidence/browser_checks.py", line 10, in run
    if p.returncode:raise RuntimeError(p.stdout+p.stderr)
                    ^^^^^^^^^^^^^^^^^^^^^^^^^^^^^^^^^^^^^
RuntimeError: ✗ Element not found. Verify the selector is correct and the element exists in the DOM.

Traceback (most recent call last):
  File "/home/pyro/projects/naked/sol61/22-vector-layout-studio/evidence/run-final.py", line 8, in <module>
    fn();errors=json.loads(run('errors','--json'))['data']['errors'];assert not errors,errors;results.append({'check':fn.__name__,'result':'pass'});print('PASS',fn.__name__,flush=True)
    ^^^^
  File "/home/pyro/projects/naked/sol61/22-vector-layout-studio/evidence/browser_checks.py", line 108, in check_snapping
    button('New');button('Document');prop('Artboard width',600);prop('Artboard height',400);button('Design');button('Fit');make_rect('Target',100,100,100,60);make_rect('Mover',350,230,60,50)
    ^^^^^^^^^^^^^
  File "/home/pyro/projects/naked/sol61/22-vector-layout-studio/evidence/browser_checks.py", line 15, in button
    def button(name):run('find','role','button','click','--name',name,'--exact')
                     ^^^^^^^^^^^^^^^^^^^^^^^^^^^^^^^^^^^^^^^^^^^^^^^^^^^^^^^^^^^
  File "/home/pyro/projects/naked/sol61/22-vector-layout-studio/evidence/browser_checks.py", line 10, in run
    if p.returncode:raise RuntimeError(p.stdout+p.stderr)
                    ^^^^^^^^^^^^^^^^^^^^^^^^^^^^^^^^^^^^^
RuntimeError: ✗ Element not found. Verify the selector is correct and the element exists in the DOM.

Traceback (most recent call last):
  File "/home/pyro/projects/naked/sol61/22-vector-layout-studio/evidence/run-final.py", line 8, in <module>
    fn();errors=json.loads(run('errors','--json'))['data']['errors'];assert not errors,errors;results.append({'check':fn.__name__,'result':'pass'});print('PASS',fn.__name__,flush=True)
    ^^^^
  File "/home/pyro/projects/naked/sol61/22-vector-layout-studio/evidence/browser_checks.py", line 149, in check_focus_cancel
    button('New');button('Fit');make_rect('Focus test',100,100,100,80);button('Snap to objects');before=state();gesture(screen(150,140),screen(230,200),up=False);assert state()['document']!=before['document'];run('press','Tab');after=state();record('focus-cancel-state',after);run('mouse','up');assert after['document']==before['document'] and after['history']==before['history'],'Moving focus away from artboard must cancel active drag'
    ^^^^^^^^^^^^^
  File "/home/pyro/projects/naked/sol61/22-vector-layout-studio/evidence/browser_checks.py", line 15, in button
    def button(name):run('find','role','button','click','--name',name,'--exact')
                     ^^^^^^^^^^^^^^^^^^^^^^^^^^^^^^^^^^^^^^^^^^^^^^^^^^^^^^^^^^^
  File "/home/pyro/projects/naked/sol61/22-vector-layout-studio/evidence/browser_checks.py", line 10, in run
    if p.returncode:raise RuntimeError(p.stdout+p.stderr)
                    ^^^^^^^^^^^^^^^^^^^^^^^^^^^^^^^^^^^^^
RuntimeError: ✗ Element not found. Verify the selector is correct and the element exists in the DOM.

Traceback (most recent call last):
  File "/home/pyro/projects/naked/sol61/22-vector-layout-studio/evidence/run-final.py", line 8, in <module>
    fn();errors=json.loads(run('errors','--json'))['data']['errors'];assert not errors,errors;results.append({'check':fn.__name__,'result':'pass'});print('PASS',fn.__name__,flush=True)
    ^^^^
  File "/home/pyro/projects/naked/sol61/22-vector-layout-studio/evidence/browser_checks.py", line 151, in check_group_opacity
    button('New');button('Fit');make_rect('Back',100,100,120,90);prop('Fill color','#345678');make_rect('Front',155,135,120,90);prop('Fill color','#df8754');selection(['Back','Front']);button('Group selection');prop('Opacity percent',50)
    ^^^^^^^^^^^^^
  File "/home/pyro/projects/naked/sol61/22-vector-layout-studio/evidence/browser_checks.py", line 15, in button
    def button(name):run('find','role','button','click','--name',name,'--exact')
                     ^^^^^^^^^^^^^^^^^^^^^^^^^^^^^^^^^^^^^^^^^^^^^^^^^^^^^^^^^^^
  File "/home/pyro/projects/naked/sol61/22-vector-layout-studio/evidence/browser_checks.py", line 10, in run
    if p.returncode:raise RuntimeError(p.stdout+p.stderr)
                    ^^^^^^^^^^^^^^^^^^^^^^^^^^^^^^^^^^^^^
RuntimeError: ✗ Element not found. Verify the selector is correct and the element exists in the DOM.

Traceback (most recent call last):
  File "/home/pyro/projects/naked/sol61/22-vector-layout-studio/evidence/run-final.py", line 8, in <module>
    fn();errors=json.loads(run('errors','--json'))['data']['errors'];assert not errors,errors;results.append({'check':fn.__name__,'result':'pass'});print('PASS',fn.__name__,flush=True)
    ^^^^
  File "/home/pyro/projects/naked/sol61/22-vector-layout-studio/evidence/browser_checks.py", line 154, in check_history_continuity
    button('New');button('Document');prop('Artboard width',600);prop('Artboard height',400);button('Design');button('Fit');select('Zoom','1');make_rect('A',100,100,80,50);button('Snap to objects');before=state();p=handle('resize',2);gesture(p,[p[0]+40,p[1]+20]);s=state();assert abs(s['bounds']['w']-120)<1 and abs(s['bounds']['h']-70)<1;assert s['history']['undo']==before['history']['undo']+1;prop('Local width',120);prop('Local height',70)
    ^^^^^^^^^^^^^
  File "/home/pyro/projects/naked/sol61/22-vector-layout-studio/evidence/browser_checks.py", line 15, in button
    def button(name):run('find','role','button','click','--name',name,'--exact')
                     ^^^^^^^^^^^^^^^^^^^^^^^^^^^^^^^^^^^^^^^^^^^^^^^^^^^^^^^^^^^
  File "/home/pyro/projects/naked/sol61/22-vector-layout-studio/evidence/browser_checks.py", line 10, in run
    if p.returncode:raise RuntimeError(p.stdout+p.stderr)
                    ^^^^^^^^^^^^^^^^^^^^^^^^^^^^^^^^^^^^^
RuntimeError: ✗ Element not found. Verify the selector is correct and the element exists in the DOM.

Traceback (most recent call last):
  File "/home/pyro/projects/naked/sol61/22-vector-layout-studio/evidence/run-final.py", line 8, in <module>
    fn();errors=json.loads(run('errors','--json'))['data']['errors'];assert not errors,errors;results.append({'check':fn.__name__,'result':'pass'});print('PASS',fn.__name__,flush=True)
    ^^^^
  File "/home/pyro/projects/naked/sol61/22-vector-layout-studio/evidence/browser_checks.py", line 167, in check_layers_locks
    button('New');button('Document');prop('Artboard width',600);prop('Artboard height',400);button('Design');button('Fit');make_rect('Back',100,100,110,100);prop('Fill color','#bb593e');make_rect('Front',150,150,110,100);prop('Fill color','#6674c0');before=state();button('Lower layer');s=state();assert [n['name'] for n in s['document']['items']]==['Front','Back'];shot('21-layer-occlusion.png')
    ^^^^^^^^^^^^^
  File "/home/pyro/projects/naked/sol61/22-vector-layout-studio/evidence/browser_checks.py", line 15, in button
    def button(name):run('find','role','button','click','--name',name,'--exact')
                     ^^^^^^^^^^^^^^^^^^^^^^^^^^^^^^^^^^^^^^^^^^^^^^^^^^^^^^^^^^^
  File "/home/pyro/projects/naked/sol61/22-vector-layout-studio/evidence/browser_checks.py", line 10, in run
    if p.returncode:raise RuntimeError(p.stdout+p.stderr)
                    ^^^^^^^^^^^^^^^^^^^^^^^^^^^^^^^^^^^^^
RuntimeError: ✗ Element not found. Verify the selector is correct and the element exists in the DOM.

Traceback (most recent call last):
  File "/home/pyro/projects/naked/sol61/22-vector-layout-studio/evidence/run-final.py", line 8, in <module>
    fn();errors=json.loads(run('errors','--json'))['data']['errors'];assert not errors,errors;results.append({'check':fn.__name__,'result':'pass'});print('PASS',fn.__name__,flush=True)
    ^^^^
  File "/home/pyro/projects/naked/sol61/22-vector-layout-studio/evidence/browser_checks.py", line 176, in check_mobile
    run('set','viewport',390,844);button('Reset');button('Fit artboard');shot('22-mobile-opening.png');button('New');mobile_inspect();button('Document');prop('Artboard width',640);prop('Artboard height',640);prop('Artboard background','none');button('Design');button('Close Inspector panel');button('Fit artboard');draw('Rectangle',(80,100),(240,200));mobile_inspect();rename('Phone card');prop('Position X',80);prop('Position Y',100);prop('Bounds width',160);prop('Bounds height',100);prop('Fill color','#6b8b59');button('Close Inspector panel')
                                  ^^^^^^^^^^^^^^^
  File "/home/pyro/projects/naked/sol61/22-vector-layout-studio/evidence/browser_checks.py", line 15, in button
    def button(name):run('find','role','button','click','--name',name,'--exact')
                     ^^^^^^^^^^^^^^^^^^^^^^^^^^^^^^^^^^^^^^^^^^^^^^^^^^^^^^^^^^^
  File "/home/pyro/projects/naked/sol61/22-vector-layout-studio/evidence/browser_checks.py", line 10, in run
    if p.returncode:raise RuntimeError(p.stdout+p.stderr)
                    ^^^^^^^^^^^^^^^^^^^^^^^^^^^^^^^^^^^^^
RuntimeError: ✗ Element not found. Verify the selector is correct and the element exists in the DOM.

Traceback (most recent call last):
  File "/home/pyro/projects/naked/sol61/22-vector-layout-studio/evidence/run-final.py", line 8, in <module>
    fn();errors=json.loads(run('errors','--json'))['data']['errors'];assert not errors,errors;results.append({'check':fn.__name__,'result':'pass'});print('PASS',fn.__name__,flush=True)
    ^^^^
  File "/home/pyro/projects/naked/sol61/22-vector-layout-studio/evidence/browser_checks.py", line 192, in check_clip_and_handles
    button('New');button('Document');prop('Artboard width',600);prop('Artboard height',400);button('Design');button('Fit');select('Zoom','1');make_rect('Tilted',100,100,80,60);button('Snap to objects');prop('Rotation degrees',45);before=state();p=handle('resize',2);gesture(p,[p[0]+28,p[1]+14]);s=state();assert s['history']['undo']==before['history']['undo']+1 and abs(next(n for n in s['document']['items'] if n['name']=='Tilted')['g']['w']-80)>5
    ^^^^^^^^^^^^^
  File "/home/pyro/projects/naked/sol61/22-vector-layout-studio/evidence/browser_checks.py", line 15, in button
    def button(name):run('find','role','button','click','--name',name,'--exact')
                     ^^^^^^^^^^^^^^^^^^^^^^^^^^^^^^^^^^^^^^^^^^^^^^^^^^^^^^^^^^^
  File "/home/pyro/projects/naked/sol61/22-vector-layout-studio/evidence/browser_checks.py", line 10, in run
    if p.returncode:raise RuntimeError(p.stdout+p.stderr)
                    ^^^^^^^^^^^^^^^^^^^^^^^^^^^^^^^^^^^^^
RuntimeError: ✗ Element not found. Verify the selector is correct and the element exists in the DOM.

Traceback (most recent call last):
  File "/home/pyro/projects/naked/sol61/22-vector-layout-studio/evidence/run-final.py", line 8, in <module>
    fn();errors=json.loads(run('errors','--json'))['data']['errors'];assert not errors,errors;results.append({'check':fn.__name__,'result':'pass'});print('PASS',fn.__name__,flush=True)
    ^^^^
  File "/home/pyro/projects/naked/sol61/22-vector-layout-studio/evidence/browser_checks.py", line 185, in check_boundaries_reset
    button('New');button('Document');before=state();prop('Artboard width',2049);assert state()['document']==before['document'] and '2048' in state()['status'];prop('Artboard width',64);prop('Artboard height',2048);before=state();prop('Artboard height',63);assert state()['document']==before['document'];prop('Artboard height',2048.5);assert state()['document']==before['document'];prop('Artboard width',2048)
    ^^^^^^^^^^^^^
  File "/home/pyro/projects/naked/sol61/22-vector-layout-studio/evidence/browser_checks.py", line 15, in button
    def button(name):run('find','role','button','click','--name',name,'--exact')
                     ^^^^^^^^^^^^^^^^^^^^^^^^^^^^^^^^^^^^^^^^^^^^^^^^^^^^^^^^^^^
  File "/home/pyro/projects/naked/sol61/22-vector-layout-studio/evidence/browser_checks.py", line 10, in run
    if p.returncode:raise RuntimeError(p.stdout+p.stderr)
                    ^^^^^^^^^^^^^^^^^^^^^^^^^^^^^^^^^^^^^
RuntimeError: ✗ Element not found. Verify the selector is correct and the element exists in the DOM.

Traceback (most recent call last):
  File "/home/pyro/projects/naked/sol61/22-vector-layout-studio/evidence/run-final.py", line 8, in <module>
    fn();errors=json.loads(run('errors','--json'))['data']['errors'];assert not errors,errors;results.append({'check':fn.__name__,'result':'pass'});print('PASS',fn.__name__,flush=True)
    ^^^^
  File "/home/pyro/projects/naked/sol61/22-vector-layout-studio/evidence/browser_checks.py", line 190, in check_empty_history_draft
    button('New');button('Cubic path tool');a=screen(100,100);gesture(a,a,steps=1);a=screen(180,170);gesture(a,a,steps=1);assert state()['pendingPath']==2;run('press','Control+z');assert state()['pendingPath']==0 and ev('document.querySelector("#pathActions").hidden') and state()['history']=={'undo':0,'redo':0};print('PASS empty-stack undo removes draft and adornments')
    ^^^^^^^^^^^^^
  File "/home/pyro/projects/naked/sol61/22-vector-layout-studio/evidence/browser_checks.py", line 15, in button
    def button(name):run('find','role','button','click','--name',name,'--exact')
                     ^^^^^^^^^^^^^^^^^^^^^^^^^^^^^^^^^^^^^^^^^^^^^^^^^^^^^^^^^^^
  File "/home/pyro/projects/naked/sol61/22-vector-layout-studio/evidence/browser_checks.py", line 10, in run
    if p.returncode:raise RuntimeError(p.stdout+p.stderr)
                    ^^^^^^^^^^^^^^^^^^^^^^^^^^^^^^^^^^^^^
RuntimeError: ✗ Element not found. Verify the selector is correct and the element exists in the DOM.

Traceback (most recent call last):
  File "/home/pyro/projects/naked/sol61/22-vector-layout-studio/evidence/run-final.py", line 8, in <module>
    fn();errors=json.loads(run('errors','--json'))['data']['errors'];assert not errors,errors;results.append({'check':fn.__name__,'result':'pass'});print('PASS',fn.__name__,flush=True)
    ^^^^
  File "/home/pyro/projects/naked/sol61/22-vector-layout-studio/evidence/browser_checks.py", line 197, in check_native_field_focus
    button('New');button('Text tool');a=screen(100,100);gesture(a,a,steps=1);run('fill','[aria-label="Text content"]','Native field focus');run('press','Control+Enter');before=state();run('focus','[aria-label="Font family"]');run('press','ArrowDown');run('press','ArrowDown');after=state();font_ok=after['document']['items'][0]['g']['font']=='monospace' and after['document']['items'][0]['m']==before['document']['items'][0]['m'];record('font-focus-state',after)
    ^^^^^^^^^^^^^
  File "/home/pyro/projects/naked/sol61/22-vector-layout-studio/evidence/browser_checks.py", line 15, in button
    def button(name):run('find','role','button','click','--name',name,'--exact')
                     ^^^^^^^^^^^^^^^^^^^^^^^^^^^^^^^^^^^^^^^^^^^^^^^^^^^^^^^^^^^
  File "/home/pyro/projects/naked/sol61/22-vector-layout-studio/evidence/browser_checks.py", line 10, in run
    if p.returncode:raise RuntimeError(p.stdout+p.stderr)
                    ^^^^^^^^^^^^^^^^^^^^^^^^^^^^^^^^^^^^^
RuntimeError: ✗ Element not found. Verify the selector is correct and the element exists in the DOM.

Traceback (most recent call last):
  File "/home/pyro/projects/naked/sol61/22-vector-layout-studio/evidence/run-final.py", line 8, in <module>
    fn();errors=json.loads(run('errors','--json'))['data']['errors'];assert not errors,errors;results.append({'check':fn.__name__,'result':'pass'});print('PASS',fn.__name__,flush=True)
    ^^^^
  File "/home/pyro/projects/naked/sol61/22-vector-layout-studio/evidence/browser_checks.py", line 200, in check_keyboard_during_drag
    button('New');button('Fit');make_rect('A',100,100,100,70);make_rect('B',280,160,90,60);selection(['A','B']);before=state();gesture(screen(150,135),screen(200,180),up=False);run('press','Control+g');run('mouse','up');after=state();record('keyboard-group-state',after);assert after['document']['items'][0]['type']=='group' and after['counts']['items']==3 and after['selection']==[after['document']['items'][0]['id']],'Grouping during a drag must first cancel the pending gesture, then group the original scene'
    ^^^^^^^^^^^^^
  File "/home/pyro/projects/naked/sol61/22-vector-layout-studio/evidence/browser_checks.py", line 15, in button
    def button(name):run('find','role','button','click','--name',name,'--exact')
                     ^^^^^^^^^^^^^^^^^^^^^^^^^^^^^^^^^^^^^^^^^^^^^^^^^^^^^^^^^^^
  File "/home/pyro/projects/naked/sol61/22-vector-layout-studio/evidence/browser_checks.py", line 10, in run
    if p.returncode:raise RuntimeError(p.stdout+p.stderr)
                    ^^^^^^^^^^^^^^^^^^^^^^^^^^^^^^^^^^^^^
RuntimeError: ✗ Element not found. Verify the selector is correct and the element exists in the DOM.

Traceback (most recent call last):
  File "/home/pyro/projects/naked/sol61/22-vector-layout-studio/evidence/run-final.py", line 12, in <module>
    button('Reset');button('Fit');shot('27-final-desktop.png');record('final-desktop-state',state());(ROOT/'final-console.json').write_text(run('console','--json'));(ROOT/'final-errors.json').write_text(run('errors','--json'));(ROOT/'final-network.json').write_text(run('network','requests','--json'))
    ^^^^^^^^^^^^^^^
  File "/home/pyro/projects/naked/sol61/22-vector-layout-studio/evidence/browser_checks.py", line 15, in button
    def button(name):run('find','role','button','click','--name',name,'--exact')
                     ^^^^^^^^^^^^^^^^^^^^^^^^^^^^^^^^^^^^^^^^^^^^^^^^^^^^^^^^^^^
  File "/home/pyro/projects/naked/sol61/22-vector-layout-studio/evidence/browser_checks.py", line 10, in run
    if p.returncode:raise RuntimeError(p.stdout+p.stderr)
                    ^^^^^^^^^^^^^^^^^^^^^^^^^^^^^^^^^^^^^
RuntimeError: ✗ Element not found. Verify the selector is correct and the element exists in the DOM.

