PASS rectangle drag creation
PASS check_creation
PASS opening shapes/text editable and second composition editable
PASS check_opening
PASS exact equal gaps/refusal, contiguous grouping, nested transforms, ungroup geometry, undo/redo, descendant lock
PASS check_layout_groups
PASS check_field_cancel
PASS check_first_anchor_cancel
PASS check_scrub_cancel
PASS check_large_id
PASS actual cubic tools/extrema, transformed node gesture, multiline typography/literal text/history, preview and real downloads
PASS check_paths_text_exports
PASS own-project roundtrip and 13 hostile imports preserve scene/selection/history; 200 items accepted, 201 refused; nonpositive scales refused
PASS check_imports_limits
PASS object snapping at 5/8 CSS px at 100%/200%, separate grid, hidden/subtree/ancestor exclusions and locked sibling targets
PASS check_snapping
PASS check_focus_cancel
PASS check_group_opacity
PASS handles, long-drag/scrub/text/order single-step history, pan/zoom/viewport continuity, exact nudges, redo branch, Escape/pointercancel, duplicate/delete
PASS check_history_continuity
PASS visual paint order/export order, hide/show, hidden hit exclusion, locks refuse drag/delete/parent movement, unlocking and hidden-group ungroup
PASS check_layers_locks
PASS 390×844 creation/handles/inspector/pan/zoom/text/Layers/preview/export, exact rendered bounds, and 2× device pixel ratio editing
PASS check_mobile
PASS rotated local resize, pointer rotation, uniform group corner scaling, and artboard clipping in preview/export
PASS check_clip_and_handles
PASS whole artboard size limits and maximum 4096² export, Reset with pending text/path and imported project, timers cleared, reload fresh start
PASS check_boundaries_reset
PASS empty-stack undo removes draft and adornments
PASS check_empty_history_draft
PASS native select/range keyboard editing retains field focus and never nudges scene geometry
PASS check_native_field_focus
PASS editing keyboard shortcut cancels active drag before applying hierarchy edit
PASS check_keyboard_during_drag
ALL AGENT-AUTHORED BROWSER CHECKS PASSED
