PASS engine is available
PASS edges determine compiled output expression
PASS color cannot connect to coordinates
PASS scalar can broadcast into color
PASS cycle is rejected before mutation
PASS valid project survives round trip
PASS oversized graph rejected
PASS unknown node rejected
PASS cycles rejected on import
PASS linear keyframes interpolate numeric value
PASS hold keyframe preserves prior value
PASS color keyframes interpolate channels
FAIL hold changes at exact intermediate key timestamp : 0 == 10
FAIL valid paste remaps internal edges and keyed targets : preparePaste is not defined
FAIL cross-project paste rejects out-of-duration keys unchanged : The input did not match the regular expression /keyframe/i. Input:

'ReferenceError: preparePaste is not defined'

FAIL paste enforces 1000 keyframe safety limit : The input did not match the regular expression /1,000|1000/i. Input:

'ReferenceError: preparePaste is not defined'

FAIL paste enforces 250 edge safety limit : The input did not match the regular expression /250|limit/i. Input:

'ReferenceError: preparePaste is not defined'

12 passed, 5 failed
