PASS engine is available
PASS edges determine compiled output expression
PASS color cannot connect to coordinates
PASS scalar can broadcast into color
PASS cycle is rejected before mutation
PASS valid project survives round trip
PASS oversized graph rejected
PASS unknown node rejected
PASS cycles rejected on import
PASS linear keyframes interpolate numeric value
PASS hold keyframe preserves prior value
PASS color keyframes interpolate channels
PASS hold changes at exact intermediate key timestamp
PASS valid paste remaps internal edges and keyed targets
PASS cross-project paste rejects out-of-duration keys unchanged
PASS paste enforces 1000 keyframe safety limit
PASS paste enforces 250 edge safety limit
PASS unsafe frame identifiers rejected before DOM selectors
PASS duplicate frame identifiers rejected
PASS frame safety limit rejects rather than truncates user data
20 passed, 0 failed
