agent-browser --session fieldwork --json eval (()=>{const c=document.querySelector('#previewCanvas'),b=c.getContext('2d').getImageData(0,0,c.width,c.height).data;let h=0;for(let i=0;i<b.length;i++)h=Math.imul(h^b[i],16777619);return [c.width,h>>>0]})()
agent-browser --session fieldwork upload #projectFile /home/pyro/projects/naked/sol61/19-node-graphics-studio/evidence/cost-limit-project.json
agent-browser --session fieldwork wait --fn window.studio.diagnostics().status === "invalid"
agent-browser --session fieldwork click #node-1 .node-head
agent-browser --session fieldwork click [data-inspector="node"]
agent-browser --session fieldwork fill #param-alpha 0.4
agent-browser --session fieldwork press Tab
agent-browser --session fieldwork wait 250
agent-browser --session fieldwork --json eval window.studio.diagnostics().message
FAIL: original validation diagnostic overwritten: Failed to execute 'uniform4fv' on 'WebGL2RenderingContext': The provided value cannot be converted to a sequence.
agent-browser --session fieldwork screenshot evidence/screenshots/13-invalid-graph-before-fix.png
agent-browser --session fieldwork --json eval (()=>{const c=document.querySelector('#previewCanvas'),b=c.getContext('2d').getImageData(0,0,c.width,c.height).data;let h=0;for(let i=0;i<b.length;i++)h=Math.imul(h^b[i],16777619);return [c.width,h>>>0]})()
PASS: invalid graph preserves exact last valid image after parameter edit
agent-browser --session fieldwork click #export
agent-browser --session fieldwork select #exportKind sequence
agent-browser --session fieldwork fill #sequenceFrames 2
agent-browser --session fieldwork fill #exportLength 1
agent-browser --session fieldwork click #runExport
agent-browser --session fieldwork wait --text Evaluation cost limit
agent-browser --session fieldwork click #closeModal
agent-browser --session fieldwork --json eval !!document.querySelector("#modalBackdrop")
FAIL: failed animation export left the dialog locked and frame loop suspended
agent-browser --session fieldwork screenshot evidence/screenshots/14-export-error-before-fix.png