PASS Final delivered index.html opens directly from file:// with HTTP/HTTPS blocked and starts a time-driven animated graph.
PASS Direct-file parameter edit changes actual pixels; undo restores the exact paused image.
PASS Latest source safely deletes a node during a held drag and undo restores it without uncaught errors.
PASS Direct-file Blob download exports validated graph JSON, including corrected default frame membership.
PASS Fresh direct-file session has no uncaught errors, console messages, GPU errors or external resource requests.

Exact browser commands:
agent-browser --session fieldwork-delivered-1790726871091 --allow-file-access open about:blank
agent-browser --session fieldwork-delivered-1790726871091 --allow-file-access network route http://** --abort
agent-browser --session fieldwork-delivered-1790726871091 --allow-file-access network route https://** --abort
agent-browser --session fieldwork-delivered-1790726871091 --allow-file-access set viewport 1280 800
agent-browser --session fieldwork-delivered-1790726871091 --allow-file-access open file:///home/pyro/projects/naked/sol61/19-node-graphics-studio/index.html
agent-browser --session fieldwork-delivered-1790726871091 --allow-file-access wait --fn window.studio&&studio.diagnostics().renders>2
agent-browser --session fieldwork-delivered-1790726871091 --allow-file-access --json eval studio.state.playing
agent-browser --session fieldwork-delivered-1790726871091 --allow-file-access --json eval studio.diagnostics().status
agent-browser --session fieldwork-delivered-1790726871091 --allow-file-access --json eval studio.state.project.timeline.time
agent-browser --session fieldwork-delivered-1790726871091 --allow-file-access wait --fn studio.state.project.timeline.time>0.8099
agent-browser --session fieldwork-delivered-1790726871091 --allow-file-access click #previewPlay
agent-browser --session fieldwork-delivered-1790726871091 --allow-file-access --json eval studio.state.playing
agent-browser --session fieldwork-delivered-1790726871091 --allow-file-access --json eval "(()=>{const c=document.querySelector(\"#previewCanvas\"),a=c.getContext(\"2d\").getImageData(0,0,c.width,c.height).data;let h=0;for(const v of a)h=Math.imul(h^v,16777619);return h>>>0})()"
agent-browser --session fieldwork-delivered-1790726871091 --allow-file-access scrollintoview #param-offset
agent-browser --session fieldwork-delivered-1790726871091 --allow-file-access fill #param-offset .13
agent-browser --session fieldwork-delivered-1790726871091 --allow-file-access press Tab
agent-browser --session fieldwork-delivered-1790726871091 --allow-file-access wait --fn !dirty&&!structural
agent-browser --session fieldwork-delivered-1790726871091 --allow-file-access --json eval "(()=>{const c=document.querySelector(\"#previewCanvas\"),a=c.getContext(\"2d\").getImageData(0,0,c.width,c.height).data;let h=0;for(const v of a)h=Math.imul(h^v,16777619);return h>>>0})()"
agent-browser --session fieldwork-delivered-1790726871091 --allow-file-access focus #graphStage
agent-browser --session fieldwork-delivered-1790726871091 --allow-file-access press Control+z
agent-browser --session fieldwork-delivered-1790726871091 --allow-file-access wait --fn !dirty&&!structural
agent-browser --session fieldwork-delivered-1790726871091 --allow-file-access --json eval "(()=>{const c=document.querySelector(\"#previewCanvas\"),a=c.getContext(\"2d\").getImageData(0,0,c.width,c.height).data;let h=0;for(const v of a)h=Math.imul(h^v,16777619);return h>>>0})()"
agent-browser --session fieldwork-delivered-1790726871091 --allow-file-access --json get box "#node-8 .node-head"
agent-browser --session fieldwork-delivered-1790726871091 --allow-file-access mouse move 612 370
agent-browser --session fieldwork-delivered-1790726871091 --allow-file-access mouse down
agent-browser --session fieldwork-delivered-1790726871091 --allow-file-access mouse move 632 390
agent-browser --session fieldwork-delivered-1790726871091 --allow-file-access press Delete
agent-browser --session fieldwork-delivered-1790726871091 --allow-file-access --json eval drag===null
agent-browser --session fieldwork-delivered-1790726871091 --allow-file-access mouse move 637 395
agent-browser --session fieldwork-delivered-1790726871091 --allow-file-access mouse up
agent-browser --session fieldwork-delivered-1790726871091 --allow-file-access focus #graphStage
agent-browser --session fieldwork-delivered-1790726871091 --allow-file-access press Control+z
agent-browser --session fieldwork-delivered-1790726871091 --allow-file-access wait --fn studio.state.project.graph.nodes.some(n=>n.id===8)&&!dirty&&!structural
agent-browser --session fieldwork-delivered-1790726871091 --allow-file-access --json errors
agent-browser --session fieldwork-delivered-1790726871091 --allow-file-access click "#node-8 .node-head"
agent-browser --session fieldwork-delivered-1790726871091 --allow-file-access click #export
agent-browser --session fieldwork-delivered-1790726871091 --allow-file-access select #exportKind json
agent-browser --session fieldwork-delivered-1790726871091 --allow-file-access download #runExport evidence/downloads/direct-file.fieldwork.json
agent-browser --session fieldwork-delivered-1790726871091 --allow-file-access --json eval gl.getError()
agent-browser --session fieldwork-delivered-1790726871091 --allow-file-access --json errors
agent-browser --session fieldwork-delivered-1790726871091 --allow-file-access --json console
agent-browser --session fieldwork-delivered-1790726871091 --allow-file-access --json eval performance.getEntriesByType("resource").every(r=>r.name.startsWith("data:")||r.name.startsWith("file:"))
agent-browser --session fieldwork-delivered-1790726871091 --allow-file-access screenshot evidence/screenshots/42-final-direct-file.png
agent-browser --session fieldwork-delivered-1790726871091 --allow-file-access errors --json
agent-browser --session fieldwork-delivered-1790726871091 --allow-file-access console --json
agent-browser --session fieldwork-delivered-1790726871091 --allow-file-access network requests
agent-browser --session fieldwork-delivered-1790726871091 --allow-file-access --json eval studio.diagnostics()