agent-browser --session fieldwork --json eval window.studio.state
agent-browser --session fieldwork --json get box #node-100 .node-head
agent-browser --session fieldwork mouse move 528 338
agent-browser --session fieldwork mouse down
agent-browser --session fieldwork mouse move 580 525
agent-browser --session fieldwork mouse up
agent-browser --session fieldwork --json eval window.studio.state
PASS: actual pointer drag moved Constant #100
agent-browser --session fieldwork --json eval (()=>{const c=document.querySelector('#previewCanvas'),a=c.getContext('2d').getImageData(0,0,c.width,c.height).data;let h=2166136261;for(let i=0;i<a.length;i+=4)h=Math.imul(h^a[i]^a[i+1]<<8^a[i+2]<<16,16777619);return [c.width,h>>>0]})()
agent-browser --session fieldwork --json eval window.studio.diagnostics().renders
agent-browser --session fieldwork --json get box #node-100 .port[data-dir="out"]
agent-browser --session fieldwork --json get box #node-6 .port[data-dir="in"][data-port="2"]
agent-browser --session fieldwork mouse move 642 551
agent-browser --session fieldwork mouse down
agent-browser --session fieldwork mouse move 380 343
agent-browser --session fieldwork mouse up
agent-browser --session fieldwork wait --fn window.studio.diagnostics().active.includes(100)
agent-browser --session fieldwork wait --fn window.studio.diagnostics().renders > 602
agent-browser --session fieldwork --json eval (()=>{const c=document.querySelector('#previewCanvas'),a=c.getContext('2d').getImageData(0,0,c.width,c.height).data;let h=2166136261;for(let i=0;i<a.length;i+=4)h=Math.imul(h^a[i]^a[i+1]<<8^a[i+2]<<16,16777619);return [c.width,h>>>0]})()
agent-browser --session fieldwork --json eval window.studio.state.project.graph.edges.some(e=>e.from===100&&e.to===6&&e.input===2)
PASS: Constant→Domain Warp Amount created an evaluated link; image hash [128,4079244083] → [128,661841410]
agent-browser --session fieldwork screenshot evidence/screenshots/03-connected-constant.png
agent-browser --session fieldwork --json eval window.studio.state.project.graph.edges.length
agent-browser --session fieldwork --json get box #node-8 .port[data-dir="out"]
agent-browser --session fieldwork --json get box #node-6 .port[data-dir="in"][data-port="0"]
agent-browser --session fieldwork mouse move 675 413
agent-browser --session fieldwork mouse down
agent-browser --session fieldwork mouse move 380 308
agent-browser --session fieldwork mouse up
agent-browser --session fieldwork --json eval window.studio.state.project.graph.edges.length
agent-browser --session fieldwork --json eval document.querySelector("#toast").textContent
PASS: Color→UV rejected with feedback; edges intact
agent-browser --session fieldwork screenshot evidence/screenshots/04-incompatible-connection.png
agent-browser --session fieldwork --json get box #node-6 .port[data-dir="out"]
agent-browser --session fieldwork --json get box #node-4 .port[data-dir="in"][data-port="0"]
agent-browser --session fieldwork mouse move 506 360
agent-browser --session fieldwork mouse down
agent-browser --session fieldwork mouse move 213 204
agent-browser --session fieldwork mouse up
agent-browser --session fieldwork --json eval window.studio.state.project.graph.edges.length
agent-browser --session fieldwork --json eval document.querySelector("#toast").textContent
PASS: Warp→Transform illegal cycle rejected; edges intact
agent-browser --session fieldwork screenshot evidence/screenshots/05-cycle-rejected.png
agent-browser --session fieldwork click #node-6 .node-head
agent-browser --session fieldwork click [data-disconnect="2"]
FAIL: Error: Command failed: agent-browser --session fieldwork click [data-disconnect="2"]
✗ Element '[data-disconnect="2"]' is covered by <footer.bottom-status> at its click point, so the input would land on that element instead. Dismiss or interact with the covering element first (it is often a dialog, banner, or sticky header).

    at genericNodeError (node:internal/errors:998:15)
    at wrappedFn (node:internal/errors:543:14)
    at checkExecSyncError (node:child_process:925:11)
    at execFileSync (node:child_process:961:15)
    at cmd (/home/pyro/projects/naked/sol61/19-node-graphics-studio/evidence/browser-graph-check.cjs:2:105)
    at Object.<anonymous> (/home/pyro/projects/naked/sol61/19-node-graphics-studio/evidence/browser-graph-check.cjs:15:36)
    at Module._compile (node:internal/modules/cjs/loader:1829:14)
    at Object..js (node:internal/modules/cjs/loader:1969:10)
    at Module.load (node:internal/modules/cjs/loader:1552:32)
    at Module._load (node:internal/modules/cjs/loader:1354:12)