agent-browser --session fieldwork click #node-100 .node-head
agent-browser --session fieldwork --json eval window.studio.state.project.graph.nodes.length
agent-browser --session fieldwork press Control+c
agent-browser --session fieldwork press Control+v
agent-browser --session fieldwork --json eval window.studio.state.project.graph.nodes.length
agent-browser --session fieldwork press Delete
agent-browser --session fieldwork --json eval window.studio.state.project.graph.nodes.length
PASS: keyboard copy/paste and delete
agent-browser --session fieldwork --json eval window.studio.state.cam
agent-browser --session fieldwork mouse move 665 570
agent-browser --session fieldwork mouse down
agent-browser --session fieldwork mouse move 629 547
agent-browser --session fieldwork mouse up
agent-browser --session fieldwork --json eval window.studio.state.cam
agent-browser --session fieldwork mouse move 620 240
agent-browser --session fieldwork mouse wheel -160
agent-browser --session fieldwork --json eval window.studio.state.cam.z
FAIL: AssertionError [ERR_ASSERTION]: The expression evaluated to a falsy value:

  assert(read('window.studio.state.cam.z')>newCam.z)

    at Object.<anonymous> (/home/pyro/projects/naked/sol61/19-node-graphics-studio/evidence/browser-graph-check.cjs:20:240)
    at Module._compile (node:internal/modules/cjs/loader:1829:14)
    at Object..js (node:internal/modules/cjs/loader:1969:10)
    at Module.load (node:internal/modules/cjs/loader:1552:32)
    at Module._load (node:internal/modules/cjs/loader:1354:12)
    at wrapModuleLoad (node:internal/modules/cjs/loader:255:19)
    at Module.executeUserEntryPoint [as runMain] (node:internal/modules/run_main:154:5)
    at node:internal/main/run_main_module:33:47