{
  button: {
    bottom: 101,
    height: 24,
    left: 281,
    right: 307,
    top: 77,
    width: 26,
    x: 281,
    y: 77
  },
  left: 0,
  stage: {
    bottom: 628,
    height: 520,
    left: 194,
    right: 856,
    top: 108,
    width: 662,
    x: 194,
    y: 108
  },
  top: 48
}
node:assert:149
  throw new AssertionError(obj);
  ^

AssertionError [ERR_ASSERTION]: Offscreen focus must not scroll the graph independently of its camera
    at Object.<anonymous> (/home/pyro/projects/naked/sol61/19-node-graphics-studio/evidence/graph-scroll-regression.cjs:5:23)
    at Module._compile (node:internal/modules/cjs/loader:1829:14)
    at Object..js (node:internal/modules/cjs/loader:1969:10)
    at Module.load (node:internal/modules/cjs/loader:1552:32)
    at Module._load (node:internal/modules/cjs/loader:1354:12)
    at wrapModuleLoad (node:internal/modules/cjs/loader:255:19)
    at Module.executeUserEntryPoint [as runMain] (node:internal/modules/run_main:154:5)
    at node:internal/main/run_main_module:33:47 {
  generatedMessage: false,
  code: 'ERR_ASSERTION',
  actual: 48,
  expected: 0,
  operator: '==',
  diff: 'simple'
}

Node.js v25.8.1
