agent-browser --session fieldwork click #node-100 .node-head
agent-browser --session fieldwork press Control+c
agent-browser --session fieldwork click #projects
agent-browser --session fieldwork click #newGraph
agent-browser --session fieldwork fill #duration 2
agent-browser --session fieldwork press Tab
agent-browser --session fieldwork focus #graphStage
agent-browser --session fieldwork press Control+v
agent-browser --session fieldwork --json eval window.studio.state.project.graph.nodes.length
agent-browser --session fieldwork --json eval document.querySelector("#toast").textContent
PASS cross-project paste rejects keys outside 2s duration without modifying empty graph
agent-browser --session fieldwork screenshot evidence/screenshots/24-paste-safety.png
agent-browser --session fieldwork fill #duration 8
agent-browser --session fieldwork press Tab
agent-browser --session fieldwork focus #graphStage
agent-browser --session fieldwork press Control+v
agent-browser --session fieldwork --json eval window.studio.state.project.graph.nodes.length
agent-browser --session fieldwork --json eval window.studio.state.project.keys.length
PASS same clipboard pastes successfully once duration accommodates its keys
agent-browser --session fieldwork upload #projectFile /home/pyro/projects/naked/sol61/19-node-graphics-studio/evidence/downloads/validation-flow.fieldwork.json