agent-browser --session fieldwork click #galleryNav
agent-browser --session fieldwork wait --fn document.querySelectorAll(".preset-card").length===11
agent-browser --session fieldwork wait 1000
agent-browser --session fieldwork screenshot evidence/screenshots/20-material-gallery.png
agent-browser --session fieldwork --json eval Array.from(document.querySelectorAll("[data-preset]")).map(e=>e.dataset.preset)
agent-browser --session fieldwork --json eval window.studio.diagnostics().renders
agent-browser --session fieldwork click [data-preset="neon"]
agent-browser --session fieldwork wait --fn window.studio.diagnostics().renders>24 && window.studio.diagnostics().status === "valid"
agent-browser --session fieldwork --json eval window.studio.state
agent-browser --session fieldwork --json eval window.studio.diagnostics()
agent-browser --session fieldwork --json eval (()=>{const c=document.querySelector("#previewCanvas"),b=c.getContext("2d").getImageData(0,0,c.width,c.height).data,s=new Set();for(let i=0;i<b.length;i+=28)s.add(b[i]+","+b[i+1]+","+b[i+2]);return s.size})()
PASS Neon current: 13 editable nodes, 15 links, 13 evaluated nodes, 6616 sampled colors, 212.1ms
agent-browser --session fieldwork click #galleryNav
agent-browser --session fieldwork --json eval window.studio.diagnostics().renders
agent-browser --session fieldwork click [data-preset="marble"]
agent-browser --session fieldwork wait --fn window.studio.diagnostics().renders>26 && window.studio.diagnostics().status === "valid"
agent-browser --session fieldwork --json eval window.studio.state
agent-browser --session fieldwork --json eval window.studio.diagnostics()
agent-browser --session fieldwork --json eval (()=>{const c=document.querySelector("#previewCanvas"),b=c.getContext("2d").getImageData(0,0,c.width,c.height).data,s=new Set();for(let i=0;i<b.length;i+=28)s.add(b[i]+","+b[i+1]+","+b[i+2]);return s.size})()
PASS Verdigris marble: 16 editable nodes, 18 links, 15 evaluated nodes, 5263 sampled colors, 53.2ms
agent-browser --session fieldwork click #galleryNav
agent-browser --session fieldwork --json eval window.studio.diagnostics().renders
agent-browser --session fieldwork click [data-preset="wood"]
agent-browser --session fieldwork wait --fn window.studio.diagnostics().renders>29 && window.studio.diagnostics().status === "valid"
agent-browser --session fieldwork --json eval window.studio.state
agent-browser --session fieldwork --json eval window.studio.diagnostics()
agent-browser --session fieldwork --json eval (()=>{const c=document.querySelector("#previewCanvas"),b=c.getContext("2d").getImageData(0,0,c.width,c.height).data,s=new Set();for(let i=0;i<b.length;i+=28)s.add(b[i]+","+b[i+1]+","+b[i+2]);return s.size})()
PASS Walnut study: 17 editable nodes, 19 links, 16 evaluated nodes, 2072 sampled colors, 260.0ms
agent-browser --session fieldwork click #galleryNav
agent-browser --session fieldwork --json eval window.studio.diagnostics().renders
agent-browser --session fieldwork click [data-preset="clouds"]
agent-browser --session fieldwork wait --fn window.studio.diagnostics().renders>31 && window.studio.diagnostics().status === "valid"
agent-browser --session fieldwork --json eval window.studio.state
agent-browser --session fieldwork --json eval window.studio.diagnostics()
agent-browser --session fieldwork --json eval (()=>{const c=document.querySelector("#previewCanvas"),b=c.getContext("2d").getImageData(0,0,c.width,c.height).data,s=new Set();for(let i=0;i<b.length;i+=28)s.add(b[i]+","+b[i+1]+","+b[i+2]);return s.size})()
PASS Cloud atlas: 14 editable nodes, 16 links, 14 evaluated nodes, 506 sampled colors, 213.4ms
agent-browser --session fieldwork click #galleryNav
agent-browser --session fieldwork --json eval window.studio.diagnostics().renders
agent-browser --session fieldwork click [data-preset="lava"]
agent-browser --session fieldwork wait --fn window.studio.diagnostics().renders>35 && window.studio.diagnostics().status === "valid"
agent-browser --session fieldwork --json eval window.studio.state
agent-browser --session fieldwork --json eval window.studio.diagnostics()
agent-browser --session fieldwork --json eval (()=>{const c=document.querySelector("#previewCanvas"),b=c.getContext("2d").getImageData(0,0,c.width,c.height).data,s=new Set();for(let i=0;i<b.length;i+=28)s.add(b[i]+","+b[i+1]+","+b[i+2]);return s.size})()
PASS Molten core: 14 editable nodes, 16 links, 14 evaluated nodes, 1479 sampled colors, 192.9ms
agent-browser --session fieldwork click #galleryNav
agent-browser --session fieldwork --json eval window.studio.diagnostics().renders
agent-browser --session fieldwork click [data-preset="circuit"]
agent-browser --session fieldwork wait --fn window.studio.diagnostics().renders>39 && window.studio.diagnostics().status === "valid"
agent-browser --session fieldwork --json eval window.studio.state
agent-browser --session fieldwork --json eval window.studio.diagnostics()
agent-browser --session fieldwork --json eval (()=>{const c=document.querySelector("#previewCanvas"),b=c.getContext("2d").getImageData(0,0,c.width,c.height).data,s=new Set();for(let i=0;i<b.length;i+=28)s.add(b[i]+","+b[i+1]+","+b[i+2]);return s.size})()
PASS Micro architecture: 21 editable nodes, 26 links, 17 evaluated nodes, 650 sampled colors, 15.9ms
agent-browser --session fieldwork click #galleryNav
agent-browser --session fieldwork --json eval window.studio.diagnostics().renders
agent-browser --session fieldwork click [data-preset="cells"]
agent-browser --session fieldwork wait --fn window.studio.diagnostics().renders>41 && window.studio.diagnostics().status === "valid"
agent-browser --session fieldwork --json eval window.studio.state
agent-browser --session fieldwork --json eval window.studio.diagnostics()
agent-browser --session fieldwork --json eval (()=>{const c=document.querySelector("#previewCanvas"),b=c.getContext("2d").getImageData(0,0,c.width,c.height).data,s=new Set();for(let i=0;i<b.length;i+=28)s.add(b[i]+","+b[i+1]+","+b[i+2]);return s.size})()
PASS Cellular bloom: 14 editable nodes, 16 links, 14 evaluated nodes, 5107 sampled colors, 197.6ms
agent-browser --session fieldwork click #galleryNav
agent-browser --session fieldwork --json eval window.studio.diagnostics().renders
agent-browser --session fieldwork click [data-preset="tunnel"]
agent-browser --session fieldwork wait --fn window.studio.diagnostics().renders>45 && window.studio.diagnostics().status === "valid"
agent-browser --session fieldwork --json eval window.studio.state
agent-browser --session fieldwork --json eval window.studio.diagnostics()
agent-browser --session fieldwork --json eval (()=>{const c=document.querySelector("#previewCanvas"),b=c.getContext("2d").getImageData(0,0,c.width,c.height).data,s=new Set();for(let i=0;i<b.length;i+=28)s.add(b[i]+","+b[i+1]+","+b[i+2]);return s.size})()
PASS After hours: 13 editable nodes, 15 links, 13 evaluated nodes, 3730 sampled colors, 164.9ms
agent-browser --session fieldwork click #galleryNav
agent-browser --session fieldwork --json eval window.studio.diagnostics().renders
agent-browser --session fieldwork click [data-preset="terrain"]
agent-browser --session fieldwork wait --fn window.studio.diagnostics().renders>49 && window.studio.diagnostics().status === "valid"
agent-browser --session fieldwork --json eval window.studio.state
agent-browser --session fieldwork --json eval window.studio.diagnostics()
agent-browser --session fieldwork --json eval (()=>{const c=document.querySelector("#previewCanvas"),b=c.getContext("2d").getImageData(0,0,c.width,c.height).data,s=new Set();for(let i=0;i<b.length;i+=28)s.add(b[i]+","+b[i+1]+","+b[i+2]);return s.size})()
PASS Contour island: 24 editable nodes, 29 links, 23 evaluated nodes, 4879 sampled colors, 240.0ms
agent-browser --session fieldwork screenshot evidence/screenshots/21-terrain-complex-preset.png
agent-browser --session fieldwork click #node-15 .node-head
agent-browser --session fieldwork click #inspectPreview
agent-browser --session fieldwork wait --fn window.studio.state.previewTarget===15 && window.studio.diagnostics().status==='valid'
agent-browser --session fieldwork screenshot evidence/screenshots/22-terrain-normal-node.png
agent-browser --session fieldwork click #inspectPreview
agent-browser --session fieldwork click #galleryNav
agent-browser --session fieldwork --json eval window.studio.diagnostics().renders
agent-browser --session fieldwork click [data-preset="plasma"]
agent-browser --session fieldwork wait --fn window.studio.diagnostics().renders>55 && window.studio.diagnostics().status === "valid"
agent-browser --session fieldwork --json eval window.studio.state
agent-browser --session fieldwork --json eval window.studio.diagnostics()
agent-browser --session fieldwork --json eval (()=>{const c=document.querySelector("#previewCanvas"),b=c.getContext("2d").getImageData(0,0,c.width,c.height).data,s=new Set();for(let i=0;i<b.length;i+=28)s.add(b[i]+","+b[i+1]+","+b[i+2]);return s.size})()
PASS Chromatic plasma: 15 editable nodes, 19 links, 15 evaluated nodes, 585 sampled colors, 51.4ms
agent-browser --session fieldwork click #galleryNav
agent-browser --session fieldwork --json eval window.studio.diagnostics().renders
agent-browser --session fieldwork click [data-preset="poster"]
agent-browser --session fieldwork wait --fn window.studio.diagnostics().renders>57 && window.studio.diagnostics().status === "valid"
agent-browser --session fieldwork --json eval window.studio.state
agent-browser --session fieldwork --json eval window.studio.diagnostics()
agent-browser --session fieldwork --json eval (()=>{const c=document.querySelector("#previewCanvas"),b=c.getContext("2d").getImageData(0,0,c.width,c.height).data,s=new Set();for(let i=0;i<b.length;i+=28)s.add(b[i]+","+b[i+1]+","+b[i+2]);return s.size})()
PASS Orbital specimen: 20 editable nodes, 24 links, 15 evaluated nodes, 585 sampled colors, 47.2ms