agent-browser --session fieldwork --json eval window.studio.diagnostics().renders
agent-browser --session fieldwork select #diagnosticView red
agent-browser --session fieldwork wait --fn window.studio.diagnostics().renders>3
agent-browser --session fieldwork --json eval window.studio.diagnostics()
agent-browser --session fieldwork --json eval (()=>{const c=document.querySelector('#previewCanvas'),b=c.getContext('2d').getImageData(0,0,c.width,c.height).data;for(let i=0;i<b.length;i+=4)if(b[i]!==b[i+1]||b[i]!==b[i+2])return false;return true})()
PASS diagnostic red
agent-browser --session fieldwork --json eval window.studio.diagnostics().renders
agent-browser --session fieldwork select #diagnosticView green
agent-browser --session fieldwork wait --fn window.studio.diagnostics().renders>4
agent-browser --session fieldwork --json eval window.studio.diagnostics()
agent-browser --session fieldwork --json eval (()=>{const c=document.querySelector('#previewCanvas'),b=c.getContext('2d').getImageData(0,0,c.width,c.height).data;for(let i=0;i<b.length;i+=4)if(b[i]!==b[i+1]||b[i]!==b[i+2])return false;return true})()
PASS diagnostic green
agent-browser --session fieldwork --json eval window.studio.diagnostics().renders
agent-browser --session fieldwork select #diagnosticView blue
agent-browser --session fieldwork wait --fn window.studio.diagnostics().renders>5
agent-browser --session fieldwork --json eval window.studio.diagnostics()
agent-browser --session fieldwork --json eval (()=>{const c=document.querySelector('#previewCanvas'),b=c.getContext('2d').getImageData(0,0,c.width,c.height).data;for(let i=0;i<b.length;i+=4)if(b[i]!==b[i+1]||b[i]!==b[i+2])return false;return true})()
PASS diagnostic blue
agent-browser --session fieldwork --json eval window.studio.diagnostics().renders
agent-browser --session fieldwork select #diagnosticView alpha
agent-browser --session fieldwork wait --fn window.studio.diagnostics().renders>6
agent-browser --session fieldwork --json eval window.studio.diagnostics()
agent-browser --session fieldwork --json eval (()=>{const c=document.querySelector('#previewCanvas'),b=c.getContext('2d').getImageData(0,0,c.width,c.height).data;for(let i=0;i<b.length;i+=4)if(b[i]!==b[i+1]||b[i]!==b[i+2])return false;return true})()
PASS diagnostic alpha
agent-browser --session fieldwork --json eval window.studio.diagnostics().renders
agent-browser --session fieldwork select #diagnosticView luma
agent-browser --session fieldwork wait --fn window.studio.diagnostics().renders>7
agent-browser --session fieldwork --json eval window.studio.diagnostics()
agent-browser --session fieldwork --json eval (()=>{const c=document.querySelector('#previewCanvas'),b=c.getContext('2d').getImageData(0,0,c.width,c.height).data;for(let i=0;i<b.length;i+=4)if(b[i]!==b[i+1]||b[i]!==b[i+2])return false;return true})()
PASS diagnostic luma
agent-browser --session fieldwork --json eval window.studio.diagnostics().renders
agent-browser --session fieldwork select #diagnosticView normal
agent-browser --session fieldwork wait --fn window.studio.diagnostics().renders>8
agent-browser --session fieldwork --json eval window.studio.diagnostics()
PASS diagnostic normal
agent-browser --session fieldwork --json eval window.studio.diagnostics().renders
agent-browser --session fieldwork select #diagnosticView contribution
agent-browser --session fieldwork wait --fn window.studio.diagnostics().renders>9
agent-browser --session fieldwork --json eval window.studio.diagnostics()
PASS diagnostic contribution
agent-browser --session fieldwork --json eval window.studio.diagnostics().renders
agent-browser --session fieldwork select #diagnosticView range
agent-browser --session fieldwork wait --fn window.studio.diagnostics().renders>10
agent-browser --session fieldwork --json eval window.studio.diagnostics()
PASS diagnostic range
agent-browser --session fieldwork --json eval window.studio.diagnostics().renders
agent-browser --session fieldwork select #diagnosticView invalid
agent-browser --session fieldwork wait --fn window.studio.diagnostics().renders>11
agent-browser --session fieldwork --json eval window.studio.diagnostics()
PASS diagnostic invalid
agent-browser --session fieldwork --json eval window.studio.diagnostics().renders
agent-browser --session fieldwork select #diagnosticView timing
agent-browser --session fieldwork wait --fn window.studio.diagnostics().renders>12
agent-browser --session fieldwork --json eval window.studio.diagnostics()
PASS diagnostic timing
agent-browser --session fieldwork --json eval window.studio.diagnostics().renders
agent-browser --session fieldwork select #diagnosticView cache
agent-browser --session fieldwork wait --fn window.studio.diagnostics().renders>13
agent-browser --session fieldwork --json eval window.studio.diagnostics()
PASS diagnostic cache
agent-browser --session fieldwork --json eval window.studio.diagnostics().renders
agent-browser --session fieldwork select #diagnosticView resolution
agent-browser --session fieldwork wait --fn window.studio.diagnostics().renders>14
agent-browser --session fieldwork --json eval window.studio.diagnostics()
PASS diagnostic resolution
agent-browser --session fieldwork screenshot evidence/screenshots/17-resolution-diagnostic.png
agent-browser --session fieldwork --json eval window.studio.diagnostics().renders
agent-browser --session fieldwork select #diagnosticView final
agent-browser --session fieldwork wait --fn window.studio.diagnostics().renders>15
agent-browser --session fieldwork click #node-5 .node-head
agent-browser --session fieldwork --json eval window.studio.diagnostics().renders
agent-browser --session fieldwork click #inspectPreview
agent-browser --session fieldwork wait --fn window.studio.diagnostics().renders>16
agent-browser --session fieldwork --json eval window.studio.state.previewTarget
PASS intermediate Fractal Noise preview is compiled from node 5
agent-browser --session fieldwork screenshot evidence/screenshots/18-intermediate-noise.png
agent-browser --session fieldwork --json eval window.studio.diagnostics().renders
agent-browser --session fieldwork click #inspectPreview
agent-browser --session fieldwork wait --fn window.studio.diagnostics().renders>17
agent-browser --session fieldwork --json eval window.studio.diagnostics().renders
agent-browser --session fieldwork click #tilePreview
agent-browser --session fieldwork wait --fn window.studio.diagnostics().renders>18
agent-browser --session fieldwork --json eval document.querySelector("#previewCanvas").width
PASS tiling makes 3x3 copies of 256px output
agent-browser --session fieldwork --json eval window.studio.diagnostics().renders
agent-browser --session fieldwork click #tilePreview
agent-browser --session fieldwork wait --fn window.studio.diagnostics().renders>19
agent-browser --session fieldwork click #freeze
agent-browser --session fieldwork --json eval (()=>{const c=document.querySelector('#referenceCanvas'),b=c.getContext('2d').getImageData(0,0,c.width,c.height).data;let h=0;for(let i=0;i<b.length;i++)h=Math.imul(h^b[i],16777619);return [c.width,h>>>0]})()
agent-browser --session fieldwork click #node-100 .node-head
agent-browser --session fieldwork click [data-inspector="node"]
agent-browser --session fieldwork --json eval (()=>{const c=document.querySelector('#previewCanvas'),b=c.getContext('2d').getImageData(0,0,c.width,c.height).data;let h=0;for(let i=0;i<b.length;i++)h=Math.imul(h^b[i],16777619);return [c.width,h>>>0]})()
agent-browser --session fieldwork --json eval window.studio.diagnostics().renders
agent-browser --session fieldwork fill #param-value .5
agent-browser --session fieldwork press Tab
agent-browser --session fieldwork wait --fn window.studio.diagnostics().renders>20
agent-browser --session fieldwork --json eval (()=>{const c=document.querySelector('#referenceCanvas'),b=c.getContext('2d').getImageData(0,0,c.width,c.height).data;let h=0;for(let i=0;i<b.length;i++)h=Math.imul(h^b[i],16777619);return [c.width,h>>>0]})()
agent-browser --session fieldwork --json eval (()=>{const c=document.querySelector('#previewCanvas'),b=c.getContext('2d').getImageData(0,0,c.width,c.height).data;let h=0;for(let i=0;i<b.length;i++)h=Math.imul(h^b[i],16777619);return [c.width,h>>>0]})()
PASS frozen reference remains unchanged while the evaluated live graph changes
agent-browser --session fieldwork screenshot evidence/screenshots/19-frozen-comparison.png
agent-browser --session fieldwork click #freeze
agent-browser --session fieldwork --json eval document.querySelector("#previewZoom").textContent
agent-browser --session fieldwork mouse move 1060 250
agent-browser --session fieldwork mouse down
agent-browser --session fieldwork mouse move 1080 267
agent-browser --session fieldwork mouse up
agent-browser --session fieldwork click #fitPreview
agent-browser --session fieldwork --json eval document.querySelector("#previewZoom").textContent
agent-browser --session fieldwork mouse move 1070 250
agent-browser --session fieldwork --json eval document.querySelector("#pixelReadout").textContent
PASS preview pointer pan, fit and pixel inspector
agent-browser --session fieldwork click #node-5 [data-collapse]
agent-browser --session fieldwork --json eval window.studio.state.project.graph.nodes.find(n=>n.id===5).collapsed
agent-browser --session fieldwork click #node-5 [data-collapse]
agent-browser --session fieldwork --json eval window.studio.state.project.graph.nodes.find(n=>n.id===5).collapsed
PASS node collapse and expand retain graph connections
agent-browser --session fieldwork --json eval window.studio.state.project.graph.frames
PASS grouped frame persisted through JSON reload