agent-browser --session fieldwork click #addNode
agent-browser --session fieldwork fill #commandSearch Constant
agent-browser --session fieldwork click [data-command="0"]
agent-browser --session fieldwork click #galleryNav
agent-browser --session fieldwork click [data-preset="neon"]
agent-browser --session fieldwork focus #graphStage
agent-browser --session fieldwork press Control+z
agent-browser --session fieldwork click #addNode
agent-browser --session fieldwork fill #commandSearch Constant
agent-browser --session fieldwork click [data-command="0"]
agent-browser --session fieldwork --json eval window.studio.state.project.graph.nodes.map(n=>n.id)
FAIL AssertionError [ERR_ASSERTION]: Restored graphs must allocate unique IDs
    at Object.<anonymous> (/home/pyro/projects/naked/sol61/19-node-graphics-studio/evidence/browser-review-regressions.cjs:2:429)
    at Module._compile (node:internal/modules/cjs/loader:1829:14)
    at Object..js (node:internal/modules/cjs/loader:1969:10)
    at Module.load (node:internal/modules/cjs/loader:1552:32)
    at Module._load (node:internal/modules/cjs/loader:1354:12)
    at wrapModuleLoad (node:internal/modules/cjs/loader:255:19)
    at Module.executeUserEntryPoint [as runMain] (node:internal/modules/run_main:154:5)
    at node:internal/main/run_main_module:33:47