$ agent-browser --session strata eval --stdin
{
  "canvasSize": [
    769,
    539
  ],
  "change": 0.018142473689901333,
  "deposited": 1.9324807405532896,
  "devicePixelRatio": 1,
  "eroded": 10.42169361033338,
  "fps": 36.92875827050349,
  "geometryRevision": 159,
  "glError": 0,
  "heightChecksum": 40534.54533529205,
  "limited": 5595,
  "maxSpeed": 16.041660749960318,
  "maxWater": 0.6565017700195312,
  "mode": "Water depth",
  "n": 96,
  "paused": true,
  "recoveries": 0,
  "renderScale": 0.77175,
  "sediment": 8.489212704026142,
  "sedimentChecksum": 196.7088325520504,
  "seed": 90210,
  "simCost": 4.5999999940395355,
  "steps": 222,
  "time": 1.1166000000000018,
  "tool": "water",
  "water": 16.90070871922514,
  "waterChecksum": 393.1907810193639,
  "workLimited": false
}

$ agent-browser --session strata select #mode 0
✓ Done

$ agent-browser --session strata click #home
✓ Done

$ agent-browser --session strata find role button click --name Add water --exact
✓ Done

$ agent-browser --session strata focus #radius
✓ Done

$ agent-browser --session strata press Home
✓ Done

$ agent-browser --session strata focus #strength
✓ Done

$ agent-browser --session strata press Home
✓ Done

$ agent-browser --session strata eval --stdin
{
  "x": 733.0094104040636,
  "y": 401.0189710639869
}

$ agent-browser --session strata eval --stdin
{
  "canvasSize": [
    769,
    539
  ],
  "change": 0.018142473689901333,
  "deposited": 1.9324807405532896,
  "devicePixelRatio": 1,
  "eroded": 10.42169361033338,
  "fps": 25.264487604610657,
  "geometryRevision": 160,
  "glError": 0,
  "heightChecksum": 40534.54533529205,
  "limited": 5595,
  "maxSpeed": 16.041660749960318,
  "maxWater": 0.6565017700195312,
  "mode": "Shaded terrain",
  "n": 96,
  "paused": true,
  "recoveries": 0,
  "renderScale": 0.77175,
  "sediment": 8.489212704026142,
  "sedimentChecksum": 196.7088325520504,
  "seed": 90210,
  "simCost": 4.5999999940395355,
  "steps": 222,
  "time": 1.1166000000000018,
  "tool": "water",
  "water": 16.90070871922514,
  "waterChecksum": 393.1907810193639,
  "workLimited": false
}

$ agent-browser --session strata eval --stdin
{
  "distance": 43,
  "phi": 0.83,
  "target": [
    0,
    1.2,
    0
  ],
  "theta": 0.68
}

$ agent-browser --session strata mouse move 733 401
✓ Done

$ agent-browser --session strata mouse down
✓ Done

$ agent-browser --session strata eval --stdin
{
  "canvasSize": [
    769,
    539
  ],
  "change": 0.018142473689901333,
  "deposited": 1.9324807405532896,
  "devicePixelRatio": 1,
  "eroded": 10.42169361033338,
  "fps": 26.666666666666668,
  "geometryRevision": 168,
  "glError": 0,
  "heightChecksum": 40534.54533529205,
  "limited": 5595,
  "maxSpeed": 16.041660749960318,
  "maxWater": 0.6565017700195312,
  "mode": "Shaded terrain",
  "n": 96,
  "paused": true,
  "recoveries": 0,
  "renderScale": 0.77175,
  "sediment": 8.489212704026142,
  "sedimentChecksum": 196.7088325520504,
  "seed": 90210,
  "simCost": 4.5999999940395355,
  "steps": 222,
  "time": 1.1166000000000018,
  "tool": "water",
  "water": 16.906519613755375,
  "waterChecksum": 393.3492834014475,
  "workLimited": false
}

$ agent-browser --session strata focus #radius
✓ Done

$ agent-browser --session strata press End
✓ Done

$ agent-browser --session strata focus #strength
✓ Done

$ agent-browser --session strata press End
✓ Done

$ agent-browser --session strata eval --stdin
{
  "canvasSize": [
    769,
    539
  ],
  "change": 0.018142473689901333,
  "deposited": 1.9324807405532896,
  "devicePixelRatio": 1,
  "eroded": 10.42169361033338,
  "fps": 24.326954265325753,
  "geometryRevision": 188,
  "glError": 0,
  "heightChecksum": 40534.54533529205,
  "limited": 5595,
  "maxSpeed": 16.041660749960318,
  "maxWater": 2.869518518447876,
  "mode": "Shaded terrain",
  "n": 96,
  "paused": true,
  "recoveries": 0,
  "renderScale": 0.77175,
  "sediment": 8.489212704026142,
  "sedimentChecksum": 196.7088325520504,
  "seed": 90210,
  "simCost": 4.5999999940395355,
  "steps": 222,
  "time": 1.1166000000000018,
  "tool": "water",
  "water": 59.53703623488547,
  "waterChecksum": 1392.924007815944,
  "workLimited": false
}

$ agent-browser --session strata mouse up
✓ Done

$ agent-browser --session strata eval --stdin
{
  "distance": 43,
  "phi": 0.83,
  "target": [
    0,
    1.2,
    0
  ],
  "theta": 0.68
}

$ agent-browser --session strata eval --stdin
{
  "x": 750.8807177096032,
  "y": 393.34955748669665
}

$ agent-browser --session strata eval --stdin
{
  "canvasSize": [
    769,
    539
  ],
  "change": 0.018142473689901333,
  "deposited": 1.9324807405532896,
  "devicePixelRatio": 1,
  "eroded": 10.42169361033338,
  "fps": 24.326954265325753,
  "geometryRevision": 190,
  "glError": 0,
  "heightChecksum": 40534.54533529205,
  "limited": 5595,
  "maxSpeed": 16.041660749960318,
  "maxWater": 3.2173821926116943,
  "mode": "Shaded terrain",
  "n": 96,
  "paused": true,
  "recoveries": 0,
  "renderScale": 0.77175,
  "sediment": 8.489212704026142,
  "sedimentChecksum": 196.7088325520504,
  "seed": 90210,
  "simCost": 4.5999999940395355,
  "steps": 222,
  "time": 1.1166000000000018,
  "tool": "water",
  "water": 65.56276551799691,
  "waterChecksum": 1534.2099768747855,
  "workLimited": false
}

$ agent-browser --session strata eval --stdin
{
  "distance": 43,
  "phi": 0.83,
  "target": [
    0,
    1.2,
    0
  ],
  "theta": 0.68
}

$ agent-browser --session strata focus #viewport
✓ Done

$ agent-browser --session strata press Alt
✓ Done

$ agent-browser --session strata mouse move 751 393
✓ Done

$ agent-browser --session strata mouse down right
✓ Done

$ agent-browser --session strata mouse move 786 413
✓ Done

$ agent-browser --session strata mouse up right
✓ Done

$ agent-browser --session strata eval --stdin
{
  "canvasSize": [
    769,
    539
  ],
  "change": 0.018142473689901333,
  "deposited": 1.9324807405532896,
  "devicePixelRatio": 1,
  "eroded": 10.42169361033338,
  "fps": 25.944543538187247,
  "geometryRevision": 190,
  "glError": 0,
  "heightChecksum": 40534.54533529205,
  "limited": 5595,
  "maxSpeed": 16.041660749960318,
  "maxWater": 3.2173821926116943,
  "mode": "Shaded terrain",
  "n": 96,
  "paused": true,
  "recoveries": 0,
  "renderScale": 0.77175,
  "sediment": 8.489212704026142,
  "sedimentChecksum": 196.7088325520504,
  "seed": 90210,
  "simCost": 4.5999999940395355,
  "steps": 222,
  "time": 1.1166000000000018,
  "tool": "water",
  "water": 65.56276551799691,
  "waterChecksum": 1534.2099768747855,
  "workLimited": false
}

$ agent-browser --session strata eval --stdin
{
  "canvasSize": [
    769,
    539
  ],
  "change": 0.018142473689901333,
  "deposited": 1.9324807405532896,
  "devicePixelRatio": 1,
  "eroded": 10.42169361033338,
  "fps": 25.944543538187247,
  "geometryRevision": 190,
  "glError": 0,
  "heightChecksum": 40534.54533529205,
  "limited": 5595,
  "maxSpeed": 16.041660749960318,
  "maxWater": 3.2173821926116943,
  "mode": "Shaded terrain",
  "n": 96,
  "paused": true,
  "recoveries": 0,
  "renderScale": 0.77175,
  "sediment": 8.489212704026142,
  "sedimentChecksum": 196.7088325520504,
  "seed": 90210,
  "simCost": 4.5999999940395355,
  "steps": 222,
  "time": 1.1166000000000018,
  "tool": "water",
  "water": 65.56276551799691,
  "waterChecksum": 1534.2099768747855,
  "workLimited": false
}

$ agent-browser --session strata eval --stdin
{
  "distance": 43,
  "phi": 0.83,
  "target": [
    -0.9442274115963952,
    1.2,
    2.4225690589103896
  ],
  "theta": 0.68
}

$ agent-browser --session strata click #home
✓ Done

$ agent-browser --session strata click #reset
✓ Done

$ agent-browser --session strata click #step
✓ Done

$ agent-browser --session strata eval --stdin
{
  "canvasSize": [
    769,
    539
  ],
  "change": 0.002164808218367398,
  "deposited": 0,
  "devicePixelRatio": 1,
  "eroded": 1.273318922513144,
  "fps": 25.948751216347468,
  "geometryRevision": 193,
  "glError": 0,
  "heightChecksum": 40702.5462344364,
  "limited": 3158,
  "maxSpeed": 7.647452392527314,
  "maxWater": 0.06883435696363449,
  "mode": "Shaded terrain",
  "n": 96,
  "paused": true,
  "recoveries": 0,
  "renderScale": 0.77175,
  "sediment": 1.2733189237658131,
  "sedimentChecksum": 29.78207953214992,
  "seed": 90210,
  "simCost": 4.5999999940395355,
  "steps": 1,
  "time": 0.025,
  "tool": "water",
  "water": 6.597320779756001,
  "waterChecksum": 154.09948588826612,
  "workLimited": false
}

$ agent-browser --session strata eval --stdin
{
  "canvasSize": [
    769,
    539
  ],
  "change": 0.002164808218367398,
  "deposited": 0,
  "devicePixelRatio": 1,
  "eroded": 1.273318922513144,
  "fps": 25.948751216347468,
  "geometryRevision": 193,
  "glError": 0,
  "heightChecksum": 40702.5462344364,
  "limited": 3158,
  "maxSpeed": 7.647452392527314,
  "maxWater": 0.06883435696363449,
  "mode": "Shaded terrain",
  "n": 96,
  "paused": true,
  "recoveries": 0,
  "renderScale": 0.77175,
  "sediment": 1.2733189237658131,
  "sedimentChecksum": 29.78207953214992,
  "seed": 90210,
  "simCost": 4.5999999940395355,
  "steps": 1,
  "time": 0.025,
  "tool": "water",
  "water": 6.597320779756001,
  "waterChecksum": 154.09948588826612,
  "workLimited": false
}

$ agent-browser --session strata eval --stdin
{
  "canvasSize": [
    769,
    539
  ],
  "change": 0.002164808218367398,
  "deposited": 0,
  "devicePixelRatio": 1,
  "eroded": 1.273318922513144,
  "fps": 20.998950052497467,
  "geometryRevision": 193,
  "glError": 0,
  "heightChecksum": 40702.5462344364,
  "limited": 3158,
  "maxSpeed": 7.647452392527314,
  "maxWater": 0.06883435696363449,
  "mode": "Shaded terrain",
  "n": 96,
  "paused": true,
  "recoveries": 0,
  "renderScale": 0.77175,
  "sediment": 1.2733189237658131,
  "sedimentChecksum": 29.78207953214992,
  "seed": 90210,
  "simCost": 4.5999999940395355,
  "steps": 1,
  "time": 0.025,
  "tool": "water",
  "water": 6.597320779756001,
  "waterChecksum": 154.09948588826612,
  "workLimited": false
}

$ agent-browser --session strata click #pause
✓ Done

$ agent-browser --session strata select #resolution 192
✓ Done

$ agent-browser --session strata select #substeps 12
✓ Done

$ agent-browser --session strata focus #speed
✓ Done

$ agent-browser --session strata press End
✓ Done

$ agent-browser --session strata wait --fn window.strata.diagnostics().time > 1
true

$ agent-browser --session strata click #pause
✓ Done

$ agent-browser --session strata eval --stdin
{
  "canvasSize": [
    697,
    489
  ],
  "change": 0.02418540029288528,
  "deposited": 3.0450855016452385,
  "devicePixelRatio": 1,
  "eroded": 13.863200179995385,
  "fps": 9.232189567625664,
  "geometryRevision": 216,
  "glError": 0,
  "heightChecksum": 162387.99113722896,
  "limited": 23624,
  "maxSpeed": 6.46123614710365,
  "maxWater": 0.42738038301467896,
  "mode": "Shaded terrain",
  "n": 192,
  "paused": true,
  "recoveries": 0,
  "renderScale": 0.7,
  "sediment": 10.81811444191166,
  "sedimentChecksum": 1025.476713579284,
  "seed": 90210,
  "simCost": 13,
  "steps": 90,
  "time": 1.292129629629628,
  "tool": "water",
  "water": 15.10879165616278,
  "waterChecksum": 1431.5263259363564,
  "workLimited": true
}

$ agent-browser --session strata select #resolution 96
✓ Done

$ agent-browser --session strata eval --stdin
{
  "canvasSize": [
    697,
    489
  ],
  "change": 0.02412083817115571,
  "deposited": 3.045085501645238,
  "devicePixelRatio": 1,
  "eroded": 13.863200179995385,
  "fps": 9.232189567625664,
  "geometryRevision": 217,
  "glError": 0,
  "heightChecksum": 40472.49446131503,
  "limited": 0,
  "maxSpeed": 5.775356568601115,
  "maxWater": 0.3581758141517639,
  "mode": "Shaded terrain",
  "n": 96,
  "paused": true,
  "recoveries": 0,
  "renderScale": 0.7,
  "sediment": 10.818114428309858,
  "sedimentChecksum": 251.55596826801408,
  "seed": 90210,
  "simCost": 13,
  "steps": 90,
  "time": 1.292129629629628,
  "tool": "water",
  "water": 15.10879167969754,
  "waterChecksum": 352.4734236312357,
  "workLimited": true
}

$ agent-browser --session strata eval --stdin
{
  "canvasSize": [
    697,
    489
  ],
  "change": 0.02412083817115571,
  "deposited": 3.045085501645238,
  "devicePixelRatio": 1,
  "eroded": 13.863200179995385,
  "fps": 9.232189567625664,
  "geometryRevision": 217,
  "glError": 0,
  "heightChecksum": 40472.49446131503,
  "limited": 0,
  "maxSpeed": 5.775356568601115,
  "maxWater": 0.3581758141517639,
  "mode": "Shaded terrain",
  "n": 96,
  "paused": true,
  "recoveries": 0,
  "renderScale": 0.7,
  "sediment": 10.818114428309858,
  "sedimentChecksum": 251.55596826801408,
  "seed": 90210,
  "simCost": 13,
  "steps": 90,
  "time": 1.292129629629628,
  "tool": "water",
  "water": 15.10879167969754,
  "waterChecksum": 352.4734236312357,
  "workLimited": true
}

$ agent-browser --session strata eval --stdin
{
  "canvasSize": [
    697,
    489
  ],
  "change": 0.02412083817115571,
  "deposited": 3.045085501645238,
  "devicePixelRatio": 1,
  "eroded": 13.863200179995385,
  "fps": 9.232189567625664,
  "geometryRevision": 217,
  "glError": 0,
  "heightChecksum": 40472.49446131503,
  "limited": 0,
  "maxSpeed": 5.775356568601115,
  "maxWater": 0.3581758141517639,
  "mode": "Shaded terrain",
  "n": 96,
  "paused": true,
  "recoveries": 0,
  "renderScale": 0.7,
  "sediment": 10.818114428309858,
  "sedimentChecksum": 251.55596826801408,
  "seed": 90210,
  "simCost": 13,
  "steps": 90,
  "time": 1.292129629629628,
  "tool": "water",
  "water": 15.10879167969754,
  "waterChecksum": 352.4734236312357,
  "workLimited": true
}

$ agent-browser --session strata screenshot /home/pyro/projects/naked/sol61/02-hydraulic-erosion/evidence/screenshots/max-resolution-regression.png
✓ Screenshot saved to /home/pyro/projects/naked/sol61/02-hydraulic-erosion/evidence/screenshots/max-resolution-regression.png

$ agent-browser --session strata console

$ agent-browser --session strata errors

