PASS seeded terrain is reproducible and seed changes geometry
PASS water and sediment move downhill with conserved closed-basin mass
PASS water pools in a depression and never spontaneously climbs a dry ridge
PASS dry terrain remains unchanged without rain or thermal erosion
PASS moving water erodes actual terrain and conserves rock plus suspended material
PASS evaporation removes water while leaving deposited or suspended sediment conserved
PASS thermal erosion redistributes bed mass without creating material
PASS continuous brush edits and injected water change meaningful fields
PASS JSON round trip continues the same deterministic simulation
PASS malformed JSON state is rejected rather than accepted partially
PASS aggressive bounded settings remain finite and nonnegative
FAIL thin-film flow does not reverse deposition or invalidate its exported state
AssertionError [ERR_ASSERTION]: The expression evaluated to a falsy value:

  assert.ok(m.deposited>=0)

    at /home/pyro/projects/naked/sol61/02-hydraulic-erosion/evidence/tests/solver.test.cjs:25:176
    at test (/home/pyro/projects/naked/sol61/02-hydraulic-erosion/evidence/tests/solver.test.cjs:11:29)
    at Object.<anonymous> (/home/pyro/projects/naked/sol61/02-hydraulic-erosion/evidence/tests/solver.test.cjs:25:1)
    at Module._compile (node:internal/modules/cjs/loader:1829:14)
    at Object..js (node:internal/modules/cjs/loader:1969:10)
    at Module.load (node:internal/modules/cjs/loader:1552:32)
    at Module._load (node:internal/modules/cjs/loader:1354:12)
    at wrapModuleLoad (node:internal/modules/cjs/loader:255:19)
    at Module.executeUserEntryPoint [as runMain] (node:internal/modules/run_main:154:5)
    at node:internal/main/run_main_module:33:47
FAIL dry brush preserves sediment and importability at the height ceiling
AssertionError [ERR_ASSERTION]: The expression evaluated to a falsy value:

  assert.ok(m.h[i]<=12)

    at /home/pyro/projects/naked/sol61/02-hydraulic-erosion/evidence/tests/solver.test.cjs:26:213
    at test (/home/pyro/projects/naked/sol61/02-hydraulic-erosion/evidence/tests/solver.test.cjs:11:29)
    at Object.<anonymous> (/home/pyro/projects/naked/sol61/02-hydraulic-erosion/evidence/tests/solver.test.cjs:26:1)
    at Module._compile (node:internal/modules/cjs/loader:1829:14)
    at Object..js (node:internal/modules/cjs/loader:1969:10)
    at Module.load (node:internal/modules/cjs/loader:1552:32)
    at Module._load (node:internal/modules/cjs/loader:1354:12)
    at wrapModuleLoad (node:internal/modules/cjs/loader:255:19)
    at Module.executeUserEntryPoint [as runMain] (node:internal/modules/run_main:154:5)
    at node:internal/main/run_main_module:33:47
FAIL deposition at the height ceiling keeps excess material suspended
AssertionError [ERR_ASSERTION]: Expected values to be strictly equal:

1 !== 0

    at /home/pyro/projects/naked/sol61/02-hydraulic-erosion/evidence/tests/solver.test.cjs:27:240
    at test (/home/pyro/projects/naked/sol61/02-hydraulic-erosion/evidence/tests/solver.test.cjs:11:29)
    at Object.<anonymous> (/home/pyro/projects/naked/sol61/02-hydraulic-erosion/evidence/tests/solver.test.cjs:27:1)
    at Module._compile (node:internal/modules/cjs/loader:1829:14)
    at Object..js (node:internal/modules/cjs/loader:1969:10)
    at Module.load (node:internal/modules/cjs/loader:1552:32)
    at Module._load (node:internal/modules/cjs/loader:1354:12)
    at wrapModuleLoad (node:internal/modules/cjs/loader:255:19)
    at Module.executeUserEntryPoint [as runMain] (node:internal/modules/run_main:154:5)
    at node:internal/main/run_main_module:33:47
FAIL resolution downsampling preserves isolated water and sediment pools
TypeError: m.resample is not a function
    at /home/pyro/projects/naked/sol61/02-hydraulic-erosion/evidence/tests/solver.test.cjs:28:223
    at test (/home/pyro/projects/naked/sol61/02-hydraulic-erosion/evidence/tests/solver.test.cjs:11:29)
    at Object.<anonymous> (/home/pyro/projects/naked/sol61/02-hydraulic-erosion/evidence/tests/solver.test.cjs:28:1)
    at Module._compile (node:internal/modules/cjs/loader:1829:14)
    at Object..js (node:internal/modules/cjs/loader:1969:10)
    at Module.load (node:internal/modules/cjs/loader:1552:32)
    at Module._load (node:internal/modules/cjs/loader:1354:12)
    at wrapModuleLoad (node:internal/modules/cjs/loader:255:19)
    at Module.executeUserEntryPoint [as runMain] (node:internal/modules/run_main:154:5)
    at node:internal/main/run_main_module:33:47
11/15 numerical checks passed
