PASS seeded terrain is reproducible and seed changes geometry
FAIL water and sediment move downhill with conserved closed-basin mass
AssertionError [ERR_ASSERTION]: The expression evaluated to a falsy value:

  assert.ok(Math.abs(sum(m.s)-.2)<1e-5)

    at /home/pyro/projects/naked/sol61/02-hydraulic-erosion/evidence/tests/solver.test.cjs:15:283
    at test (/home/pyro/projects/naked/sol61/02-hydraulic-erosion/evidence/tests/solver.test.cjs:11:29)
    at Object.<anonymous> (/home/pyro/projects/naked/sol61/02-hydraulic-erosion/evidence/tests/solver.test.cjs:15:1)
    at Module._compile (node:internal/modules/cjs/loader:1829:14)
    at Object..js (node:internal/modules/cjs/loader:1969:10)
    at Module.load (node:internal/modules/cjs/loader:1552:32)
    at Module._load (node:internal/modules/cjs/loader:1354:12)
    at wrapModuleLoad (node:internal/modules/cjs/loader:255:19)
    at Module.executeUserEntryPoint [as runMain] (node:internal/modules/run_main:154:5)
    at node:internal/main/run_main_module:33:47
PASS water pools in a depression and never spontaneously climbs a dry ridge
PASS dry terrain remains unchanged without rain or thermal erosion
PASS moving water erodes actual terrain and conserves rock plus suspended material
PASS evaporation removes water while leaving deposited or suspended sediment conserved
PASS thermal erosion redistributes bed mass without creating material
PASS continuous brush edits and injected water change meaningful fields
PASS JSON round trip continues the same deterministic simulation
PASS malformed JSON state is rejected rather than accepted partially
PASS aggressive bounded settings remain finite and nonnegative
10/11 numerical checks passed
