== A. load at 1280x800
  PASS  page title  [Falling-Sand Alchemy Sandbox]
  PASS  no console errors  [clean]
  PASS  sim is running  [{"w":319,"h":251,"cells":35981,"activeChunks":149,"avgTemp":113.53,"rxn":1,"step":121,"paused":false,"fps":60,"mode":"Material","tool":"paint","material":"WATER","movers":1941,"hot":3558,"preset":"Volcano & Ocean","params":{"speed":60,"substeps":1,"cellPx":3,"gdir":0,"grav":1,"ambient":24,"heatRate":0.405,"rxnRate":1,"mobility":0.55,"diffusion":0.5,"firePow":1,"blastPow":1,"mode":0}}]
  PASS  frame rate at load  [{"w":319,"h":251,"cells":35981,"activeChunks":149,"avgTemp":113.53,"rxn":1,"step":121,"paused":false,"fps":60,"mode":"Material","tool":"paint","material":"WATER","movers":1941,"hot":3558,"preset":"Volcano & Ocean","params":{"speed":60,"substeps":1,"cellPx":3,"gdir":0,"grav":1,"ambient":24,"heatRate":0.405,"rxnRate":1,"mobility":0.55,"diffusion":0.5,"firePow":1,"blastPow":1,"mode":0}}]

== B. visualisation modes (each must redraw)
  PASS  view mode 0 redraws  [{"mode":"Material","changed":true}]
  PASS  view mode 1 redraws  [{"mode":"Temperature","changed":true}]
  PASS  view mode 2 redraws  [{"mode":"Velocity","changed":true}]
  PASS  view mode 3 redraws  [{"mode":"Density","changed":true}]
  PASS  view mode 4 redraws  [{"mode":"Charge","changed":true}]
  PASS  view mode 5 redraws  [{"mode":"Fuel","changed":true}]
  PASS  view mode 6 redraws  [{"mode":"Reaction","changed":true}]
  PASS  view mode 7 redraws  [{"mode":"Update order","changed":true}]

== C. presets (build, run 140 steps, shoot)
  PASS  preset: Volcano & Ocean  [{"preset":"Volcano & Ocean","cells":35734,"chunks":125}]
  PASS  preset: Burning Building  [{"preset":"Burning Building","cells":12082,"chunks":17}]
  PASS  preset: Electrical Laboratory  [{"preset":"Electrical Laboratory","cells":2713,"chunks":17}]
  PASS  preset: Acid Factory  [{"preset":"Acid Factory","cells":4093,"chunks":17}]
  PASS  preset: Steam Engine  [{"preset":"Steam Engine","cells":7548,"chunks":39}]
  PASS  preset: Frozen Lake  [{"preset":"Frozen Lake","cells":47790,"chunks":183}]
  PASS  preset: Plant Ecosystem  [{"preset":"Plant Ecosystem","cells":24626,"chunks":133}]
  PASS  preset: Fireworks Chain  [{"preset":"Fireworks Chain","cells":5201,"chunks":113}]
  PASS  preset: Dense Stress Test  [{"preset":"Dense Stress Test","cells":36280,"chunks":304}]

== D. tools through real pointer drags (sim paused: only the tool changes the picture)
  PASS  paint drag placed sand  [{"changed":true}]
  PASS  tool erase changed the picture  [{"tool":"paint","changed":true}]
  PASS  tool heat changed the picture  [{"tool":"heat","changed":true}]
  PASS  tool cool changed the picture  [{"tool":"cool","changed":true}]
  PASS  tool wind changed the picture  [{"tool":"wind","changed":true}]
  PASS  tool blast changed the picture  [{"tool":"blast","changed":true}]
  PASS  tool wall changed the picture  [{"tool":"wall","changed":true}]
  PASS  tool fill changed the picture  [{"tool":"paint","changed":true}]
  PASS  eyedropper picked a material  [{"w":319,"h":251,"cells":35734,"activeChunks":149,"avgTemp":93.88,"rxn":1,"step":3985,"paused":true,"fps":46.5,"mode":"Material","tool":"pick","material":"STONE","movers":2133,"hot":2892,"preset":"Volcano & Ocean","params":{"speed":60,"substeps":1,"cellPx":3,"gdir":0,"grav":1,"ambient":24,"heatRate":0.405,"rxnRate":1,"mobility":0.55,"diffusion":0.5,"firePow":1,"blastPow":1,"mode":0}}]

== E. keyboard shortcuts (real key events on the canvas)
  PASS  space pauses  [{"w":319,"h":251,"cells":35827,"activeChunks":149,"avgTemp":103.34,"rxn":1,"step":3985,"paused":true,"fps":52,"mode":"Material","tool":"pick","material":"STONE","movers":2133,"hot":2892,"preset":"Volcano & Ocean","params":{"speed":60,"substeps":1,"cellPx":3,"gdir":0,"grav":1,"ambient":24,"heatRate":0.405,"rxnRate":1,"mobility":0.55,"diffusion":0.5,"firePow":1,"blastPow":1,"mode":0}}]
  PASS  space resumes  [{"w":319,"h":251,"cells":35877,"activeChunks":149,"avgTemp":107.18,"rxn":0,"step":4015,"paused":false,"fps":60,"mode":"Material","tool":"pick","material":"STONE","movers":2214,"hot":3237,"preset":"Volcano & Ocean","params":{"speed":60,"substeps":1,"cellPx":3,"gdir":0,"grav":1,"ambient":24,"heatRate":0.405,"rxnRate":1,"mobility":0.55,"diffusion":0.5,"firePow":1,"blastPow":1,"mode":0}}]
  PASS  digit 3 picks a material  [{"w":319,"h":251,"cells":35892,"activeChunks":108,"avgTemp":111.27,"rxn":1,"step":4039,"paused":false,"fps":60,"mode":"Material","tool":"pick","material":"SOIL","movers":2049,"hot":3453,"preset":"Volcano & Ocean","params":{"speed":60,"substeps":1,"cellPx":3,"gdir":0,"grav":1,"ambient":24,"heatRate":0.405,"rxnRate":1,"mobility":0.55,"diffusion":0.5,"firePow":1,"blastPow":1,"mode":0}}]
  PASS  T selects the heat tool  [{"w":319,"h":251,"cells":35892,"activeChunks":109,"avgTemp":111.27,"rxn":1,"step":4063,"paused":false,"fps":60,"mode":"Material","tool":"heat","material":"SOIL","movers":1872,"hot":3573,"preset":"Volcano & Ocean","params":{"speed":60,"substeps":1,"cellPx":3,"gdir":0,"grav":1,"ambient":24,"heatRate":0.405,"rxnRate":1,"mobility":0.55,"diffusion":0.5,"firePow":1,"blastPow":1,"mode":0}}]
  PASS  X selects the explode tool  [{"w":319,"h":251,"cells":35985,"activeChunks":121,"avgTemp":115.2,"rxn":0,"step":4088,"paused":false,"fps":60,"mode":"Material","tool":"blast","material":"SOIL","movers":1854,"hot":3591,"preset":"Volcano & Ocean","params":{"speed":60,"substeps":1,"cellPx":3,"gdir":0,"grav":1,"ambient":24,"heatRate":0.405,"rxnRate":1,"mobility":0.55,"diffusion":0.5,"firePow":1,"blastPow":1,"mode":0}}]
  PASS  H opens the help overlay  [{"help":true}]
  PASS  R rebuilds the preset  [{"w":319,"h":251,"cells":35892,"activeChunks":107,"avgTemp":111.27,"rxn":1,"step":4216,"paused":false,"fps":60,"mode":"Material","tool":"blast","material":"SOIL","movers":2148,"hot":3486,"preset":"Volcano & Ocean","params":{"speed":60,"substeps":1,"cellPx":3,"gdir":0,"grav":1,"ambient":24,"heatRate":0.405,"rxnRate":1,"mobility":0.55,"diffusion":0.5,"firePow":1,"blastPow":1,"mode":0}}]

== F. parameter sliders (real keyboard input on the range inputs)
  PASS  gravity slider moved  [{"w":319,"h":251,"cells":36000,"activeChunks":155,"avgTemp":115.66,"rxn":0,"step":4253,"paused":false,"fps":60,"mode":"Material","tool":"blast","material":"SOIL","movers":4860,"hot":3672,"preset":"Volcano & Ocean","params":{"speed":60,"substeps":1,"cellPx":3,"gdir":7,"grav":1,"ambient":24,"heatRate":0.405,"rxnRate":1,"mobility":0.55,"diffusion":0.5,"firePow":1,"blastPow":1,"mode":0}}]
  PASS  ambient slider moved  [{"w":319,"h":251,"cells":36121,"activeChunks":208,"avgTemp":111.99,"rxn":1,"step":4278,"paused":false,"fps":60,"mode":"Material","tool":"blast","material":"SOIL","movers":5880,"hot":3774,"preset":"Volcano & Ocean","params":{"speed":60,"substeps":1,"cellPx":3,"gdir":7,"grav":1,"ambient":-40,"heatRate":0.405,"rxnRate":1,"mobility":0.55,"diffusion":0.5,"firePow":1,"blastPow":1,"mode":0}}]
  PASS  reaction slider moved  [{"w":319,"h":251,"cells":36121,"activeChunks":207,"avgTemp":111.99,"rxn":4,"step":4303,"paused":false,"fps":60,"mode":"Material","tool":"blast","material":"SOIL","movers":5757,"hot":3942,"preset":"Volcano & Ocean","params":{"speed":60,"substeps":1,"cellPx":3,"gdir":7,"grav":1,"ambient":-40,"heatRate":0.405,"rxnRate":2,"mobility":0.55,"diffusion":0.5,"firePow":1,"blastPow":1,"mode":0}}]
  PASS  fire slider moved  [{"w":319,"h":251,"cells":36239,"activeChunks":207,"avgTemp":106.11,"rxn":6,"step":4328,"paused":false,"fps":60,"mode":"Material","tool":"blast","material":"SOIL","movers":5625,"hot":4020,"preset":"Volcano & Ocean","params":{"speed":60,"substeps":1,"cellPx":3,"gdir":7,"grav":1,"ambient":-40,"heatRate":0.405,"rxnRate":2,"mobility":0.55,"diffusion":0.5,"firePow":2.5,"blastPow":1,"mode":0}}]
  grid after resolution change: {"w":191,"h":151,"cells":3351,"activeChunks":44,"avgTemp":-18.36,"rxn":0,"step":4401,"paused":false,"fps":60,"mode":"Material","tool":"blast","material":"SOIL","movers":1737,"hot":0,"preset":"Volcano & Ocean","params":{"speed":60,"substeps":1,"cellPx":5,"gdir":7,"grav":1,"ambient":-40,"heatRate":0.405,"rxnRate":2,"mobility":0.55,"diffusion":0.5,"firePow":2.5,"blastPow":1,"mode":0}}
  PASS  resolution rebuilds the grid  [{"w":191,"h":151,"cells":3351,"activeChunks":44,"avgTemp":-18.36,"rxn":0,"step":4401,"paused":false,"fps":60,"mode":"Material","tool":"blast","material":"SOIL","movers":1737,"hot":0,"preset":"Volcano & Ocean","params":{"speed":60,"substeps":1,"cellPx":5,"gdir":7,"grav":1,"ambient":-40,"heatRate":0.405,"rxnRate":2,"mobility":0.55,"diffusion":0.5,"firePow":2.5,"blastPow":1,"mode":0}}]

== G. persistence + export
  PASS  state encodes  [{"len":47134,"cells":3362,"temp":-14.52}]
  PASS  state file written  [autosaved 29 KiB at step 4610]
  before reload: {"len":47134,"cells":3362,"temp":-14.52}
  after reload:  {"w":319,"h":251,"cells":3452,"activeChunks":61,"avgTemp":16.41,"rxn":0,"step":4730,"paused":false,"fps":60,"mode":"Material","tool":"paint","material":"WATER","movers":5394,"hot":0,"preset":"Volcano & Ocean","params":{"speed":60,"substeps":1,"cellPx":3,"gdir":7,"grav":1,"ambient":18,"heatRate":0.405,"rxnRate":2,"mobility":0.55,"diffusion":0.5,"firePow":2.5,"blastPow":1,"mode":0}}
  PASS  scene survived a reload  [{"w":319,"h":251,"cells":3452,"activeChunks":61,"avgTemp":16.41,"rxn":0,"step":4730,"paused":false,"fps":60,"mode":"Material","tool":"paint","material":"WATER","movers":5394,"hot":0,"preset":"Volcano & Ocean","params":{"speed":60,"substeps":1,"cellPx":3,"gdir":7,"grav":1,"ambient":18,"heatRate":0.405,"rxnRate":2,"mobility":0.55,"diffusion":0.5,"firePow":2.5,"blastPow":1,"mode":0}}]

== H. narrow viewport 390x844 + touch painting
  PASS  tap-drag painted on mobile  [{"EMPTY":31693,"OIL":547}]
  PASS  no horizontal overflow on mobile  [{"h":844,"w":390}]

== I. sustained load (45 s on the dense stress preset)
  PASS  page alive before the soak  [page still alive]
  PASS  page alive after the viewport change  [page still alive]
  after 45 s: {"w":319,"h":251,"cells":24199,"activeChunks":55,"avgTemp":30.4,"rxn":0,"step":7531,"paused":false,"fps":60,"mode":"Material","tool":"paint","material":"OIL","movers":5850,"hot":81,"preset":"Dense Stress Test","params":{"speed":60,"substeps":1,"cellPx":3,"gdir":7,"grav":1,"ambient":30,"heatRate":0.405,"rxnRate":2,"mobility":0.55,"diffusion":0.5,"firePow":2.5,"blastPow":1,"mode":0}}
  PASS  page survived the soak  [page still alive]
  PASS  still above 30 fps under load  [{"w":319,"h":251,"cells":24199,"activeChunks":55,"avgTemp":30.4,"rxn":0,"step":7531,"paused":false,"fps":60,"mode":"Material","tool":"paint","material":"OIL","movers":5850,"hot":81,"preset":"Dense Stress Test","params":{"speed":60,"substeps":1,"cellPx":3,"gdir":7,"grav":1,"ambient":30,"heatRate":0.405,"rxnRate":2,"mobility":0.55,"diffusion":0.5,"firePow":2.5,"blastPow":1,"mode":0}}]
  PASS  no page errors during the whole run  [clean]
